Archive member included to satisfy reference by file (symbol)

C:/devkitPro/libnds/lib\libfat.a(fat_wrappers.o)
                              main.o (fatInitDefault)
C:/devkitPro/libnds/lib\libfat.a(dvm_calico.o)
                              C:/devkitPro/libnds/lib\libfat.a(fat_wrappers.o) (dvmInit)
C:/devkitPro/libnds/lib\libfat.a(dvm_disc.o)
                              C:/devkitPro/libnds/lib\libfat.a(fat_wrappers.o) (dvmDiscCreate)
C:/devkitPro/libnds/lib\libfat.a(dvm_cache.o)
                              C:/devkitPro/libnds/lib\libfat.a(fat_wrappers.o) (dvmDiscCacheCreate)
C:/devkitPro/libnds/lib\libfat.a(dvm_volume.o)
                              C:/devkitPro/libnds/lib\libfat.a(fat_wrappers.o) (dvmMountVolume)
C:/devkitPro/libnds/lib\libfat.a(dvm_prober.o)
                              C:/devkitPro/libnds/lib\libfat.a(dvm_calico.o) (dvmProbeMountDisc)
C:/devkitPro/libnds/lib\libfat.a(fat_driver.o)
                              C:/devkitPro/libnds/lib\libfat.a(dvm_volume.o) (g_vfatFsDriver)
C:/devkitPro/libnds/lib\libfat.a(ff.o)
                              C:/devkitPro/libnds/lib\libfat.a(fat_driver.o) (f_mount)
C:/devkitPro/libnds/lib\libfat.a(ffunicode.o)
                              C:/devkitPro/libnds/lib\libfat.a(ff.o) (ff_uni2oem)
C:/devkitPro/libnds/lib\libnds9.a(console.o)
                              psx_slot2.o (consoleGetDefault)
C:/devkitPro/libnds/lib\libnds9.a(exceptionDefault.o)
                              main.o (defaultExceptionHandler)
C:/devkitPro/libnds/lib\libnds9.a(gurumeditation.o)
                              C:/devkitPro/libnds/lib\libnds9.a(exceptionDefault.o) (guruMeditationDump)
C:/devkitPro/libnds/lib\libnds9.a(keys.o)
                              main.o (scanKeys)
C:/devkitPro/libnds/lib\libnds9.a(sound.o)
                              psx_spu.o (soundPlaySample)
C:/devkitPro/libnds/lib\libnds9.a(system.o)
                              main.o (powerOn)
C:/devkitPro/libnds/lib\libnds9.a(exceptionEntry.o)
                              C:/devkitPro/libnds/lib\libnds9.a(exceptionDefault.o) (__libnds_excpt)
C:/devkitPro/libnds/lib\libnds9.a(default_font.bin.o)
                              C:/devkitPro/libnds/lib\libnds9.a(console.o) (default_font_bin)
C:/devkitPro/libnds/lib\libnds9.a(background.o)
                              C:/devkitPro/libnds/lib\libnds9.a(console.o) (bgState)
C:/devkitPro/libnds/lib\libnds9.a(trig.o)
                              C:/devkitPro/libnds/lib\libnds9.a(background.o) (sinLerp)
C:/devkitPro/calico/lib\libcalico_ds9.a(thread_cold.o)
                              main.o (threadIrqWait)
C:/devkitPro/calico/lib\libcalico_ds9.a(thread_hot.32.o)
                              C:/devkitPro/calico/lib\libcalico_ds9.a(thread_cold.o) (threadSwitchTo)
C:/devkitPro/calico/lib\libcalico_ds9.a(mutex.o)
                              C:/devkitPro/calico/lib\libcalico_ds9.a(thread_cold.o) (threadUpdateDynamicPrio)
C:/devkitPro/calico/lib\libcalico_ds9.a(dietprint.o)
                              C:/devkitPro/libnds/lib\libnds9.a(exceptionDefault.o) (g_dietPrintFn)
C:/devkitPro/calico/lib\libcalico_ds9.a(newlib_syscalls.o)
                              C:/devkitPro/libnds/lib\libfat.a(fat_driver.o) (__errno)
C:/devkitPro/calico/lib\libcalico_ds9.a(arm-copy-fill.32.o)
                              C:/devkitPro/libnds/lib\libfat.a(dvm_calico.o) (armCopyMem32)
C:/devkitPro/calico/lib\libcalico_ds9.a(arm-context.32.o)
                              C:/devkitPro/calico/lib\libcalico_ds9.a(thread_hot.32.o) (armContextSave)
C:/devkitPro/calico/lib\libcalico_ds9.a(arm-shims.32.o)
                              C:/devkitPro/calico/lib\libcalico_ds9.a(thread_cold.o) (armWaitForIrq)
C:/devkitPro/calico/lib\libcalico_ds9.a(startup.crt0.o)
                              C:/devkitPro/libnds/lib\libfat.a(dvm_calico.o) (g_isTwlMode)
C:/devkitPro/calico/lib\libcalico_ds9.a(utils.crt0.o)
                              C:/devkitPro/calico/lib\libcalico_ds9.a(startup.crt0.o) (crt0CopyMem32)
C:/devkitPro/calico/lib\libcalico_ds9.a(pxi.o)
                              C:/devkitPro/calico/lib\libcalico_ds9.a(startup.crt0.o) (_pxiInit)
C:/devkitPro/calico/lib\libcalico_ds9.a(keypad.o)
                              C:/devkitPro/libnds/lib\libnds9.a(keys.o) (keypadGetState)
C:/devkitPro/calico/lib\libcalico_ds9.a(bootstub_arm9.o)
                              (__ds9_bootstub)
C:/devkitPro/calico/lib\libcalico_ds9.a(mpu_setup.crt0.o)
                              C:/devkitPro/calico/lib\libcalico_ds9.a(startup.crt0.o) (crt0SetupMPU)
C:/devkitPro/calico/lib\libcalico_ds9.a(sys_startup.o)
                              C:/devkitPro/calico/lib\libcalico_ds9.a(startup.crt0.o) (systemStartup)
C:/devkitPro/calico/lib\libcalico_ds9.a(excpt_handler.32.o)
                              C:/devkitPro/calico/lib\libcalico_ds9.a(bootstub_arm9.o) (__arm_excpt_rst)
C:/devkitPro/calico/lib\libcalico_ds9.a(pm_arm9.o)
[...]
Memory Configuration

Name             Origin             Length             Attributes
lma9             0x02004000         0x0027c000
lma9i            0x02400000         0x00280000
vectors          0x00000000         0x00000020
itcm             0x01ff8020         0x00007fe0
main             0x02001000         0x00f7f000
dtcm             0x02ff0000         0x00003e80
dldi             0x0380b000         0x00004000
stub             0x0e000000         0x00004000
tls              0x00000000         0x00000400
*default*        0x00000000         0xffffffff

Linker script and memory map

                0x00000000                        __sync_synchronize = __sync_synchronize_none
LOAD C:/devkitPro/devkitARM/bin/../lib/gcc/arm-none-eabi/15.2.0/thumb/crti.o
LOAD C:/devkitPro/devkitARM/bin/../lib/gcc/arm-none-eabi/15.2.0/thumb/crtbegin.o
LOAD main.o
LOAD psx.o
LOAD psx_bios.o
LOAD psx_cdrom.o
LOAD psx_debug.o
LOAD psx_dma.o
LOAD psx_event.o
LOAD psx_exe.o
LOAD psx_gpu.o
LOAD psx_gte.o
LOAD psx_mdec.o
LOAD psx_memctrl.o
LOAD psx_menu.o
LOAD psx_pad.o
LOAD psx_sio.o
LOAD psx_slot2.o
LOAD psx_spu.o
LOAD C:/devkitPro/libnds/lib\libfat.a
LOAD C:/devkitPro/libnds/lib\libnds9.a
LOAD C:/devkitPro/calico/lib\libcalico_ds9.a
START GROUP
LOAD C:/devkitPro/devkitARM/bin/../lib/gcc/arm-none-eabi/15.2.0/thumb\libgcc.a
LOAD C:/devkitPro/devkitARM/bin/../lib/gcc/arm-none-eabi/15.2.0/../../../../arm-none-eabi/lib/thumb\libg.a
LOAD C:/devkitPro/devkitARM/bin/../lib/gcc/arm-none-eabi/15.2.0/../../../../arm-none-eabi/lib/thumb\libc.a
LOAD C:/devkitPro/devkitARM/bin/../lib/gcc/arm-none-eabi/15.2.0/../../../../arm-none-eabi/lib/thumb\libsysbase.a
END GROUP
LOAD C:/devkitPro/devkitARM/bin/../lib/gcc/arm-none-eabi/15.2.0/thumb/crtend.o
LOAD C:/devkitPro/devkitARM/bin/../lib/gcc/arm-none-eabi/15.2.0/thumb/crtn.o
                0x02ff3e80                        PROVIDE (__sp_usr = (ORIGIN (dtcm) + LENGTH (dtcm)))
                0x02ff3f80                        PROVIDE (__sp_irq = (__sp_usr + 0x100))
                0x02ff3fc0                        PROVIDE (__sp_svc = (__sp_irq + 0x40))
                0x02ff3ff8                        PROVIDE (__irq_flags = (__sp_svc + 0x38))
                [!provide]                        PROVIDE (__irq_vector = (__sp_svc + 0x3c))
                [!provide]                        PROVIDE (__arm_excpt_rst = 0xffff0000)
                [!provide]                        PROVIDE (__arm_excpt_und = 0xffff0004)
                0xffff0008                        PROVIDE (__arm_excpt_svc = 0xffff0008)
                [!provide]                        PROVIDE (__arm_excpt_pabt = 0xffff000c)
                [!provide]                        PROVIDE (__arm_excpt_dabt = 0xffff0010)
                [!provide]                        PROVIDE (__arm_excpt_irq = 0xffff0018)
                [!provide]                        PROVIDE (__arm_excpt_fiq = 0xffff001c)
                0x00000000                        PROVIDE (__end__ = 0x0)

.secure         0x0e000000      0x800 load address 0x02004000
                0x0e0007fc                        . = (. + 0x7fc)
 *fill*         0x0e000000      0x7fc 00000000
                0x0e0007fc        0x4 LONG 0x0

.bootstub       0x0e000800      0x198 load address 0x02004800
 *(.bootstub .bootstub.*)
 .bootstub.__ds9_bootstub
                0x0e000800      0x198 C:/devkitPro/calico/lib\libcalico_ds9.a(bootstub_arm9.o)
                0x0e000800                __ds9_bootstub
                0x0e000998                        . = ALIGN (0x4)

.crt0           0x02001000      0x3c0 load address 0x02004998
 *(.crt0 .crt0.*)
 .crt0.__ds9_bootstub_trampoline
                0x02001000       0x60 C:/devkitPro/calico/lib\libcalico_ds9.a(bootstub_arm9.o)
 *.crt0.*(.text .stub .text.* .gnu.linkonce.t.*)
 .text.crt0ProcessLoadList
                0x02001060       0x74 C:/devkitPro/calico/lib\libcalico_ds9.a(startup.crt0.o)
                0x02001060                crt0ProcessLoadList
 .text.crt0Startup
                0x020010d4      0x180 C:/devkitPro/calico/lib\libcalico_ds9.a(startup.crt0.o)
                0x020010d4                crt0Startup
 .text.crt0CopyMem32
                0x02001254       0x4c C:/devkitPro/calico/lib\libcalico_ds9.a(utils.crt0.o)
                0x02001254                crt0CopyMem32
 .text.crt0FillMem32
                0x020012a0       0x58 C:/devkitPro/calico/lib\libcalico_ds9.a(utils.crt0.o)
                0x020012a0                crt0FillMem32
 .text.crt0SetupMPU
                0x020012f8       0xb4 C:/devkitPro/calico/lib\libcalico_ds9.a(mpu_setup.crt0.o)
                0x020012f8                crt0SetupMPU
 *.crt0.*(.glue_7t .glue_7 .vfp11_veneer .v4_bx)
 *.crt0.*(.rodata .rodata.* .gnu.linkonce.r.*)
 *.crt0.*(.rodata1)
                0x020013c0                        . = ALIGN (0x20)
 *fill*         0x020013ac       0x14 ff
                0x02004998                        PROVIDE (__crt0_lma = LOADADDR (.crt0))
                0x02001000                        PROVIDE (__crt0_start = ADDR (.crt0))
                0x020013c0                        PROVIDE (__crt0_end = (ADDR (.crt0) + SIZEOF (.crt0)))
                0x00000001                        ASSERT (((__crt0_end <= LOADADDR (.bootstub)) || (__crt0_start >= (LOADADDR (.bootstub) + SIZEOF (.bootstub)))), Error: crt0 section overlaps initial bootstrap)

.dldi           0x0380b000     0x4000 load address 0x02004d58
 *(.dldi)
 .dldi          0x0380b000     0x4000 C:/devkitPro/calico/lib\libcalico_ds9.a(dldi_stub.o)
                0x0380b000                __dldi_start
                0x02004d58                        PROVIDE (__dldi_lma = SIZEOF (.dldi)?LOADADDR (.dldi):0x0)

.vectors        0x00000000       0x20 load address 0x02008d58
 *(.vectors)
 .vectors       0x00000000       0x20 C:/devkitPro/calico/lib\libcalico_ds9.a(bootstub_arm9.o)

.itcm           0x01ff8020      0x6c8 load address 0x02008d78
 *(.itcm .itcm.*)
 .itcm          0x01ff8020       0x30 C:/devkitPro/calico/lib\libcalico_ds9.a(bootstub_arm9.o)
                0x01ff8038                __excpt_vectors
 *.itcm.*(.text .stub .text.* .gnu.linkonce.t.*)
 *.32.o(.text .stub .text.* .gnu.linkonce.t.*)
 .text.threadSwitchTo
                0x01ff8050       0x7c C:/devkitPro/calico/lib\libcalico_ds9.a(thread_hot.32.o)
                0x01ff8050                threadSwitchTo
 .text.threadBlock
                0x01ff80cc       0xd4 C:/devkitPro/calico/lib\libcalico_ds9.a(thread_hot.32.o)
                0x01ff80cc                threadBlock
 .text.threadUnblockOneByValue
                0x01ff81a0       0xd4 C:/devkitPro/calico/lib\libcalico_ds9.a(thread_hot.32.o)
                0x01ff81a0                threadUnblockOneByValue
 .text.threadUnblockAllByValue
                0x01ff8274      0x138 C:/devkitPro/calico/lib\libcalico_ds9.a(thread_hot.32.o)
                0x01ff8274                threadUnblockAllByValue
 .text.threadUnblockAllByMask
                0x01ff83ac       0xf0 C:/devkitPro/calico/lib\libcalico_ds9.a(thread_hot.32.o)
                0x01ff83ac                threadUnblockAllByMask
 .text.armCopyMem32
                0x01ff849c       0x4c C:/devkitPro/calico/lib\libcalico_ds9.a(arm-copy-fill.32.o)
                0x01ff849c                armCopyMem32
 .text.armContextSave
                0x01ff84e8       0x2c C:/devkitPro/calico/lib\libcalico_ds9.a(arm-context.32.o)
                0x01ff84e8                armContextSave
 .text.armContextLoad
                0x01ff8514       0x20 C:/devkitPro/calico/lib\libcalico_ds9.a(arm-context.32.o)
                0x01ff8514                armContextLoad
                0x01ff8518                armContextLoadFromSvc
 .text.armWaitForIrq
                0x01ff8534        0x8 C:/devkitPro/calico/lib\libcalico_ds9.a(arm-shims.32.o)
                0x01ff8534                armWaitForIrq
 .text.__excpt_entry
                0x01ff853c       0x50 C:/devkitPro/calico/lib\libcalico_ds9.a(excpt_handler.32.o)
                0x01ff853c                __arm_excpt_rst
                0x01ff8540                __arm_excpt_pabt
                0x01ff8544                __arm_excpt_und
                0x01ff8550                __arm_excpt_dabt
 .text.armDrainWriteBuffer
                0x01ff858c        0xc C:/devkitPro/calico/lib\libcalico_ds9.a(arm-cache.32.o)
                0x01ff858c                armDrainWriteBuffer
 .text.armDCacheFlushAll
                0x01ff8598       0x28 C:/devkitPro/calico/lib\libcalico_ds9.a(arm-cache.32.o)
                0x01ff8598                armDCacheFlushAll
 .text.armDCacheFlush
                0x01ff85c0       0x1c C:/devkitPro/calico/lib\libcalico_ds9.a(arm-cache.32.o)
                0x01ff85c0                armDCacheFlush
 .text.armDCacheInvalidate
                0x01ff85dc       0x1c C:/devkitPro/calico/lib\libcalico_ds9.a(arm-cache.32.o)
                0x01ff85dc                armDCacheInvalidate
 .text.armICacheInvalidateAll
                0x01ff85f8        0xc C:/devkitPro/calico/lib\libcalico_ds9.a(arm-cache.32.o)
                0x01ff85f8                armICacheInvalidateAll
 .text.__arm_excpt_irq
                0x01ff8604       0xe4 C:/devkitPro/calico/lib\libcalico_ds9.a(irq_handler.32.o)
                0x01ff8604                __arm_excpt_irq
 *.itcm.*(.glue_7t .glue_7 .vfp11_veneer .v4_bx)
 *.32.o(.glue_7t .glue_7 .vfp11_veneer .v4_bx)
 *.itcm.*(.rodata .rodata.* .gnu.linkonce.r.*)
 *.32.o(.rodata .rodata.* .gnu.linkonce.r.*)
 *.itcm.*(.rodata1)
 *.32.o(.rodata1)
                0x01ff86e8                        . = ALIGN (0x4)
                0x02008d58                        PROVIDE (__itcm_lma = LOADADDR (.vectors))
                0x01ff8000                        PROVIDE (__itcm_start = (ADDR (.itcm) - SIZEOF (.vectors)))
                0x01ff86e8                        PROVIDE (__itcm_end = (ADDR (.itcm) + SIZEOF (.itcm)))
                0x00000001                        ASSERT (((__itcm_lma + SIZEOF (.vectors)) == LOADADDR (.itcm)), Error: gap between vectors and itcm)

.dtcm           0x02ff0000        0x0 load address 0x02009440
 *(.dtcm .dtcm.*)
 *.32.o(.data .data.* .gnu.linkonce.d.*)
 *.32.o(.data1)
                0x02ff0000                        . = ALIGN (0x4)
                [!provide]                        PROVIDE (__dtcm_lma = LOADADDR (.dtcm))
                0x02ff0000                        PROVIDE (__dtcm_start = ADDR (.dtcm))
                0x02ff0000                        PROVIDE (__dtcm_end = (ADDR (.dtcm) + SIZEOF (.dtcm)))

.dtcm.bss       0x02ff0000       0x98 load address 0x02009440
 *(.sbss .sbss.*)
 *.32.o(.dynbss)
 *.32.o(.bss .bss.* .gnu.linkonce.b.*)
 .bss.__irq_table
                0x02ff0000       0x80 C:/devkitPro/calico/lib\libcalico_ds9.a(thread_hot.32.o)
                0x02ff0000                __irq_table
 .bss.__sched_state
                0x02ff0080       0x18 C:/devkitPro/calico/lib\libcalico_ds9.a(thread_hot.32.o)
                0x02ff0080                __sched_state
 *.32.o(COMMON)
                0x02ff0098                        . = ALIGN (0x4)
                [!provide]                        PROVIDE (__dtcm_bss_start = ADDR (.dtcm.bss))
                0x02ff0098                        PROVIDE (__dtcm_bss_end = (ADDR (.dtcm.bss) + SIZEOF (.dtcm.bss)))

.main           0x020013c0    0x28b78 load address 0x02009440
 *(SORT_NONE(.init))
 .init          0x020013c0        0x4 C:/devkitPro/devkitARM/bin/../lib/gcc/arm-none-eabi/15.2.0/thumb/crti.o
                0x020013c0                _init
 .init          0x020013c4        0x8 C:/devkitPro/devkitARM/bin/../lib/gcc/arm-none-eabi/15.2.0/thumb/crtn.o
 EXCLUDE_FILE(*.twl.*) *(.text.unlikely .text.*_unlikely .text.unlikely.*)
 EXCLUDE_FILE(*.twl.*) *(.text.exit .text.exit.*)
 .text.exit     0x020013cc       0x24 C:/devkitPro/devkitARM/bin/../lib/gcc/arm-none-eabi/15.2.0/../../../../arm-none-eabi/lib/thumb\libg.a(libc_a-exit.o)
                0x020013cc                exit
 EXCLUDE_FILE(*.twl.*) *(.text.startup .text.startup.*)
 .text.startup.main
                0x020013f0      0x918 main.o
                0x020013f0                main
 .text.startup._soundEnsureInit
                0x02001d08        0xc C:/devkitPro/libnds/lib\libnds9.a(sound.o)
 EXCLUDE_FILE(*.twl.*) *(.text.hot .text.hot.*)
 EXCLUDE_FILE(*.twl.*) *(.text .iplt .stub .text.* .gnu.linkonce.t.*)
 .text.__do_global_dtors_aux
                0x02001d14       0x2c C:/devkitPro/devkitARM/bin/../lib/gcc/arm-none-eabi/15.2.0/thumb/crtbegin.o
 .text.frame_dummy
                0x02001d40       0x24 C:/devkitPro/devkitARM/bin/../lib/gcc/arm-none-eabi/15.2.0/thumb/crtbegin.o
 .iplt          0x02001d64        0x0 C:/devkitPro/devkitARM/bin/../lib/gcc/arm-none-eabi/15.2.0/thumb/crtbegin.o
 .text.draw_startup_message
                0x02001d64       0x58 main.o
 .text.run_menu_mode
                0x02001dbc      0x130 main.o
 .text.test_save_results.part.0.constprop.0
                0x02001eec      0x160 main.o
 .text.boot_demo.constprop.0
                0x0200204c       0x54 main.o
 .text.read_file.constprop.0
                0x020020a0       0x78 main.o
 .text.draw_state.constprop.0
                0x02002118      0x380 main.o
 .text.psx_flush_write_queue
                0x02002498       0xec psx.o
 .text.psx_icache_lookup.part.0
                0x02002584       0x58 psx.o
 .text.psx_halt
                0x020025dc       0xa0 psx.o
 .text.psx_init_test_mode
                0x0200267c       0x20 psx.o
                0x0200267c                psx_init_test_mode
 .text.psx_use_slot2_ram
                0x0200269c       0x54 psx.o
                0x0200269c                psx_use_slot2_ram
 .text.psx_reset
                0x020026f0      0x16c psx.o
                0x020026f0                psx_reset
 .text.psx_load_demo
                0x0200285c       0x88 psx.o
                0x0200285c                psx_load_demo
 .text.psx_load_bios
                0x020028e4       0x60 psx.o
                0x020028e4                psx_load_bios
 .text.psx_boot_bios
                0x02002944       0xf4 psx.o
                0x02002944                psx_boot_bios
 .text.psx_load_raw_bin
                0x02002a38      0x144 psx.o
                0x02002a38                psx_load_raw_bin
 .text.psx_read32
                0x02002b7c      0x148 psx.o
                0x02002b7c                psx_read32
 .text.psx_write32
                0x02002cc4      0x160 psx.o
                0x02002cc4                psx_write32
 .text.psx_step
                0x02002e24     0x22dc psx.o
                0x02002e24                psx_step
 .text.psx_run  0x02005100       0x2c psx.o
                0x02005100                psx_run
 .text.psx_init_slot2
                0x0200512c       0x74 psx.o
                0x0200512c                psx_init_slot2
 .text.psx_init
                0x020051a0       0xe4 psx.o
                0x020051a0                psx_init
 .text.psx_refresh_ram
                0x02005284       0x6c psx.o
                0x02005284                psx_refresh_ram
 .text.cdrom_exec_command
                0x020052f0      0x2a8 psx_cdrom.o
                0x020052f0                cdrom_exec_command
 .text.cdrom_read8
                0x02005598       0x68 psx_cdrom.o
                0x02005598                cdrom_read8
 .text.cdrom_write8
                0x02005600       0x68 psx_cdrom.o
                0x02005600                cdrom_write8
 .text.debug_log
                0x02005668       0x78 psx_debug.o
                0x02005668                debug_log
 .text.debug_init
                0x020056e0       0x38 psx_debug.o
                0x020056e0                debug_init
 .text.debug_save
                0x02005718       0x44 psx_debug.o
                0x02005718                debug_save
 .text.psx_exe_parse
                0x0200575c       0xe4 psx_exe.o
                0x0200575c                psx_exe_parse
 .text.psx_exe_load
                0x02005840      0x164 psx_exe.o
                0x02005840                psx_exe_load
 .text.gpu_fill_rect_fast
                0x020059a4       0x74 psx_gpu.o
 .text.gpu_fill_triangle
                0x02005a18      0x1dc psx_gpu.o
 .text.gpu_read32
                0x02005bf4        0xc psx_gpu.o
                0x02005bf4                gpu_read32
 .text.gpu_exec_gp0
                0x02005c00      0x6a8 psx_gpu.o
                0x02005c00                gpu_exec_gp0
 .text.gpu_exec_gp1
                0x020062a8      0x1ec psx_gpu.o
                0x020062a8                gpu_exec_gp1
 .text.gpu_write32
                0x02006494       0xa8 psx_gpu.o
                0x02006494                gpu_write32
 .text.gte_read32
                0x0200653c      0x144 psx_gte.o
                0x0200653c                gte_read32
 .text.gte_write32
                0x02006680       0xd0 psx_gte.o
                0x02006680                gte_write32
 .text.memctrl_read32
                0x02006750       0x48 psx_memctrl.o
                0x02006750                memctrl_read32
 .text.memctrl_write32
                0x02006798       0x44 psx_memctrl.o
                0x02006798                memctrl_write32
 .text.menu_init
                0x020067dc       0x30 psx_menu.o
                0x020067dc                menu_init
 .text.menu_scan_games
                0x0200680c      0x300 psx_menu.o
                0x0200680c                menu_scan_games
 .text.menu_navigate
                0x02006b0c       0x34 psx_menu.o
                0x02006b0c                menu_navigate
 .text.menu_get_selected
                0x02006b40       0x24 psx_menu.o
                0x02006b40                menu_get_selected
 .text.menu_draw
                0x02006b64      0x188 psx_menu.o
                0x02006b64                menu_draw
 .text.sio_write8
                0x02006cec       0x9c psx_sio.o
                0x02006cec                sio_write8
 .text.sio_read32
                0x02006d88       0xb8 psx_sio.o
                0x02006d88                sio_read32
 .text.sio_write32
                0x02006e40       0x20 psx_sio.o
                0x02006e40                sio_write32
 .text.supercard_unlock
                0x02006e60       0x30 psx_slot2.o
 .text.m3_unlock
                0x02006e90       0x6c psx_slot2.o
 .text.g6_unlock
                0x02006efc       0x58 psx_slot2.o
 .text.ez_unlock
                0x02006f54       0x54 psx_slot2.o
 .text.none_detect
                0x02006fa8        0x4 psx_slot2.o
 .text.__extram_detect.constprop.0
                0x02006fac      0x134 psx_slot2.o
 .text.supercard_detect
                0x020070e0       0x54 psx_slot2.o
 .text.ez_detect
                0x02007134       0x80 psx_slot2.o
 .text.m3_detect
                0x020071b4       0x68 psx_slot2.o
 .text.g6_detect
                0x0200721c       0x58 psx_slot2.o
 .text.slot2_init
                0x02007274       0x54 psx_slot2.o
                0x02007274                slot2_init
 .text.slot2_get_device
                0x020072c8        0x8 psx_slot2.o
                0x020072c8                slot2_get_device
 .text.slot2_enable_manual
                0x020072d0       0x14 psx_slot2.o
                0x020072d0                slot2_enable_manual
 .text.slot2_get_manual_status
                0x020072e4        0x4 psx_slot2.o
                0x020072e4                slot2_get_manual_status
 .text.slot2_detect
                0x020072e8      0x180 psx_slot2.o
                0x020072e8                slot2_detect
 .text.slot2_get_ram_size
                0x02007468       0x18 psx_slot2.o
                0x02007468                slot2_get_ram_size
 .text.spu_audio_init
                0x02007480       0x80 psx_spu.o
                0x02007480                spu_audio_init
 .text.spu_audio_ready
                0x02007500        0xc psx_spu.o
                0x02007500                spu_audio_ready
 .text.fatInitDefault
                0x0200750c       0x20 C:/devkitPro/libnds/lib\libfat.a(fat_wrappers.o)
                0x0200750c                fatInitDefault
 .text._dvmDiscCalicoDummy
                0x0200752c        0x4 C:/devkitPro/libnds/lib\libfat.a(dvm_calico.o)
 .text._dvmDiscCalicoWriteSectors
                0x02007530        0x8 C:/devkitPro/libnds/lib\libfat.a(dvm_calico.o)
 .text._dvmDiscCalicoReadSectors
                0x02007538        0x8 C:/devkitPro/libnds/lib\libfat.a(dvm_calico.o)
 .text._dvmIsAlignedAccess
                0x02007540       0x30 C:/devkitPro/libnds/lib\libfat.a(dvm_calico.o)
                0x02007540                _dvmIsAlignedAccess
 .text._dvmCacheCopy
                0x02007570       0x14 C:/devkitPro/libnds/lib\libfat.a(dvm_calico.o)
                0x02007570                _dvmCacheCopy
 .text.dvmInit  0x02007584      0x268 C:/devkitPro/libnds/lib\libfat.a(dvm_calico.o)
                0x02007584                dvmInit
 .text.dvmDiscAddUser
                0x020077ec       0x10 C:/devkitPro/libnds/lib\libfat.a(dvm_disc.o)
                0x020077ec                dvmDiscAddUser
 .text.dvmDiscRemoveUser
                0x020077fc       0x24 C:/devkitPro/libnds/lib\libfat.a(dvm_disc.o)
                0x020077fc                dvmDiscRemoveUser
 .text._dvmDiscCacheReadWrite
                0x02007820      0x408 C:/devkitPro/libnds/lib\libfat.a(dvm_cache.o)
 .text._dvmDiscCacheWriteSectors
                0x02007c28       0x58 C:/devkitPro/libnds/lib\libfat.a(dvm_cache.o)
 .text._dvmDiscCacheReadSectors
                0x02007c80       0x58 C:/devkitPro/libnds/lib\libfat.a(dvm_cache.o)
 .text._dvmDiscCacheFlush
                0x02007cd8       0xb0 C:/devkitPro/libnds/lib\libfat.a(dvm_cache.o)
 .text._dvmDiscCacheDestroy
                0x02007d88       0x28 C:/devkitPro/libnds/lib\libfat.a(dvm_cache.o)
 .text.dvmDiscCacheCreate
                0x02007db0      0x1ac C:/devkitPro/libnds/lib\libfat.a(dvm_cache.o)
                0x02007db0                dvmDiscCacheCreate
 .text.dvmMountVolume
                0x02007f5c      0x188 C:/devkitPro/libnds/lib\libfat.a(dvm_volume.o)
                0x02007f5c                dvmMountVolume
 .text._dvmSetAppWorkingDir
                0x020080e4       0x74 C:/devkitPro/libnds/lib\libfat.a(dvm_volume.o)
                0x020080e4                _dvmSetAppWorkingDir
 .text._dvmIdentMbrVbr
                0x02008158      0x1d8 C:/devkitPro/libnds/lib\libfat.a(dvm_prober.o)
 .text.dvmReadPartitionTable
                0x02008330      0x238 C:/devkitPro/libnds/lib\libfat.a(dvm_prober.o)
                0x02008330                dvmReadPartitionTable
 .text.dvmProbeMountDisc
                0x02008568       0xcc C:/devkitPro/libnds/lib\libfat.a(dvm_prober.o)
                0x02008568                dvmProbeMountDisc
 .text._FAT_fstat_r
                0x02008634       0xbc C:/devkitPro/libnds/lib\libfat.a(fat_driver.o)
 .text._FAT_umount
                0x020086f0       0x1c C:/devkitPro/libnds/lib\libfat.a(fat_driver.o)
 .text._FAT_mount
                0x0200870c       0x44 C:/devkitPro/libnds/lib\libfat.a(fat_driver.o)
 .text._FAT_seek_r
                0x02008750      0x13c C:/devkitPro/libnds/lib\libfat.a(fat_driver.o)
 .text._FAT_set_stat
                0x0200888c      0x104 C:/devkitPro/libnds/lib\libfat.a(fat_driver.o)
 .text._FAT_mkdir_r
                0x02008990       0x64 C:/devkitPro/libnds/lib\libfat.a(fat_driver.o)
 .text._FAT_chdir_r
                0x020089f4       0x64 C:/devkitPro/libnds/lib\libfat.a(fat_driver.o)
 .text._FAT_unlink_r
                0x02008a58       0x70 C:/devkitPro/libnds/lib\libfat.a(fat_driver.o)
 .text._FAT_rmdir_r
                0x02008ac8       0x6c C:/devkitPro/libnds/lib\libfat.a(fat_driver.o)
 .text._FAT_diropen_r
                0x02008b34       0x7c C:/devkitPro/libnds/lib\libfat.a(fat_driver.o)
 .text._FAT_fsync_r
                0x02008bb0       0x64 C:/devkitPro/libnds/lib\libfat.a(fat_driver.o)
 .text._FAT_close_r
                0x02008c14       0x64 C:/devkitPro/libnds/lib\libfat.a(fat_driver.o)
 .text._FAT_dirclose_r
                0x02008c78       0x64 C:/devkitPro/libnds/lib\libfat.a(fat_driver.o)
 .text._FAT_dirreset_r
                0x02008cdc       0x6c C:/devkitPro/libnds/lib\libfat.a(fat_driver.o)
 .text._FAT_rename_r
                0x02008d48       0x80 C:/devkitPro/libnds/lib\libfat.a(fat_driver.o)
 .text._FAT_stat_r
                0x02008dc8       0x94 C:/devkitPro/libnds/lib\libfat.a(fat_driver.o)
 .text._FAT_read_r
                0x02008e5c       0x7c C:/devkitPro/libnds/lib\libfat.a(fat_driver.o)
 .text._FAT_write_r
                0x02008ed8       0x7c C:/devkitPro/libnds/lib\libfat.a(fat_driver.o)
 .text._FAT_statvfs_r
                0x02008f54       0xf4 C:/devkitPro/libnds/lib\libfat.a(fat_driver.o)
 .text._FAT_ftruncate_r
                0x02009048      0x190 C:/devkitPro/libnds/lib\libfat.a(fat_driver.o)
 .text._FAT_dirnext_r
                0x020091d8      0x120 C:/devkitPro/libnds/lib\libfat.a(fat_driver.o)
 .text._FAT_open_r
                0x020092f8      0x124 C:/devkitPro/libnds/lib\libfat.a(fat_driver.o)
 .text.get_fattime
                0x0200941c       0x64 C:/devkitPro/libnds/lib\libfat.a(fat_driver.o)
                0x0200941c                get_fattime
 .text.ff_mutex_create
                0x02009480       0x18 C:/devkitPro/libnds/lib\libfat.a(fat_driver.o)
                0x02009480                ff_mutex_create
 .text.ff_mutex_delete
                0x02009498        0x4 C:/devkitPro/libnds/lib\libfat.a(fat_driver.o)
                0x02009498                ff_mutex_delete
 .text.ff_mutex_take
                0x0200949c       0x14 C:/devkitPro/libnds/lib\libfat.a(fat_driver.o)
                0x0200949c                ff_mutex_take
 .text.ff_mutex_give
                0x020094b0        0x8 C:/devkitPro/libnds/lib\libfat.a(fat_driver.o)
                0x020094b0                ff_mutex_give
 .text.disk_initialize
                0x020094b8       0x24 C:/devkitPro/libnds/lib\libfat.a(fat_driver.o)
                0x020094b8                disk_initialize
 .text.disk_status
                0x020094dc       0x24 C:/devkitPro/libnds/lib\libfat.a(fat_driver.o)
                0x020094dc                disk_status
 .text.disk_read
                0x02009500       0x2c C:/devkitPro/libnds/lib\libfat.a(fat_driver.o)
                0x02009500                disk_read
 .text.disk_write
                0x0200952c       0x2c C:/devkitPro/libnds/lib\libfat.a(fat_driver.o)
                0x0200952c                disk_write
 .text.disk_ioctl
                0x02009558       0x38 C:/devkitPro/libnds/lib\libfat.a(fat_driver.o)
                0x02009558                disk_ioctl
 .text.tchar2uni
                0x02009590       0xfc C:/devkitPro/libnds/lib\libfat.a(ff.o)
 .text.sync_window
                0x0200968c       0x90 C:/devkitPro/libnds/lib\libfat.a(ff.o)
 .text.put_utf  0x0200971c      0x130 C:/devkitPro/libnds/lib\libfat.a(ff.o)
 .text.dir_clear
                0x0200984c       0x9c C:/devkitPro/libnds/lib\libfat.a(ff.o)
 .text.get_fileinfo
                0x020098e8      0x28c C:/devkitPro/libnds/lib\libfat.a(ff.o)
 .text.sync_fs  0x02009b74      0x180 C:/devkitPro/libnds/lib\libfat.a(ff.o)
 .text.move_window
                0x02009cf4       0xc4 C:/devkitPro/libnds/lib\libfat.a(ff.o)
 .text.put_fat.part.0
                0x02009db8      0x1dc C:/devkitPro/libnds/lib\libfat.a(ff.o)
 .text.get_fat.isra.0
                0x02009f94      0x160 C:/devkitPro/libnds/lib\libfat.a(ff.o)
 .text.remove_chain
                0x0200a0f4       0xf4 C:/devkitPro/libnds/lib\libfat.a(ff.o)
 .text.create_chain
                0x0200a1e8      0x21c C:/devkitPro/libnds/lib\libfat.a(ff.o)
 .text.dir_next
                0x0200a404      0x170 C:/devkitPro/libnds/lib\libfat.a(ff.o)
 .text.dir_read
                0x0200a574      0x248 C:/devkitPro/libnds/lib\libfat.a(ff.o)
 .text.dir_sdi  0x0200a7bc      0x128 C:/devkitPro/libnds/lib\libfat.a(ff.o)
 .text.dir_alloc
                0x0200a8e4       0xcc C:/devkitPro/libnds/lib\libfat.a(ff.o)
 .text.dir_remove
                0x0200a9b0       0xc4 C:/devkitPro/libnds/lib\libfat.a(ff.o)
 .text.dir_find
                0x0200aa74      0x2f8 C:/devkitPro/libnds/lib\libfat.a(ff.o)
 .text.follow_path
                0x0200ad6c      0x590 C:/devkitPro/libnds/lib\libfat.a(ff.o)
 .text.dir_register
                0x0200b2fc      0x434 C:/devkitPro/libnds/lib\libfat.a(ff.o)
 .text.check_fs
                0x0200b730      0x1ec C:/devkitPro/libnds/lib\libfat.a(ff.o)
 .text.mount_volume.part.0
                0x0200b91c      0x504 C:/devkitPro/libnds/lib\libfat.a(ff.o)
 .text.validate
                0x0200be20       0xbc C:/devkitPro/libnds/lib\libfat.a(ff.o)
 .text.f_mount  0x0200bedc       0x6c C:/devkitPro/libnds/lib\libfat.a(ff.o)
                0x0200bedc                f_mount
 .text.f_umount
                0x0200bf48       0x38 C:/devkitPro/libnds/lib\libfat.a(ff.o)
                0x0200bf48                f_umount
 .text.f_open   0x0200bf80      0x400 C:/devkitPro/libnds/lib\libfat.a(ff.o)
                0x0200bf80                f_open
 .text.f_read   0x0200c380      0x2a4 C:/devkitPro/libnds/lib\libfat.a(ff.o)
                0x0200c380                f_read
 .text.f_write  0x0200c624      0x350 C:/devkitPro/libnds/lib\libfat.a(ff.o)
                0x0200c624                f_write
 .text.f_sync   0x0200c974      0x1a0 C:/devkitPro/libnds/lib\libfat.a(ff.o)
                0x0200c974                f_sync
 .text.f_close  0x0200cb14       0x58 C:/devkitPro/libnds/lib\libfat.a(ff.o)
                0x0200cb14                f_close
 .text.f_chdir  0x0200cb6c       0xf0 C:/devkitPro/libnds/lib\libfat.a(ff.o)
                0x0200cb6c                f_chdir
 .text.f_lseek  0x0200cc5c      0x298 C:/devkitPro/libnds/lib\libfat.a(ff.o)
                0x0200cc5c                f_lseek
 .text.f_opendir
                0x0200cef4      0x12c C:/devkitPro/libnds/lib\libfat.a(ff.o)
                0x0200cef4                f_opendir
 .text.f_closedir
                0x0200d020       0xb0 C:/devkitPro/libnds/lib\libfat.a(ff.o)
                0x0200d020                f_closedir
 .text.f_readdir
                0x0200d0d0       0xd0 C:/devkitPro/libnds/lib\libfat.a(ff.o)
                0x0200d0d0                f_readdir
 .text.f_stat   0x0200d1a0      0x104 C:/devkitPro/libnds/lib\libfat.a(ff.o)
                0x0200d1a0                f_stat
 .text.f_getfree
                0x0200d2a4      0x184 C:/devkitPro/libnds/lib\libfat.a(ff.o)
                0x0200d2a4                f_getfree
 .text.f_truncate
                0x0200d428      0x228 C:/devkitPro/libnds/lib\libfat.a(ff.o)
                0x0200d428                f_truncate
 .text.f_unlink
                0x0200d650      0x1a4 C:/devkitPro/libnds/lib\libfat.a(ff.o)
                0x0200d650                f_unlink
 .text.f_mkdir  0x0200d7f4      0x294 C:/devkitPro/libnds/lib\libfat.a(ff.o)
                0x0200d7f4                f_mkdir
 .text.f_rename
                0x0200da88      0x248 C:/devkitPro/libnds/lib\libfat.a(ff.o)
                0x0200da88                f_rename
 .text.ff_uni2oem
                0x0200dcd0       0x78 C:/devkitPro/libnds/lib\libfat.a(ffunicode.o)
                0x0200dcd0                ff_uni2oem
 .text.ff_oem2uni
                0x0200dd48       0x40 C:/devkitPro/libnds/lib\libfat.a(ffunicode.o)
                0x0200dd48                ff_oem2uni
 .text.ff_wtoupper
                0x0200dd88      0x128 C:/devkitPro/libnds/lib\libfat.a(ffunicode.o)
                0x0200dd88                ff_wtoupper
 .text.newRow   0x0200deb0       0xe8 C:/devkitPro/libnds/lib\libnds9.a(console.o)
 .text.consoleSelect
                0x0200df98       0x10 C:/devkitPro/libnds/lib\libnds9.a(console.o)
                0x0200df98                consoleSelect
 .text.consolePrintChar
                0x0200dfa8       0xe0 C:/devkitPro/libnds/lib\libnds9.a(console.o)
                0x0200dfa8                consolePrintChar
 .text.con_write
                0x0200e088      0x34c C:/devkitPro/libnds/lib\libnds9.a(console.o)
                0x0200e088                con_write
 .text.consoleLoadFont
                0x0200e3d4      0x2e4 C:/devkitPro/libnds/lib\libnds9.a(console.o)
                0x0200e3d4                consoleLoadFont
 .text.consoleInit
                0x0200e6b8      0x170 C:/devkitPro/libnds/lib\libnds9.a(console.o)
                0x0200e6b8                consoleInit
 .text.consoleDemoInit
                0x0200e828       0x40 C:/devkitPro/libnds/lib\libnds9.a(console.o)
                0x0200e828                consoleDemoInit
 .text.consoleClear
                0x0200e868       0x10 C:/devkitPro/libnds/lib\libnds9.a(console.o)
                0x0200e868                consoleClear
 .text.defaultHandler
                0x0200e878       0x6c C:/devkitPro/libnds/lib\libnds9.a(exceptionDefault.o)
 .text.excptPrint
                0x0200e8e4       0x38 C:/devkitPro/libnds/lib\libnds9.a(exceptionDefault.o)
 .text.defaultExceptionHandler
                0x0200e91c       0x20 C:/devkitPro/libnds/lib\libnds9.a(exceptionDefault.o)
                0x0200e91c                defaultExceptionHandler
 .text.ARMShift
                0x0200e93c       0x74 C:/devkitPro/libnds/lib\libnds9.a(gurumeditation.o)
 .text.getExceptionAddress
                0x0200e9b0      0x198 C:/devkitPro/libnds/lib\libnds9.a(gurumeditation.o)
                0x0200e9b0                getExceptionAddress
 .text.guruMeditationDump
                0x0200eb48      0x108 C:/devkitPro/libnds/lib\libnds9.a(gurumeditation.o)
                0x0200eb48                guruMeditationDump
 .text.scanKeys
                0x0200ec50       0x6c C:/devkitPro/libnds/lib\libnds9.a(keys.o)
                0x0200ec50                scanKeys
 .text.keysHeld
                0x0200ecbc        0xc C:/devkitPro/libnds/lib\libnds9.a(keys.o)
                0x0200ecbc                keysHeld
 .text.keysDown
                0x0200ecc8       0x10 C:/devkitPro/libnds/lib\libnds9.a(keys.o)
                0x0200ecc8                keysDown
 .text.soundPlaySample
                0x0200ecd8       0x8c C:/devkitPro/libnds/lib\libnds9.a(sound.o)
                0x0200ecd8                soundPlaySample
 .text.powerOn  0x0200ed64       0x18 C:/devkitPro/libnds/lib\libnds9.a(system.o)
                0x0200ed64                powerOn
 .text.__libnds_excpt
                0x0200ed7c       0xf8 C:/devkitPro/libnds/lib\libnds9.a(exceptionEntry.o)
                0x0200ed7c                __libnds_excpt
 .text.checkIfText
                0x0200ee74       0x6c C:/devkitPro/libnds/lib\libnds9.a(background.o)
                0x0200ee74                checkIfText
 .text.bgUpdate
                0x0200eee0       0xe8 C:/devkitPro/libnds/lib\libnds9.a(background.o)
                0x0200eee0                bgUpdate
 .text.bgInit_call
                0x0200efc8       0xa8 C:/devkitPro/libnds/lib\libnds9.a(background.o)
                0x0200efc8                bgInit_call
 .text.bgInitSub_call
                0x0200f070       0xb0 C:/devkitPro/libnds/lib\libnds9.a(background.o)
                0x0200f070                bgInitSub_call
 .text.sinLutLookup
                0x0200f120       0x4c C:/devkitPro/libnds/lib\libnds9.a(trig.o)
                0x0200f120                sinLutLookup
 .text.sinLerp  0x0200f16c       0x38 C:/devkitPro/libnds/lib\libnds9.a(trig.o)
                0x0200f16c                sinLerp
 .text.cosLerp  0x0200f1a4       0x44 C:/devkitPro/libnds/lib\libnds9.a(trig.o)
                0x0200f1a4                cosLerp
 .text._threadTickTask
                0x0200f1e8       0x10 C:/devkitPro/calico/lib\libcalico_ds9.a(thread_cold.o)
 .text.threadExit
                0x0200f1f8       0xa0 C:/devkitPro/calico/lib\libcalico_ds9.a(thread_cold.o)
                0x0200f1f8                threadExit
 .text._threadInit
                0x0200f298       0x98 C:/devkitPro/calico/lib\libcalico_ds9.a(thread_cold.o)
                0x0200f298                _threadInit
 .text.threadPrepare
                0x0200f330      0x134 C:/devkitPro/calico/lib\libcalico_ds9.a(thread_cold.o)
                0x0200f330                threadPrepare
 .text.threadStart
                0x0200f464       0x94 C:/devkitPro/calico/lib\libcalico_ds9.a(thread_cold.o)
                0x0200f464                threadStart
 .text.threadIrqWait
                0x0200f4f8       0xa4 C:/devkitPro/calico/lib\libcalico_ds9.a(thread_cold.o)
                0x0200f4f8                threadIrqWait
 .text.threadSleepTicks
                0x0200f59c       0x58 C:/devkitPro/calico/lib\libcalico_ds9.a(thread_cold.o)
                0x0200f59c                threadSleepTicks
 .text.threadUpdateDynamicPrio
                0x0200f5f4      0x1d4 C:/devkitPro/calico/lib\libcalico_ds9.a(mutex.o)
                0x0200f5f4                threadUpdateDynamicPrio
 .text.threadRemoveWaiter
                0x0200f7c8      0x148 C:/devkitPro/calico/lib\libcalico_ds9.a(mutex.o)
 .text.mutexLock
                0x0200f910      0x138 C:/devkitPro/calico/lib\libcalico_ds9.a(mutex.o)
                0x0200f910                mutexLock
 .text.mutexUnlock
                0x0200fa48       0xbc C:/devkitPro/calico/lib\libcalico_ds9.a(mutex.o)
                0x0200fa48                mutexUnlock
 .text._dietPrintDefaultFunc
                0x0200fb04        0x4 C:/devkitPro/calico/lib\libcalico_ds9.a(dietprint.o)
 .text._dietOutput
                0x0200fb08       0x3c C:/devkitPro/calico/lib\libcalico_ds9.a(dietprint.o)
 .text._dietPrintDec32
                0x0200fb44      0x110 C:/devkitPro/calico/lib\libcalico_ds9.a(dietprint.o)
 .text._dietPrintHex32
                0x0200fc54      0x170 C:/devkitPro/calico/lib\libcalico_ds9.a(dietprint.o)
 .text.dietPrintV
                0x0200fdc4      0x4b8 C:/devkitPro/calico/lib\libcalico_ds9.a(dietprint.o)
                0x0200fdc4                dietPrintV
 .text.dietPrint
                0x0201027c       0x18 C:/devkitPro/calico/lib\libcalico_ds9.a(dietprint.o)
                0x0201027c                dietPrint
 .text.__syscall_getreent
                0x02010294       0x14 C:/devkitPro/calico/lib\libcalico_ds9.a(newlib_syscalls.o)
                0x02010294                __syscall_getreent
 .text.__errno  0x020102a8       0x24 C:/devkitPro/calico/lib\libcalico_ds9.a(newlib_syscalls.o)
                0x020102a8                __errno
 .text.__syscall_gettod_r
                0x020102cc       0x30 C:/devkitPro/calico/lib\libcalico_ds9.a(newlib_syscalls.o)
                0x020102cc                __syscall_gettod_r
 .text.__syscall_lock_acquire
                0x020102fc        0x4 C:/devkitPro/calico/lib\libcalico_ds9.a(newlib_syscalls.o)
                0x020102fc                __syscall_lock_acquire
 .text.__syscall_lock_release
                0x02010300        0x4 C:/devkitPro/calico/lib\libcalico_ds9.a(newlib_syscalls.o)
                0x02010300                __syscall_lock_release
 .text.__syscall_lock_acquire_recursive
                0x02010304       0x4c C:/devkitPro/calico/lib\libcalico_ds9.a(newlib_syscalls.o)
                0x02010304                __syscall_lock_acquire_recursive
 .text.__syscall_lock_release_recursive
                0x02010350       0x18 C:/devkitPro/calico/lib\libcalico_ds9.a(newlib_syscalls.o)
                0x02010350                __syscall_lock_release_recursive
 .text._pxiMailboxHandler
                0x02010368        0x4 C:/devkitPro/calico/lib\libcalico_ds9.a(pxi.o)
 .text._pxiRecvUnhandled
                0x0201036c        0x4 C:/devkitPro/calico/lib\libcalico_ds9.a(pxi.o)
                0x0201036c                _pxiRecvUnhandled
 .text._pxiRecvIrqHandler
                0x02010370      0x154 C:/devkitPro/calico/lib\libcalico_ds9.a(pxi.o)
 .text._pxiInit
                0x020104c4       0x58 C:/devkitPro/calico/lib\libcalico_ds9.a(pxi.o)
                0x020104c4                _pxiInit
 .text.pxiSetHandler
                0x0201051c       0x74 C:/devkitPro/calico/lib\libcalico_ds9.a(pxi.o)
                0x0201051c                pxiSetHandler
 .text.pxiSetMailbox
                0x02010590       0x68 C:/devkitPro/calico/lib\libcalico_ds9.a(pxi.o)
                0x02010590                pxiSetMailbox
 .text.pxiWaitRemote
                0x020105f8       0x38 C:/devkitPro/calico/lib\libcalico_ds9.a(pxi.o)
                0x020105f8                pxiWaitRemote
 .text.pxiSendPacket
                0x02010630       0x50 C:/devkitPro/calico/lib\libcalico_ds9.a(pxi.o)
                0x02010630                pxiSendPacket
 .text.pxiSendExtPacket
                0x02010680       0x98 C:/devkitPro/calico/lib\libcalico_ds9.a(pxi.o)
                0x02010680                pxiSendExtPacket
 .text.pxiBeginReceive
                0x02010718       0x2c C:/devkitPro/calico/lib\libcalico_ds9.a(pxi.o)
                0x02010718                pxiBeginReceive
 .text.pxiEndReceive
                0x02010744       0xac C:/devkitPro/calico/lib\libcalico_ds9.a(pxi.o)
                0x02010744                pxiEndReceive
 .text.keypadGetState
                0x020107f0       0x28 C:/devkitPro/calico/lib\libcalico_ds9.a(keypad.o)
                0x020107f0                keypadGetState
 .text.systemUserStartup
                0x02010818        0x4 C:/devkitPro/calico/lib\libcalico_ds9.a(sys_startup.o)
                0x02010818                systemUserStartup
 .text.systemStartup
                0x0201081c      0x110 C:/devkitPro/calico/lib\libcalico_ds9.a(sys_startup.o)
                0x0201081c                systemStartup
 .text.touchRead
                0x0201092c       0x58 C:/devkitPro/calico/lib\libcalico_ds9.a(touch.o)
                0x0201092c                touchRead
 .text._soundPxiCheckCredits
                0x02010984       0x70 C:/devkitPro/calico/lib\libcalico_ds9.a(sound.o)
 .text._soundPxiHandler
                0x020109f4       0x3c C:/devkitPro/calico/lib\libcalico_ds9.a(sound.o)
 .text.soundInit
                0x02010a30       0x64 C:/devkitPro/calico/lib\libcalico_ds9.a(sound.o)
                0x02010a30                soundInit
 .text.soundSetPower
                0x02010a94       0x28 C:/devkitPro/calico/lib\libcalico_ds9.a(sound.o)
                0x02010a94                soundSetPower
 .text.soundGetActiveChannels
                0x02010abc       0x58 C:/devkitPro/calico/lib\libcalico_ds9.a(sound.o)
                0x02010abc                soundGetActiveChannels
 .text.soundPreparePcm
                0x02010b14       0xe8 C:/devkitPro/calico/lib\libcalico_ds9.a(sound.o)
                0x02010b14                soundPreparePcm
 .text.micInit  0x02010bfc        0x8 C:/devkitPro/calico/lib\libcalico_ds9.a(mic.o)
                0x02010bfc                micInit
 .text._blkDevReadWriteSectors
                0x02010c04       0x44 C:/devkitPro/calico/lib\libcalico_ds9.a(blk.o)
 .text.blkInit  0x02010c48        0x8 C:/devkitPro/calico/lib\libcalico_ds9.a(blk.o)
                0x02010c48                blkInit
 .text.blkDevIsPresent
                0x02010c50       0x30 C:/devkitPro/calico/lib\libcalico_ds9.a(blk.o)
                0x02010c50                blkDevIsPresent
 .text.blkDevInit
                0x02010c80       0x30 C:/devkitPro/calico/lib\libcalico_ds9.a(blk.o)
                0x02010c80                blkDevInit
 .text.blkDevGetSectorCount
                0x02010cb0       0x34 C:/devkitPro/calico/lib\libcalico_ds9.a(blk.o)
                0x02010cb0                blkDevGetSectorCount
 .text.blkDevReadSectors
                0x02010ce4       0x5c C:/devkitPro/calico/lib\libcalico_ds9.a(blk.o)
                0x02010ce4                blkDevReadSectors
 .text.blkDevWriteSectors
                0x02010d40       0x5c C:/devkitPro/calico/lib\libcalico_ds9.a(blk.o)
                0x02010d40                blkDevWriteSectors
 .text.irqSet   0x02010d9c       0x64 C:/devkitPro/calico/lib\libcalico_ds9.a(irq.o)
                0x02010d9c                irqSet
 .text._tickCountIsr
                0x02010e00       0x1c C:/devkitPro/calico/lib\libcalico_ds9.a(tick.o)
 .text._tickTaskSchedule.part.0.isra.0
                0x02010e1c       0x84 C:/devkitPro/calico/lib\libcalico_ds9.a(tick.o)
 .text.tickInit
                0x02010ea0       0xa0 C:/devkitPro/calico/lib\libcalico_ds9.a(tick.o)
                0x02010ea0                tickInit
 .text.tickGetCount
                0x02010f40       0x5c C:/devkitPro/calico/lib\libcalico_ds9.a(tick.o)
                0x02010f40                tickGetCount
 .text._tickTaskIsr
                0x02010f9c      0x110 C:/devkitPro/calico/lib\libcalico_ds9.a(tick.o)
 .text.tickTaskStart
                0x020110ac      0x144 C:/devkitPro/calico/lib\libcalico_ds9.a(tick.o)
                0x020110ac                tickTaskStart
 .text.mailboxTrySend
                0x020111f0       0x98 C:/devkitPro/calico/lib\libcalico_ds9.a(mailbox.o)
                0x020111f0                mailboxTrySend
 .text.mailboxRecv
                0x02011288       0x98 C:/devkitPro/calico/lib\libcalico_ds9.a(mailbox.o)
                0x02011288                mailboxRecv
 .text._pmCallEventHandlers
                0x02011320       0x40 C:/devkitPro/calico/lib\libcalico_ds9.a(pm.o)
 .text._pmPxiThreadMain
                0x02011360       0x9c C:/devkitPro/calico/lib\libcalico_ds9.a(pm.o)
 .text._pmResetPxiHandler
                0x020113fc       0x28 C:/devkitPro/calico/lib\libcalico_ds9.a(pm.o)
 .text.systemUserExit
                0x02011424        0x4 C:/devkitPro/calico/lib\libcalico_ds9.a(pm.o)
                0x02011424                systemUserExit
 .text.systemErrorExit
                0x02011428        0x4 C:/devkitPro/calico/lib\libcalico_ds9.a(pm.o)
                0x02011428                systemErrorExit
 .text.__syscall_exit
                0x0201142c      0x138 C:/devkitPro/calico/lib\libcalico_ds9.a(pm.o)
                0x0201142c                __syscall_exit
 .text.pmInit   0x02011564       0x58 C:/devkitPro/calico/lib\libcalico_ds9.a(pm.o)
                0x02011564                pmInit
 .text          0x020115bc      0x11c C:/devkitPro/devkitARM/bin/../lib/gcc/arm-none-eabi/15.2.0/thumb\libgcc.a(_udivsi3.o)
                0x020115bc                __aeabi_uidiv
                0x020115bc                __udivsi3
                0x020116b8                __aeabi_uidivmod
 .text          0x020116d8      0x150 C:/devkitPro/devkitARM/bin/../lib/gcc/arm-none-eabi/15.2.0/thumb\libgcc.a(_divsi3.o)
                0x020116d8                __divsi3
                0x020116d8                __aeabi_idiv
                0x02011808                __aeabi_idivmod
 .text          0x02011828        0x4 C:/devkitPro/devkitARM/bin/../lib/gcc/arm-none-eabi/15.2.0/thumb\libgcc.a(_dvmd_tls.o)
                0x02011828                __aeabi_idiv0
                0x02011828                __aeabi_ldiv0
 .text          0x0201182c      0x424 C:/devkitPro/devkitARM/bin/../lib/gcc/arm-none-eabi/15.2.0/thumb\libgcc.a(_arm_addsubdf3.o)
                0x0201182c                __aeabi_drsub
                0x02011834                __aeabi_dsub
                0x02011834                __subdf3
                0x02011838                __aeabi_dadd
                0x02011838                __adddf3
                0x02011b48                __floatunsidf
                0x02011b48                __aeabi_ui2d
                0x02011b6c                __floatsidf
                0x02011b6c                __aeabi_i2d
                0x02011b94                __aeabi_f2d
                0x02011b94                __extendsfdf2
                0x02011bdc                __floatundidf
                0x02011bdc                __aeabi_ul2d
                0x02011bf0                __floatdidf
                0x02011bf0                __aeabi_l2d
 .text          0x02011c50       0x5c C:/devkitPro/devkitARM/bin/../lib/gcc/arm-none-eabi/15.2.0/thumb\libgcc.a(_arm_fixdfsi.o)
                0x02011c50                __aeabi_d2iz
                0x02011c50                __fixdfsi
 .text          0x02011cac      0x2ac C:/devkitPro/devkitARM/bin/../lib/gcc/arm-none-eabi/15.2.0/thumb\libgcc.a(_arm_addsubsf3.o)
                0x02011cac                __aeabi_frsub
                0x02011cb4                __subsf3
                0x02011cb4                __aeabi_fsub
                0x02011cb8                __aeabi_fadd
                0x02011cb8                __addsf3
                0x02011e74                __aeabi_ui2f
                0x02011e74                __floatunsisf
                0x02011e7c                __aeabi_i2f
                0x02011e7c                __floatsisf
                0x02011e9c                __aeabi_ul2f
                0x02011e9c                __floatundisf
                0x02011eac                __aeabi_l2f
                0x02011eac                __floatdisf
 .text          0x02011f58      0x2f8 C:/devkitPro/devkitARM/bin/../lib/gcc/arm-none-eabi/15.2.0/thumb\libgcc.a(_arm_muldivsf3.o)
                0x02011f58                __mulsf3
                0x02011f58                __aeabi_fmul
                0x020120f0                __aeabi_fdiv
                0x020120f0                __divsf3
 .text          0x02012250       0x5c C:/devkitPro/devkitARM/bin/../lib/gcc/arm-none-eabi/15.2.0/thumb\libgcc.a(_arm_fixsfsi.o)
                0x02012250                __aeabi_f2iz
                0x02012250                __fixsfsi
 .text          0x020122ac       0xd4 C:/devkitPro/devkitARM/bin/../lib/gcc/arm-none-eabi/15.2.0/thumb\libgcc.a(_aeabi_ldivmod.o)
                0x020122ac                __aeabi_ldivmod
 .text          0x02012380       0x3c C:/devkitPro/devkitARM/bin/../lib/gcc/arm-none-eabi/15.2.0/thumb\libgcc.a(_aeabi_uldivmod.o)
                0x02012380                __aeabi_uldivmod
 .text.__muldi3
                0x020123bc       0x58 C:/devkitPro/devkitARM/bin/../lib/gcc/arm-none-eabi/15.2.0/thumb\libgcc.a(_muldi3.o)
                0x020123bc                __muldi3
                0x020123bc                __aeabi_lmul
 .text.__udivmoddi4
                0x02012414      0x194 C:/devkitPro/devkitARM/bin/../lib/gcc/arm-none-eabi/15.2.0/thumb\libgcc.a(_udivmoddi4.o)
                0x02012414                __udivmoddi4
 .text          0x020125a8       0x28 C:/devkitPro/devkitARM/bin/../lib/gcc/arm-none-eabi/15.2.0/thumb\libgcc.a(_clzdi2.o)
                0x020125a8                __clzdi2
 .text          0x020125d0       0x48 C:/devkitPro/devkitARM/bin/../lib/gcc/arm-none-eabi/15.2.0/thumb\libgcc.a(_clzsi2.o)
                0x020125d0                __clzsi2
 .text.ftell    0x02012618       0x24 C:/devkitPro/devkitARM/bin/../lib/gcc/arm-none-eabi/15.2.0/../../../../arm-none-eabi/lib/thumb\libg.a(libc_a-ftell.o)
                0x02012618                ftell
 .text.memcpy   0x0201263c       0xac C:/devkitPro/devkitARM/bin/../lib/gcc/arm-none-eabi/15.2.0/../../../../arm-none-eabi/lib/thumb\libg.a(libc_a-memcpy-stub.o)
                0x0201263c                memcpy
 .text.strlen   0x020126e8       0x60 C:/devkitPro/devkitARM/bin/../lib/gcc/arm-none-eabi/15.2.0/../../../../arm-none-eabi/lib/thumb\libg.a(libc_a-strlen.o)
                0x020126e8                strlen
 .text._fread_r
                0x02012748      0x228 C:/devkitPro/devkitARM/bin/../lib/gcc/arm-none-eabi/15.2.0/../../../../arm-none-eabi/lib/thumb\libg.a(libc_a-fread.o)
                0x02012748                _fread_r
 .text.fread    0x02012970       0x24 C:/devkitPro/devkitARM/bin/../lib/gcc/arm-none-eabi/15.2.0/../../../../arm-none-eabi/lib/thumb\libg.a(libc_a-fread.o)
                0x02012970                fread
 .text.fputc    0x02012994       0x5c C:/devkitPro/devkitARM/bin/../lib/gcc/arm-none-eabi/15.2.0/../../../../arm-none-eabi/lib/thumb\libg.a(libc_a-fputc.o)
                0x02012994                fputc
 .text._fopen_r
                0x020129f0       0xb4 C:/devkitPro/devkitARM/bin/../lib/gcc/arm-none-eabi/15.2.0/../../../../arm-none-eabi/lib/thumb\libg.a(libc_a-fopen.o)
                0x020129f0                _fopen_r
 .text.fopen    0x02012aa4       0x18 C:/devkitPro/devkitARM/bin/../lib/gcc/arm-none-eabi/15.2.0/../../../../arm-none-eabi/lib/thumb\libg.a(libc_a-fopen.o)
                0x02012aa4                fopen
 .text._strtoull_l.isra.0
                0x02012abc      0x1c0 C:/devkitPro/devkitARM/bin/../lib/gcc/arm-none-eabi/15.2.0/../../../../arm-none-eabi/lib/thumb\libg.a(libc_a-strtoull.o)
 .text._strtoull_r
                0x02012c7c       0x20 C:/devkitPro/devkitARM/bin/../lib/gcc/arm-none-eabi/15.2.0/../../../../arm-none-eabi/lib/thumb\libg.a(libc_a-strtoull.o)
                0x02012c7c                _strtoull_r
 .text.strcasecmp
                0x02012c9c       0x4c C:/devkitPro/devkitARM/bin/../lib/gcc/arm-none-eabi/15.2.0/../../../../arm-none-eabi/lib/thumb\libg.a(libc_a-strcasecmp.o)
                0x02012c9c                strcasecmp
 .text.snprintf
                0x02012ce8       0x64 C:/devkitPro/devkitARM/bin/../lib/gcc/arm-none-eabi/15.2.0/../../../../arm-none-eabi/lib/thumb\libg.a(libc_a-snprintf.o)
                0x02012ce8                snprintf
 .text._strtoul_l.isra.0
                0x02012d4c      0x150 C:/devkitPro/devkitARM/bin/../lib/gcc/arm-none-eabi/15.2.0/../../../../arm-none-eabi/lib/thumb\libg.a(libc_a-strtoul.o)
 .text._strtoul_r
                0x02012e9c       0x20 C:/devkitPro/devkitARM/bin/../lib/gcc/arm-none-eabi/15.2.0/../../../../arm-none-eabi/lib/thumb\libg.a(libc_a-strtoul.o)
                0x02012e9c                _strtoul_r
 .text.strtoul  0x02012ebc       0x24 C:/devkitPro/devkitARM/bin/../lib/gcc/arm-none-eabi/15.2.0/../../../../arm-none-eabi/lib/thumb\libg.a(libc_a-strtoul.o)
                0x02012ebc                strtoul
 .text._mbrtowc_r
                0x02012ee0       0x9c C:/devkitPro/devkitARM/bin/../lib/gcc/arm-none-eabi/15.2.0/../../../../arm-none-eabi/lib/thumb\libg.a(libc_a-mbrtowc.o)
                0x02012ee0                _mbrtowc_r
 .text.remove   0x02012f7c       0x38 C:/devkitPro/devkitARM/bin/../lib/gcc/arm-none-eabi/15.2.0/../../../../arm-none-eabi/lib/thumb\libg.a(libc_a-remove.o)
                0x02012f7c                remove
 .text.strchr   0x02012fb4       0xbc C:/devkitPro/devkitARM/bin/../lib/gcc/arm-none-eabi/15.2.0/../../../../arm-none-eabi/lib/thumb\libg.a(libc_a-strchr.o)
                0x02012fb4                strchr
 .text.memcmp   0x02013070       0x48 C:/devkitPro/devkitARM/bin/../lib/gcc/arm-none-eabi/15.2.0/../../../../arm-none-eabi/lib/thumb\libg.a(libc_a-memcmp.o)
                0x02013070                memcmp
 .text.calloc   0x020130b8       0x18 C:/devkitPro/devkitARM/bin/../lib/gcc/arm-none-eabi/15.2.0/../../../../arm-none-eabi/lib/thumb\libg.a(libc_a-calloc.o)
                0x020130b8                calloc
 .text.__sccl   0x020130d0       0xb0 C:/devkitPro/devkitARM/bin/../lib/gcc/arm-none-eabi/15.2.0/../../../../arm-none-eabi/lib/thumb\libg.a(libc_a-sccl.o)
                0x020130d0                __sccl
 .text.aligned_alloc
                0x02013180       0x18 C:/devkitPro/devkitARM/bin/../lib/gcc/arm-none-eabi/15.2.0/../../../../arm-none-eabi/lib/thumb\libg.a(libc_a-aligned_alloc.o)
                0x02013180                aligned_alloc
 .text.validate_structure
                0x02013198      0x1f8 C:/devkitPro/devkitARM/bin/../lib/gcc/arm-none-eabi/15.2.0/../../../../arm-none-eabi/lib/thumb\libg.a(libc_a-mktime.o)
 .text.mktime   0x02013390      0x434 C:/devkitPro/devkitARM/bin/../lib/gcc/arm-none-eabi/15.2.0/../../../../arm-none-eabi/lib/thumb\libg.a(libc_a-mktime.o)
                0x02013390                mktime
 .text._memalign_r
                0x020137c4      0x118 C:/devkitPro/devkitARM/bin/../lib/gcc/arm-none-eabi/15.2.0/../../../../arm-none-eabi/lib/thumb\libg.a(libc_a-malignr.o)
                0x020137c4                _memalign_r
 .text.__smakebuf_r
                0x020138dc       0xe0 C:/devkitPro/devkitARM/bin/../lib/gcc/arm-none-eabi/15.2.0/../../../../arm-none-eabi/lib/thumb\libg.a(libc_a-makebuf.o)
                0x020138dc                __smakebuf_r
 .text.__swhatbuf_r
                0x020139bc       0x5c C:/devkitPro/devkitARM/bin/../lib/gcc/arm-none-eabi/15.2.0/../../../../arm-none-eabi/lib/thumb\libg.a(libc_a-makebuf.o)
                0x020139bc                __swhatbuf_r
 .text._strtoll_l.isra.0
                0x02013a18      0x300 C:/devkitPro/devkitARM/bin/../lib/gcc/arm-none-eabi/15.2.0/../../../../arm-none-eabi/lib/thumb\libg.a(libc_a-strtoll.o)
 .text._strtoll_r
                0x02013d18       0x20 C:/devkitPro/devkitARM/bin/../lib/gcc/arm-none-eabi/15.2.0/../../../../arm-none-eabi/lib/thumb\libg.a(libc_a-strtoll.o)
                0x02013d18                _strtoll_r
 .text.strcpy   0x02013d38       0x10 C:/devkitPro/devkitARM/bin/../lib/gcc/arm-none-eabi/15.2.0/../../../../arm-none-eabi/lib/thumb\libg.a(libc_a-strcpy.o)
                0x02013d38                strcpy
 .text.__locale_mb_cur_max
                0x02013d48       0x20 C:/devkitPro/devkitARM/bin/../lib/gcc/arm-none-eabi/15.2.0/../../../../arm-none-eabi/lib/thumb\libg.a(libc_a-locale.o)
                0x02013d48                __locale_mb_cur_max
 .text.memset   0x02013d68       0x8c C:/devkitPro/devkitARM/bin/../lib/gcc/arm-none-eabi/15.2.0/../../../../arm-none-eabi/lib/thumb\libg.a(libc_a-memset.o)
                0x02013d68                memset
 .text._calloc_r
                0x02013df4       0xcc C:/devkitPro/devkitARM/bin/../lib/gcc/arm-none-eabi/15.2.0/../../../../arm-none-eabi/lib/thumb\libg.a(libc_a-callocr.o)
                0x02013df4                _calloc_r
 .text._vsnprintf_r
                0x02013ec0       0x58 C:/devkitPro/devkitARM/bin/../lib/gcc/arm-none-eabi/15.2.0/../../../../arm-none-eabi/lib/thumb\libg.a(libc_a-vsnprintf.o)
                0x02013ec0                _vsnprintf_r
 .text.vsnprintf
                0x02013f18       0x24 C:/devkitPro/devkitARM/bin/../lib/gcc/arm-none-eabi/15.2.0/../../../../arm-none-eabi/lib/thumb\libg.a(libc_a-vsnprintf.o)
                0x02013f18                vsnprintf
 .text._fwrite_r
                0x02013f3c       0x9c C:/devkitPro/devkitARM/bin/../lib/gcc/arm-none-eabi/15.2.0/../../../../arm-none-eabi/lib/thumb\libg.a(libc_a-fwrite.o)
                0x02013f3c                _fwrite_r
 .text.fwrite   0x02013fd8       0x24 C:/devkitPro/devkitARM/bin/../lib/gcc/arm-none-eabi/15.2.0/../../../../arm-none-eabi/lib/thumb\libg.a(libc_a-fwrite.o)
                0x02013fd8                fwrite
 .text.realloc  0x02013ffc       0x18 C:/devkitPro/devkitARM/bin/../lib/gcc/arm-none-eabi/15.2.0/../../../../arm-none-eabi/lib/thumb\libg.a(libc_a-realloc.o)
                0x02013ffc                realloc
 .text.localtime_r
                0x02014014      0x228 C:/devkitPro/devkitARM/bin/../lib/gcc/arm-none-eabi/15.2.0/../../../../arm-none-eabi/lib/thumb\libg.a(libc_a-lcltime_r.o)
                0x02014014                localtime_r
 .text._ftello_r
                0x0201423c      0x124 C:/devkitPro/devkitARM/bin/../lib/gcc/arm-none-eabi/15.2.0/../../../../arm-none-eabi/lib/thumb\libg.a(libc_a-ftello.o)
                0x0201423c                _ftello_r
 .text.__tzcalc_limits
                0x02014360      0x1ac C:/devkitPro/devkitARM/bin/../lib/gcc/arm-none-eabi/15.2.0/../../../../arm-none-eabi/lib/thumb\libg.a(libc_a-tzcalc_limits.o)
                0x02014360                __tzcalc_limits
 .text._putc_r  0x0201450c       0x88 C:/devkitPro/devkitARM/bin/../lib/gcc/arm-none-eabi/15.2.0/../../../../arm-none-eabi/lib/thumb\libg.a(libc_a-putc.o)
                0x0201450c                _putc_r
 .text._malloc_r
                0x02014594      0x550 C:/devkitPro/devkitARM/bin/../lib/gcc/arm-none-eabi/15.2.0/../../../../arm-none-eabi/lib/thumb\libg.a(libc_a-mallocr.o)
                0x02014594                _malloc_r
 .text.__swbuf_r
                0x02014ae4       0x98 C:/devkitPro/devkitARM/bin/../lib/gcc/arm-none-eabi/15.2.0/../../../../arm-none-eabi/lib/thumb\libg.a(libc_a-wbuf.o)
                0x02014ae4                __swbuf_r
 .text          0x02014b7c      0x224 C:/devkitPro/devkitARM/bin/../lib/gcc/arm-none-eabi/15.2.0/../../../../arm-none-eabi/lib/thumb\libg.a(libc_a-strcmp.o)
                0x02014b7c                strcmp
 .text._malloc_trim_r
                0x02014da0       0xac C:/devkitPro/devkitARM/bin/../lib/gcc/arm-none-eabi/15.2.0/../../../../arm-none-eabi/lib/thumb\libg.a(libc_a-freer.o)
                0x02014da0                _malloc_trim_r
 .text._free_r  0x02014e4c      0x1d8 C:/devkitPro/devkitARM/bin/../lib/gcc/arm-none-eabi/15.2.0/../../../../arm-none-eabi/lib/thumb\libg.a(libc_a-freer.o)
                0x02014e4c                _free_r
 .text.setvbuf  0x02015024      0x1ac C:/devkitPro/devkitARM/bin/../lib/gcc/arm-none-eabi/15.2.0/../../../../arm-none-eabi/lib/thumb\libg.a(libc_a-setvbuf.o)
                0x02015024                setvbuf
 .text.get_arg  0x020151d0       0x3e C:/devkitPro/devkitARM/bin/../lib/gcc/arm-none-eabi/15.2.0/../../../../arm-none-eabi/lib/thumb\libg.a(libc_a-svfiscanf.o)
 .text._sungetc_r
                0x0201520e       0x7e C:/devkitPro/devkitARM/bin/../lib/gcc/arm-none-eabi/15.2.0/../../../../arm-none-eabi/lib/thumb\libg.a(libc_a-svfiscanf.o)
                0x0201520e                _sungetc_r
 .text.__ssrefill_r
                0x0201528c       0x42 C:/devkitPro/devkitARM/bin/../lib/gcc/arm-none-eabi/15.2.0/../../../../arm-none-eabi/lib/thumb\libg.a(libc_a-svfiscanf.o)
                0x0201528c                __ssrefill_r
 .text._sfread_r
                0x020152ce       0x88 C:/devkitPro/devkitARM/bin/../lib/gcc/arm-none-eabi/15.2.0/../../../../arm-none-eabi/lib/thumb\libg.a(libc_a-svfiscanf.o)
                0x020152ce                _sfread_r
 *fill*         0x02015356        0x2 ff
 .text.__ssvfiscanf_r
                0x02015358     0x19d8 C:/devkitPro/devkitARM/bin/../lib/gcc/arm-none-eabi/15.2.0/../../../../arm-none-eabi/lib/thumb\libg.a(libc_a-svfiscanf.o)
                0x02015358                __ssvfiscanf_r
 .text.stdio_exit_handler
                0x02016d30       0x20 C:/devkitPro/devkitARM/bin/../lib/gcc/arm-none-eabi/15.2.0/../../../../arm-none-eabi/lib/thumb\libg.a(libc_a-findfp.o)
 .text.cleanup_stdio
                0x02016d50       0x40 C:/devkitPro/devkitARM/bin/../lib/gcc/arm-none-eabi/15.2.0/../../../../arm-none-eabi/lib/thumb\libg.a(libc_a-findfp.o)
 .text.global_stdio_init.part.0
                0x02016d90      0x120 C:/devkitPro/devkitARM/bin/../lib/gcc/arm-none-eabi/15.2.0/../../../../arm-none-eabi/lib/thumb\libg.a(libc_a-findfp.o)
 .text.__sfp    0x02016eb0       0xcc C:/devkitPro/devkitARM/bin/../lib/gcc/arm-none-eabi/15.2.0/../../../../arm-none-eabi/lib/thumb\libg.a(libc_a-findfp.o)
                0x02016eb0                __sfp
 .text.__sinit  0x02016f7c       0x3c C:/devkitPro/devkitARM/bin/../lib/gcc/arm-none-eabi/15.2.0/../../../../arm-none-eabi/lib/thumb\libg.a(libc_a-findfp.o)
                0x02016f7c                __sinit
 .text.__sfp_lock_acquire
                0x02016fb8       0x14 C:/devkitPro/devkitARM/bin/../lib/gcc/arm-none-eabi/15.2.0/../../../../arm-none-eabi/lib/thumb\libg.a(libc_a-findfp.o)
                0x02016fb8                __sfp_lock_acquire
 .text.__sfp_lock_release
                0x02016fcc       0x14 C:/devkitPro/devkitARM/bin/../lib/gcc/arm-none-eabi/15.2.0/../../../../arm-none-eabi/lib/thumb\libg.a(libc_a-findfp.o)
                0x02016fcc                __sfp_lock_release
 .text._strtol_l.part.0
                0x02016fe0      0x25c C:/devkitPro/devkitARM/bin/../lib/gcc/arm-none-eabi/15.2.0/../../../../arm-none-eabi/lib/thumb\libg.a(libc_a-strtol.o)
 .text._strtol_r
                0x0201723c       0x34 C:/devkitPro/devkitARM/bin/../lib/gcc/arm-none-eabi/15.2.0/../../../../arm-none-eabi/lib/thumb\libg.a(libc_a-strtol.o)
                0x0201723c                _strtol_r
 .text.__libc_init_array
                0x02017270       0x54 C:/devkitPro/devkitARM/bin/../lib/gcc/arm-none-eabi/15.2.0/../../../../arm-none-eabi/lib/thumb\libg.a(libc_a-init.o)
                0x02017270                __libc_init_array
 .text.strncpy  0x020172c4       0x68 C:/devkitPro/devkitARM/bin/../lib/gcc/arm-none-eabi/15.2.0/../../../../arm-none-eabi/lib/thumb\libg.a(libc_a-strncpy.o)
                0x020172c4                strncpy
 .text._fseek_r
                0x0201732c       0x14 C:/devkitPro/devkitARM/bin/../lib/gcc/arm-none-eabi/15.2.0/../../../../arm-none-eabi/lib/thumb\libg.a(libc_a-fseek.o)
                0x0201732c                _fseek_r
 .text.fseek    0x02017340       0x24 C:/devkitPro/devkitARM/bin/../lib/gcc/arm-none-eabi/15.2.0/../../../../arm-none-eabi/lib/thumb\libg.a(libc_a-fseek.o)
                0x02017340                fseek
 .text._tzset_unlocked
                0x02017364       0x10 C:/devkitPro/devkitARM/bin/../lib/gcc/arm-none-eabi/15.2.0/../../../../arm-none-eabi/lib/thumb\libg.a(libc_a-tzset.o)
                0x02017364                _tzset_unlocked
 .text.malloc   0x02017374       0x28 C:/devkitPro/devkitARM/bin/../lib/gcc/arm-none-eabi/15.2.0/../../../../arm-none-eabi/lib/thumb\libg.a(libc_a-malloc.o)
                0x02017374                malloc
 .text.free     0x0201739c       0x14 C:/devkitPro/devkitARM/bin/../lib/gcc/arm-none-eabi/15.2.0/../../../../arm-none-eabi/lib/thumb\libg.a(libc_a-malloc.o)
                0x0201739c                free
 .text.memchr   0x020173b0       0x74 C:/devkitPro/devkitARM/bin/../lib/gcc/arm-none-eabi/15.2.0/../../../../arm-none-eabi/lib/thumb\libg.a(libc_a-memchr-stub.o)
                0x020173b0                memchr
 .text.siscanf  0x02017424       0x50 C:/devkitPro/devkitARM/bin/../lib/gcc/arm-none-eabi/15.2.0/../../../../arm-none-eabi/lib/thumb\libg.a(libc_a-siscanf.o)
                0x02017424                siscanf
 .text.strrchr  0x02017474       0x30 C:/devkitPro/devkitARM/bin/../lib/gcc/arm-none-eabi/15.2.0/../../../../arm-none-eabi/lib/thumb\libg.a(libc_a-strrchr.o)
                0x02017474                strrchr
 .text.write    0x020174a4       0x1c C:/devkitPro/devkitARM/bin/../lib/gcc/arm-none-eabi/15.2.0/../../../../arm-none-eabi/lib/thumb\libg.a(libc_a-syswrite.o)
                0x020174a4                write
 .text.__swsetup_r
                0x020174c0       0xd4 C:/devkitPro/devkitARM/bin/../lib/gcc/arm-none-eabi/15.2.0/../../../../arm-none-eabi/lib/thumb\libg.a(libc_a-wsetup.o)
                0x020174c0                __swsetup_r
 .text.__gettzinfo
                0x02017594        0x8 C:/devkitPro/devkitARM/bin/../lib/gcc/arm-none-eabi/15.2.0/../../../../arm-none-eabi/lib/thumb\libg.a(libc_a-gettzinfo.o)
                0x02017594                __gettzinfo
 .text._findenv_r
                0x0201759c       0x94 C:/devkitPro/devkitARM/bin/../lib/gcc/arm-none-eabi/15.2.0/../../../../arm-none-eabi/lib/thumb\libg.a(libc_a-getenv_r.o)
                0x0201759c                _findenv_r
 .text._getenv_r
                0x02017630       0x10 C:/devkitPro/devkitARM/bin/../lib/gcc/arm-none-eabi/15.2.0/../../../../arm-none-eabi/lib/thumb\libg.a(libc_a-getenv_r.o)
                0x02017630                _getenv_r
 .text._localeconv_r
                0x02017640       0x20 C:/devkitPro/devkitARM/bin/../lib/gcc/arm-none-eabi/15.2.0/../../../../arm-none-eabi/lib/thumb\libg.a(libc_a-localeconv.o)
                0x02017640                _localeconv_r
 .text.__sread  0x02017660       0x34 C:/devkitPro/devkitARM/bin/../lib/gcc/arm-none-eabi/15.2.0/../../../../arm-none-eabi/lib/thumb\libg.a(libc_a-stdio.o)
                0x02017660                __sread
 .text.__seofread
                0x02017694        0x4 C:/devkitPro/devkitARM/bin/../lib/gcc/arm-none-eabi/15.2.0/../../../../arm-none-eabi/lib/thumb\libg.a(libc_a-stdio.o)
                0x02017694                __seofread
 .text.__swrite
                0x02017698       0x4c C:/devkitPro/devkitARM/bin/../lib/gcc/arm-none-eabi/15.2.0/../../../../arm-none-eabi/lib/thumb\libg.a(libc_a-stdio.o)
                0x02017698                __swrite
 .text.__sseek  0x020176e4       0x3c C:/devkitPro/devkitARM/bin/../lib/gcc/arm-none-eabi/15.2.0/../../../../arm-none-eabi/lib/thumb\libg.a(libc_a-stdio.o)
                0x020176e4                __sseek
 .text.__sclose
                0x02017720       0x10 C:/devkitPro/devkitARM/bin/../lib/gcc/arm-none-eabi/15.2.0/../../../../arm-none-eabi/lib/thumb\libg.a(libc_a-stdio.o)
                0x02017720                __sclose
 .text.memmove  0x02017730      0x108 C:/devkitPro/devkitARM/bin/../lib/gcc/arm-none-eabi/15.2.0/../../../../arm-none-eabi/lib/thumb\libg.a(libc_a-memmove.o)
                0x02017730                memmove
 .text._realloc_r
                0x02017838      0x344 C:/devkitPro/devkitARM/bin/../lib/gcc/arm-none-eabi/15.2.0/../../../../arm-none-eabi/lib/thumb\libg.a(libc_a-reallocr.o)
                0x02017838                _realloc_r
 .text.iprintf  0x02017b7c       0x28 C:/devkitPro/devkitARM/bin/../lib/gcc/arm-none-eabi/15.2.0/../../../../arm-none-eabi/lib/thumb\libg.a(libc_a-iprintf.o)
                0x02017b7c                iprintf
 .text.__malloc_lock
                0x02017ba4       0x14 C:/devkitPro/devkitARM/bin/../lib/gcc/arm-none-eabi/15.2.0/../../../../arm-none-eabi/lib/thumb\libg.a(libc_a-mlock.o)
                0x02017ba4                __malloc_lock
 .text.__malloc_unlock
                0x02017bb8       0x14 C:/devkitPro/devkitARM/bin/../lib/gcc/arm-none-eabi/15.2.0/../../../../arm-none-eabi/lib/thumb\libg.a(libc_a-mlock.o)
                0x02017bb8                __malloc_unlock
 .text._fseeko_r
                0x02017bcc      0x414 C:/devkitPro/devkitARM/bin/../lib/gcc/arm-none-eabi/15.2.0/../../../../arm-none-eabi/lib/thumb\libg.a(libc_a-fseeko.o)
                0x02017bcc                _fseeko_r
 .text._fclose_r
                0x02017fe0       0xe0 C:/devkitPro/devkitARM/bin/../lib/gcc/arm-none-eabi/15.2.0/../../../../arm-none-eabi/lib/thumb\libg.a(libc_a-fclose.o)
                0x02017fe0                _fclose_r
 .text.fclose   0x020180c0       0x14 C:/devkitPro/devkitARM/bin/../lib/gcc/arm-none-eabi/15.2.0/../../../../arm-none-eabi/lib/thumb\libg.a(libc_a-fclose.o)
                0x020180c0                fclose
 .text.time     0x020180d4       0x38 C:/devkitPro/devkitARM/bin/../lib/gcc/arm-none-eabi/15.2.0/../../../../arm-none-eabi/lib/thumb\libg.a(libc_a-time.o)
                0x020180d4                time
 .text.fprintf  0x0201810c       0x28 C:/devkitPro/devkitARM/bin/../lib/gcc/arm-none-eabi/15.2.0/../../../../arm-none-eabi/lib/thumb\libg.a(libc_a-fprintf.o)
                0x0201810c                fprintf
 .text.__call_exitprocs
                0x02018134        0xc C:/devkitPro/devkitARM/bin/../lib/gcc/arm-none-eabi/15.2.0/../../../../arm-none-eabi/lib/thumb\libg.a(libc_a-exit.o)
                0x02018134                __call_exitprocs
 .text.get_arg  0x02018140      0x404 C:/devkitPro/devkitARM/bin/../lib/gcc/arm-none-eabi/15.2.0/../../../../arm-none-eabi/lib/thumb\libg.a(libc_a-svfprintf.o)
 .text._svfprintf_r
                0x02018544     0x22e0 C:/devkitPro/devkitARM/bin/../lib/gcc/arm-none-eabi/15.2.0/../../../../arm-none-eabi/lib/thumb\libg.a(libc_a-svfprintf.o)
                0x02018544                _svfprintf_r
 .text.__sflags
                0x0201a824       0x98 C:/devkitPro/devkitARM/bin/../lib/gcc/arm-none-eabi/15.2.0/../../../../arm-none-eabi/lib/thumb\libg.a(libc_a-flags.o)
                0x0201a824                __sflags
 .text.__utf8_wctomb
                0x0201a8bc       0xbc C:/devkitPro/devkitARM/bin/../lib/gcc/arm-none-eabi/15.2.0/../../../../arm-none-eabi/lib/thumb\libg.a(libc_a-wctomb_r.o)
                0x0201a8bc                __utf8_wctomb
 .text.__libc_fini_array
                0x0201a978       0x30 C:/devkitPro/devkitARM/bin/../lib/gcc/arm-none-eabi/15.2.0/../../../../arm-none-eabi/lib/thumb\libg.a(libc_a-fini.o)
                0x0201a978                __libc_fini_array
 .text.strnlen  0x0201a9a8       0x20 C:/devkitPro/devkitARM/bin/../lib/gcc/arm-none-eabi/15.2.0/../../../../arm-none-eabi/lib/thumb\libg.a(libc_a-strnlen.o)
                0x0201a9a8                strnlen
 .text.gmtime_r
                0x0201a9c8      0x1b4 C:/devkitPro/devkitARM/bin/../lib/gcc/arm-none-eabi/15.2.0/../../../../arm-none-eabi/lib/thumb\libg.a(libc_a-gmtime_r.o)
                0x0201a9c8                gmtime_r
 .text.get_arg  0x0201ab7c      0x404 C:/devkitPro/devkitARM/bin/../lib/gcc/arm-none-eabi/15.2.0/../../../../arm-none-eabi/lib/thumb\libg.a(libc_a-vfiprintf.o)
 .text._vfiprintf_r
                0x0201af80     0x16d8 C:/devkitPro/devkitARM/bin/../lib/gcc/arm-none-eabi/15.2.0/../../../../arm-none-eabi/lib/thumb\libg.a(libc_a-vfiprintf.o)
                0x0201af80                _vfiprintf_r
 .text.__sbprintf
                0x0201c658       0x7c C:/devkitPro/devkitARM/bin/../lib/gcc/arm-none-eabi/15.2.0/../../../../arm-none-eabi/lib/thumb\libg.a(libc_a-vfiprintf.o)
 .text.strncmp  0x0201c6d4       0x70 C:/devkitPro/devkitARM/bin/../lib/gcc/arm-none-eabi/15.2.0/../../../../arm-none-eabi/lib/thumb\libg.a(libc_a-strncmp.o)
                0x0201c6d4                strncmp
 .text._tzset_unlocked_r
                0x0201c744      0x490 C:/devkitPro/devkitARM/bin/../lib/gcc/arm-none-eabi/15.2.0/../../../../arm-none-eabi/lib/thumb\libg.a(libc_a-tzset_r.o)
                0x0201c744                _tzset_unlocked_r
 .text.lflush   0x0201cbd4       0x24 C:/devkitPro/devkitARM/bin/../lib/gcc/arm-none-eabi/15.2.0/../../../../arm-none-eabi/lib/thumb\libg.a(libc_a-refill.o)
 .text.__srefill_r
                0x0201cbf8      0x108 C:/devkitPro/devkitARM/bin/../lib/gcc/arm-none-eabi/15.2.0/../../../../arm-none-eabi/lib/thumb\libg.a(libc_a-refill.o)
                0x0201cbf8                __srefill_r
 .text.frexp    0x0201cd00       0x74 C:/devkitPro/devkitARM/bin/../lib/gcc/arm-none-eabi/15.2.0/../../../../arm-none-eabi/lib/thumb\libg.a(libm_a-s_frexp.o)
                0x0201cd00                frexp
 .text.__env_lock
                0x0201cd74       0x14 C:/devkitPro/devkitARM/bin/../lib/gcc/arm-none-eabi/15.2.0/../../../../arm-none-eabi/lib/thumb\libg.a(libc_a-envlock.o)
                0x0201cd74                __env_lock
 .text.__env_unlock
                0x0201cd88       0x14 C:/devkitPro/devkitARM/bin/../lib/gcc/arm-none-eabi/15.2.0/../../../../arm-none-eabi/lib/thumb\libg.a(libc_a-envlock.o)
                0x0201cd88                __env_unlock
 .text.__assert_func
                0x0201cd9c       0x40 C:/devkitPro/devkitARM/bin/../lib/gcc/arm-none-eabi/15.2.0/../../../../arm-none-eabi/lib/thumb\libg.a(libc_a-assert.o)
                0x0201cd9c                __assert_func
 .text.iswspace
                0x0201cddc       0x10 C:/devkitPro/devkitARM/bin/../lib/gcc/arm-none-eabi/15.2.0/../../../../arm-none-eabi/lib/thumb\libg.a(libc_a-iswspace.o)
                0x0201cddc                iswspace
 .text._Balloc  0x0201cdec       0x5c C:/devkitPro/devkitARM/bin/../lib/gcc/arm-none-eabi/15.2.0/../../../../arm-none-eabi/lib/thumb\libg.a(libc_a-mprec.o)
                0x0201cdec                _Balloc
 .text._Bfree   0x0201ce48       0x14 C:/devkitPro/devkitARM/bin/../lib/gcc/arm-none-eabi/15.2.0/../../../../arm-none-eabi/lib/thumb\libg.a(libc_a-mprec.o)
                0x0201ce48                _Bfree
 .text.__multadd
                0x0201ce5c       0xa8 C:/devkitPro/devkitARM/bin/../lib/gcc/arm-none-eabi/15.2.0/../../../../arm-none-eabi/lib/thumb\libg.a(libc_a-mprec.o)
                0x0201ce5c                __multadd
 .text.__hi0bits
                0x0201cf04       0x60 C:/devkitPro/devkitARM/bin/../lib/gcc/arm-none-eabi/15.2.0/../../../../arm-none-eabi/lib/thumb\libg.a(libc_a-mprec.o)
                0x0201cf04                __hi0bits
 .text.__lo0bits
                0x0201cf64       0x8c C:/devkitPro/devkitARM/bin/../lib/gcc/arm-none-eabi/15.2.0/../../../../arm-none-eabi/lib/thumb\libg.a(libc_a-mprec.o)
                0x0201cf64                __lo0bits
 .text.__i2b    0x0201cff0       0x64 C:/devkitPro/devkitARM/bin/../lib/gcc/arm-none-eabi/15.2.0/../../../../arm-none-eabi/lib/thumb\libg.a(libc_a-mprec.o)
                0x0201cff0                __i2b
 .text.__multiply
                0x0201d054      0x1b4 C:/devkitPro/devkitARM/bin/../lib/gcc/arm-none-eabi/15.2.0/../../../../arm-none-eabi/lib/thumb\libg.a(libc_a-mprec.o)
                0x0201d054                __multiply
 .text.__pow5mult
                0x0201d208       0xd8 C:/devkitPro/devkitARM/bin/../lib/gcc/arm-none-eabi/15.2.0/../../../../arm-none-eabi/lib/thumb\libg.a(libc_a-mprec.o)
                0x0201d208                __pow5mult
 .text.__lshift
                0x0201d2e0       0xf8 C:/devkitPro/devkitARM/bin/../lib/gcc/arm-none-eabi/15.2.0/../../../../arm-none-eabi/lib/thumb\libg.a(libc_a-mprec.o)
                0x0201d2e0                __lshift
 .text.__mcmp   0x0201d3d8       0x50 C:/devkitPro/devkitARM/bin/../lib/gcc/arm-none-eabi/15.2.0/../../../../arm-none-eabi/lib/thumb\libg.a(libc_a-mprec.o)
                0x0201d3d8                __mcmp
 .text.__mdiff  0x0201d428      0x1a4 C:/devkitPro/devkitARM/bin/../lib/gcc/arm-none-eabi/15.2.0/../../../../arm-none-eabi/lib/thumb\libg.a(libc_a-mprec.o)
                0x0201d428                __mdiff
 .text.__d2b    0x0201d5cc       0xd4 C:/devkitPro/devkitARM/bin/../lib/gcc/arm-none-eabi/15.2.0/../../../../arm-none-eabi/lib/thumb\libg.a(libc_a-mprec.o)
                0x0201d5cc                __d2b
 .text._fwalk_sglue
                0x0201d6a0       0x4c C:/devkitPro/devkitARM/bin/../lib/gcc/arm-none-eabi/15.2.0/../../../../arm-none-eabi/lib/thumb\libg.a(libc_a-fwalk.o)
                0x0201d6a0                _fwalk_sglue
 .text.get_arg  0x0201d6ec      0x404 C:/devkitPro/devkitARM/bin/../lib/gcc/arm-none-eabi/15.2.0/../../../../arm-none-eabi/lib/thumb\libg.a(libc_a-vfprintf.o)
 .text._vfprintf_r
                0x0201daf0     0x2394 C:/devkitPro/devkitARM/bin/../lib/gcc/arm-none-eabi/15.2.0/../../../../arm-none-eabi/lib/thumb\libg.a(libc_a-vfprintf.o)
                0x0201daf0                _vfprintf_r
 .text.__sbprintf
                0x0201fe84       0x7c C:/devkitPro/devkitARM/bin/../lib/gcc/arm-none-eabi/15.2.0/../../../../arm-none-eabi/lib/thumb\libg.a(libc_a-vfprintf.o)
 .text.div      0x0201ff00       0x18 C:/devkitPro/devkitARM/bin/../lib/gcc/arm-none-eabi/15.2.0/../../../../arm-none-eabi/lib/thumb\libg.a(libc_a-div.o)
                0x0201ff00                div
 .text._wcrtomb_r
                0x0201ff18       0x88 C:/devkitPro/devkitARM/bin/../lib/gcc/arm-none-eabi/15.2.0/../../../../arm-none-eabi/lib/thumb\libg.a(libc_a-wcrtomb.o)
                0x0201ff18                _wcrtomb_r
 .text.__submore
                0x0201ffa0       0x7c C:/devkitPro/devkitARM/bin/../lib/gcc/arm-none-eabi/15.2.0/../../../../arm-none-eabi/lib/thumb\libg.a(libc_a-ungetc.o)
                0x0201ffa0                __submore
 .text.__ssprint_r
                0x0202001c       0x60 C:/devkitPro/devkitARM/bin/../lib/gcc/arm-none-eabi/15.2.0/../../../../arm-none-eabi/lib/thumb\libg.a(libc_a-ssprint_r.o)
                0x0202001c                __ssprint_r
 .text.__utf8_mbtowc
                0x0202007c      0x24c C:/devkitPro/devkitARM/bin/../lib/gcc/arm-none-eabi/15.2.0/../../../../arm-none-eabi/lib/thumb\libg.a(libc_a-mbtowc_r.o)
                0x0202007c                __utf8_mbtowc
 .text.fiprintf
                0x020202c8       0x28 C:/devkitPro/devkitARM/bin/../lib/gcc/arm-none-eabi/15.2.0/../../../../arm-none-eabi/lib/thumb\libg.a(libc_a-fiprintf.o)
                0x020202c8                fiprintf
 .text.__sfvwrite_r
                0x020202f0      0x31c C:/devkitPro/devkitARM/bin/../lib/gcc/arm-none-eabi/15.2.0/../../../../arm-none-eabi/lib/thumb\libg.a(libc_a-fvwrite.o)
                0x020202f0                __sfvwrite_r
 .text.__tz_lock
                0x0202060c       0x14 C:/devkitPro/devkitARM/bin/../lib/gcc/arm-none-eabi/15.2.0/../../../../arm-none-eabi/lib/thumb\libg.a(libc_a-tzlock.o)
                0x0202060c                __tz_lock
 .text.__tz_unlock
                0x02020620       0x14 C:/devkitPro/devkitARM/bin/../lib/gcc/arm-none-eabi/15.2.0/../../../../arm-none-eabi/lib/thumb\libg.a(libc_a-tzlock.o)
                0x02020620                __tz_unlock
 .text.abort    0x02020634       0x10 C:/devkitPro/devkitARM/bin/../lib/gcc/arm-none-eabi/15.2.0/../../../../arm-none-eabi/lib/thumb\libg.a(libc_a-abort.o)
                0x02020634                abort
 .text.__sflush_r
                0x02020644      0x180 C:/devkitPro/devkitARM/bin/../lib/gcc/arm-none-eabi/15.2.0/../../../../arm-none-eabi/lib/thumb\libg.a(libc_a-fflush.o)
                0x02020644                __sflush_r
 .text._fflush_r
                0x020207c4       0x70 C:/devkitPro/devkitARM/bin/../lib/gcc/arm-none-eabi/15.2.0/../../../../arm-none-eabi/lib/thumb\libg.a(libc_a-fflush.o)
                0x020207c4                _fflush_r
 .text.__sprint_r
                0x02020834       0x24 C:/devkitPro/devkitARM/bin/../lib/gcc/arm-none-eabi/15.2.0/../../../../arm-none-eabi/lib/thumb\libg.a(libc_a-sprint_r.o)
                0x02020834                __sprint_r
 .text.quorem   0x02020858      0x160 C:/devkitPro/devkitARM/bin/../lib/gcc/arm-none-eabi/15.2.0/../../../../arm-none-eabi/lib/thumb\libg.a(libc_a-dtoa.o)
 .text._dtoa_r  0x020209b8     0x10a0 C:/devkitPro/devkitARM/bin/../lib/gcc/arm-none-eabi/15.2.0/../../../../arm-none-eabi/lib/thumb\libg.a(libc_a-dtoa.o)
                0x020209b8                _dtoa_r
 .text._wcsrtombs_r
                0x02021a58       0x20 C:/devkitPro/devkitARM/bin/../lib/gcc/arm-none-eabi/15.2.0/../../../../arm-none-eabi/lib/thumb\libg.a(libc_a-wcsrtombs.o)
                0x02021a58                _wcsrtombs_r
 .text.iswspace_l
                0x02021a78       0x28 C:/devkitPro/devkitARM/bin/../lib/gcc/arm-none-eabi/15.2.0/../../../../arm-none-eabi/lib/thumb\libg.a(libc_a-iswspace_l.o)
                0x02021a78                iswspace_l
 .text.__ssputs_r
                0x02021aa0       0xd4 C:/devkitPro/devkitARM/bin/../lib/gcc/arm-none-eabi/15.2.0/../../../../arm-none-eabi/lib/thumb\libg.a(libc_a-ssputs_r.o)
                0x02021aa0                __ssputs_r
 .text._wcsnrtombs_l
                0x02021b74      0x120 C:/devkitPro/devkitARM/bin/../lib/gcc/arm-none-eabi/15.2.0/../../../../arm-none-eabi/lib/thumb\libg.a(libc_a-wcsnrtombs.o)
                0x02021b74                _wcsnrtombs_l
 .text._wcsnrtombs_r
                0x02021c94       0x40 C:/devkitPro/devkitARM/bin/../lib/gcc/arm-none-eabi/15.2.0/../../../../arm-none-eabi/lib/thumb\libg.a(libc_a-wcsnrtombs.o)
                0x02021c94                _wcsnrtombs_r
 .text._raise_r
                0x02021cd4       0x60 C:/devkitPro/devkitARM/bin/../lib/gcc/arm-none-eabi/15.2.0/../../../../arm-none-eabi/lib/thumb\libg.a(libc_a-signal.o)
                0x02021cd4                _raise_r
 .text.raise    0x02021d34       0x14 C:/devkitPro/devkitARM/bin/../lib/gcc/arm-none-eabi/15.2.0/../../../../arm-none-eabi/lib/thumb\libg.a(libc_a-signal.o)
                0x02021d34                raise
 .text.category
                0x02021d48       0x5c C:/devkitPro/devkitARM/bin/../lib/gcc/arm-none-eabi/15.2.0/../../../../arm-none-eabi/lib/thumb\libg.a(libc_a-categories.o)
                0x02021d48                category
 .text._exit    0x02021da4       0x14 C:/devkitPro/devkitARM/bin/../lib/gcc/arm-none-eabi/15.2.0/../../../../arm-none-eabi/lib/thumb\libsysbase.a(libsysbase_libsysbase_a-_exit.o)
                0x02021da4                _exit
 .text.chdir    0x02021db8       0xe4 C:/devkitPro/devkitARM/bin/../lib/gcc/arm-none-eabi/15.2.0/../../../../arm-none-eabi/lib/thumb\libsysbase.a(libsysbase_libsysbase_a-chdir.o)
                0x02021db8                chdir
 .text._concatenate_path
                0x02021e9c      0x134 C:/devkitPro/devkitARM/bin/../lib/gcc/arm-none-eabi/15.2.0/../../../../arm-none-eabi/lib/thumb\libsysbase.a(libsysbase_libsysbase_a-concatenate.o)
                0x02021e9c                _concatenate_path
 .text.__dirnext
                0x02021fd0       0x4c C:/devkitPro/devkitARM/bin/../lib/gcc/arm-none-eabi/15.2.0/../../../../arm-none-eabi/lib/thumb\libsysbase.a(libsysbase_libsysbase_a-dirent.o)
 .text.opendir  0x0202201c       0xc0 C:/devkitPro/devkitARM/bin/../lib/gcc/arm-none-eabi/15.2.0/../../../../arm-none-eabi/lib/thumb\libsysbase.a(libsysbase_libsysbase_a-dirent.o)
                0x0202201c                opendir
 .text.closedir
                0x020220dc       0x70 C:/devkitPro/devkitARM/bin/../lib/gcc/arm-none-eabi/15.2.0/../../../../arm-none-eabi/lib/thumb\libsysbase.a(libsysbase_libsysbase_a-dirent.o)
                0x020220dc                closedir
 .text.readdir_r
                0x0202214c       0x8c C:/devkitPro/devkitARM/bin/../lib/gcc/arm-none-eabi/15.2.0/../../../../arm-none-eabi/lib/thumb\libsysbase.a(libsysbase_libsysbase_a-dirent.o)
                0x0202214c                readdir_r
 .text.readdir  0x020221d8       0x28 C:/devkitPro/devkitARM/bin/../lib/gcc/arm-none-eabi/15.2.0/../../../../arm-none-eabi/lib/thumb\libsysbase.a(libsysbase_libsysbase_a-dirent.o)
                0x020221d8                readdir
 .text._fstat_r
                0x02022200       0x5c C:/devkitPro/devkitARM/bin/../lib/gcc/arm-none-eabi/15.2.0/../../../../arm-none-eabi/lib/thumb\libsysbase.a(libsysbase_libsysbase_a-fstat.o)
                0x02022200                _fstat_r
 .text._getpid_r
                0x0202225c        0xc C:/devkitPro/devkitARM/bin/../lib/gcc/arm-none-eabi/15.2.0/../../../../arm-none-eabi/lib/thumb\libsysbase.a(libsysbase_libsysbase_a-getpid.o)
                0x0202225c                _getpid_r
 .text.__getreent
                0x02022268       0x20 C:/devkitPro/devkitARM/bin/../lib/gcc/arm-none-eabi/15.2.0/../../../../arm-none-eabi/lib/thumb\libsysbase.a(libsysbase_libsysbase_a-getreent.o)
                0x02022268                __getreent
 .text._gettimeofday_r
                0x02022288       0x20 C:/devkitPro/devkitARM/bin/../lib/gcc/arm-none-eabi/15.2.0/../../../../arm-none-eabi/lib/thumb\libsysbase.a(libsysbase_libsysbase_a-gettod.o)
                0x02022288                _gettimeofday_r
 .text.__release_handle
                0x020222a8       0x6c C:/devkitPro/devkitARM/bin/../lib/gcc/arm-none-eabi/15.2.0/../../../../arm-none-eabi/lib/thumb\libsysbase.a(libsysbase_libsysbase_a-handle_manager.o)
                0x020222a8                __release_handle
 .text.__alloc_handle
                0x02022314       0x7c C:/devkitPro/devkitARM/bin/../lib/gcc/arm-none-eabi/15.2.0/../../../../arm-none-eabi/lib/thumb\libsysbase.a(libsysbase_libsysbase_a-handle_manager.o)
                0x02022314                __alloc_handle
 .text.__get_handle
                0x02022390       0x34 C:/devkitPro/devkitARM/bin/../lib/gcc/arm-none-eabi/15.2.0/../../../../arm-none-eabi/lib/thumb\libsysbase.a(libsysbase_libsysbase_a-handle_manager.o)
                0x02022390                __get_handle
 .text._close_r
                0x020223c4       0xb0 C:/devkitPro/devkitARM/bin/../lib/gcc/arm-none-eabi/15.2.0/../../../../arm-none-eabi/lib/thumb\libsysbase.a(libsysbase_libsysbase_a-handle_manager.o)
                0x020223c4                _close_r
 .text.null_write
                0x02022474        0x4 C:/devkitPro/devkitARM/bin/../lib/gcc/arm-none-eabi/15.2.0/../../../../arm-none-eabi/lib/thumb\libsysbase.a(libsysbase_libsysbase_a-iosupport.o)
 .text.setDefaultDevice
                0x02022478       0x10 C:/devkitPro/devkitARM/bin/../lib/gcc/arm-none-eabi/15.2.0/../../../../arm-none-eabi/lib/thumb\libsysbase.a(libsysbase_libsysbase_a-iosupport.o)
                0x02022478                setDefaultDevice
 .text.FindDevice
                0x02022488       0x64 C:/devkitPro/devkitARM/bin/../lib/gcc/arm-none-eabi/15.2.0/../../../../arm-none-eabi/lib/thumb\libsysbase.a(libsysbase_libsysbase_a-iosupport.o)
                0x02022488                FindDevice
 .text.AddDevice
                0x020224ec       0x68 C:/devkitPro/devkitARM/bin/../lib/gcc/arm-none-eabi/15.2.0/../../../../arm-none-eabi/lib/thumb\libsysbase.a(libsysbase_libsysbase_a-iosupport.o)
                0x020224ec                AddDevice
 .text.GetDeviceOpTab
                0x02022554       0x20 C:/devkitPro/devkitARM/bin/../lib/gcc/arm-none-eabi/15.2.0/../../../../arm-none-eabi/lib/thumb\libsysbase.a(libsysbase_libsysbase_a-iosupport.o)
                0x02022554                GetDeviceOpTab
 .text._isatty_r
                0x02022574        0x4 C:/devkitPro/devkitARM/bin/../lib/gcc/arm-none-eabi/15.2.0/../../../../arm-none-eabi/lib/thumb\libsysbase.a(libsysbase_libsysbase_a-isatty.o)
                0x02022574                _isatty_r
 .text._kill_r  0x02022578        0xc C:/devkitPro/devkitARM/bin/../lib/gcc/arm-none-eabi/15.2.0/../../../../arm-none-eabi/lib/thumb\libsysbase.a(libsysbase_libsysbase_a-kill.o)
                0x02022578                _kill_r
 .text._lseek_r
                0x02022584       0x64 C:/devkitPro/devkitARM/bin/../lib/gcc/arm-none-eabi/15.2.0/../../../../arm-none-eabi/lib/thumb\libsysbase.a(libsysbase_libsysbase_a-lseek.o)
                0x02022584                _lseek_r
 .text._open_r  0x020225e8       0x8c C:/devkitPro/devkitARM/bin/../lib/gcc/arm-none-eabi/15.2.0/../../../../arm-none-eabi/lib/thumb\libsysbase.a(libsysbase_libsysbase_a-open.o)
                0x020225e8                _open_r
 .text._read_r  0x02022674       0x5c C:/devkitPro/devkitARM/bin/../lib/gcc/arm-none-eabi/15.2.0/../../../../arm-none-eabi/lib/thumb\libsysbase.a(libsysbase_libsysbase_a-read.o)
                0x02022674                _read_r
 .text._rmdir_r
                0x020226d0       0x50 C:/devkitPro/devkitARM/bin/../lib/gcc/arm-none-eabi/15.2.0/../../../../arm-none-eabi/lib/thumb\libsysbase.a(libsysbase_libsysbase_a-rmdir.o)
                0x020226d0                _rmdir_r
 .text._sbrk_r  0x02022720       0x50 C:/devkitPro/devkitARM/bin/../lib/gcc/arm-none-eabi/15.2.0/../../../../arm-none-eabi/lib/thumb\libsysbase.a(libsysbase_libsysbase_a-sbrk.o)
                0x02022720                _sbrk_r
 .text.__libc_lock_acquire
                0x02022770       0x18 C:/devkitPro/devkitARM/bin/../lib/gcc/arm-none-eabi/15.2.0/../../../../arm-none-eabi/lib/thumb\libsysbase.a(libsysbase_libsysbase_a-syscall_support.o)
                0x02022770                __libc_lock_acquire
 .text.__libc_lock_release
                0x02022788       0x18 C:/devkitPro/devkitARM/bin/../lib/gcc/arm-none-eabi/15.2.0/../../../../arm-none-eabi/lib/thumb\libsysbase.a(libsysbase_libsysbase_a-syscall_support.o)
                0x02022788                __libc_lock_release
 .text.__libc_lock_acquire_recursive
                0x020227a0       0x18 C:/devkitPro/devkitARM/bin/../lib/gcc/arm-none-eabi/15.2.0/../../../../arm-none-eabi/lib/thumb\libsysbase.a(libsysbase_libsysbase_a-syscall_support.o)
                0x020227a0                __libc_lock_acquire_recursive
 .text.__libc_lock_release_recursive
                0x020227b8       0x18 C:/devkitPro/devkitARM/bin/../lib/gcc/arm-none-eabi/15.2.0/../../../../arm-none-eabi/lib/thumb\libsysbase.a(libsysbase_libsysbase_a-syscall_support.o)
                0x020227b8                __libc_lock_release_recursive
 .text._unlink_r
                0x020227d0       0x50 C:/devkitPro/devkitARM/bin/../lib/gcc/arm-none-eabi/15.2.0/../../../../arm-none-eabi/lib/thumb\libsysbase.a(libsysbase_libsysbase_a-unlink.o)
                0x020227d0                _unlink_r
 .text._write_r
                0x02022820       0x5c C:/devkitPro/devkitARM/bin/../lib/gcc/arm-none-eabi/15.2.0/../../../../arm-none-eabi/lib/thumb\libsysbase.a(libsysbase_libsysbase_a-write.o)
                0x02022820                _write_r
 .text          0x0202287c       0x14 C:/devkitPro/devkitARM/bin/../lib/gcc/arm-none-eabi/15.2.0/thumb\libgcc.a(_thumb1_case_uqi.o)
                0x0202287c                __gnu_thumb1_case_uqi
 .text          0x02022890       0x14 C:/devkitPro/devkitARM/bin/../lib/gcc/arm-none-eabi/15.2.0/thumb\libgcc.a(_thumb1_case_uhi.o)
                0x02022890                __gnu_thumb1_case_uhi
 .text          0x020228a4      0x49c C:/devkitPro/devkitARM/bin/../lib/gcc/arm-none-eabi/15.2.0/thumb\libgcc.a(_arm_muldivdf3.o)
                0x020228a4                __aeabi_dmul
                0x020228a4                __muldf3
                0x02022b34                __divdf3
                0x02022b34                __aeabi_ddiv
 .text          0x02022d40      0x144 C:/devkitPro/devkitARM/bin/../lib/gcc/arm-none-eabi/15.2.0/thumb\libgcc.a(_arm_cmpdf2.o)
                0x02022d40                __gtdf2
                0x02022d40                __gedf2
                0x02022d48                __ltdf2
                0x02022d48                __ledf2
                0x02022d50                __nedf2
                0x02022d50                __eqdf2
                0x02022d50                __cmpdf2