Archive member included to satisfy reference by file (symbol)

C:/devkitPro/libnds/lib\libfat.a(fat_wrappers.o)
                              main.o (fatInitDefault)
C:/devkitPro/libnds/lib\libfat.a(dvm_calico.o)
                              C:/devkitPro/libnds/lib\libfat.a(fat_wrappers.o) (dvmInit)
C:/devkitPro/libnds/lib\libfat.a(dvm_disc.o)
                              C:/devkitPro/libnds/lib\libfat.a(fat_wrappers.o) (dvmDiscCreate)
C:/devkitPro/libnds/lib\libfat.a(dvm_cache.o)
                              C:/devkitPro/libnds/lib\libfat.a(fat_wrappers.o) (dvmDiscCacheCreate)
C:/devkitPro/libnds/lib\libfat.a(dvm_volume.o)
                              C:/devkitPro/libnds/lib\libfat.a(fat_wrappers.o) (dvmMountVolume)
C:/devkitPro/libnds/lib\libfat.a(dvm_prober.o)
                              C:/devkitPro/libnds/lib\libfat.a(dvm_calico.o) (dvmProbeMountDisc)
C:/devkitPro/libnds/lib\libfat.a(fat_driver.o)
                              C:/devkitPro/libnds/lib\libfat.a(dvm_volume.o) (g_vfatFsDriver)
C:/devkitPro/libnds/lib\libfat.a(ff.o)
                              C:/devkitPro/libnds/lib\libfat.a(fat_driver.o) (f_mount)
C:/devkitPro/libnds/lib\libfat.a(ffunicode.o)
                              C:/devkitPro/libnds/lib\libfat.a(ff.o) (ff_uni2oem)
C:/devkitPro/libnds/lib\libnds9.a(console.o)
                              main.o (consoleSelect)
C:/devkitPro/libnds/lib\libnds9.a(exceptionDefault.o)
                              main.o (defaultExceptionHandler)
C:/devkitPro/libnds/lib\libnds9.a(gurumeditation.o)
                              C:/devkitPro/libnds/lib\libnds9.a(exceptionDefault.o) (guruMeditationDump)
C:/devkitPro/libnds/lib\libnds9.a(keys.o)
                              main.o (scanKeys)
C:/devkitPro/libnds/lib\libnds9.a(system.o)
                              main.o (powerOn)
C:/devkitPro/libnds/lib\libnds9.a(exceptionEntry.o)
                              C:/devkitPro/libnds/lib\libnds9.a(exceptionDefault.o) (__libnds_excpt)
C:/devkitPro/libnds/lib\libnds9.a(default_font.bin.o)
                              C:/devkitPro/libnds/lib\libnds9.a(console.o) (default_font_bin)
C:/devkitPro/libnds/lib\libnds9.a(background.o)
                              C:/devkitPro/libnds/lib\libnds9.a(console.o) (bgState)
C:/devkitPro/libnds/lib\libnds9.a(trig.o)
                              C:/devkitPro/libnds/lib\libnds9.a(background.o) (sinLerp)
C:/devkitPro/calico/lib\libcalico_ds9.a(thread_cold.o)
                              main.o (threadIrqWait)
C:/devkitPro/calico/lib\libcalico_ds9.a(thread_hot.32.o)
                              C:/devkitPro/calico/lib\libcalico_ds9.a(thread_cold.o) (threadSwitchTo)
C:/devkitPro/calico/lib\libcalico_ds9.a(mutex.o)
                              C:/devkitPro/calico/lib\libcalico_ds9.a(thread_cold.o) (threadUpdateDynamicPrio)
C:/devkitPro/calico/lib\libcalico_ds9.a(dietprint.o)
                              C:/devkitPro/libnds/lib\libnds9.a(exceptionDefault.o) (g_dietPrintFn)
C:/devkitPro/calico/lib\libcalico_ds9.a(newlib_syscalls.o)
                              C:/devkitPro/libnds/lib\libfat.a(fat_driver.o) (__errno)
C:/devkitPro/calico/lib\libcalico_ds9.a(arm-copy-fill.32.o)
                              C:/devkitPro/libnds/lib\libfat.a(dvm_calico.o) (armCopyMem32)
C:/devkitPro/calico/lib\libcalico_ds9.a(arm-context.32.o)
                              C:/devkitPro/calico/lib\libcalico_ds9.a(thread_hot.32.o) (armContextSave)
C:/devkitPro/calico/lib\libcalico_ds9.a(arm-shims.32.o)
                              C:/devkitPro/calico/lib\libcalico_ds9.a(thread_cold.o) (armWaitForIrq)
C:/devkitPro/calico/lib\libcalico_ds9.a(startup.crt0.o)
                              C:/devkitPro/libnds/lib\libfat.a(dvm_calico.o) (g_isTwlMode)
C:/devkitPro/calico/lib\libcalico_ds9.a(utils.crt0.o)
                              C:/devkitPro/calico/lib\libcalico_ds9.a(startup.crt0.o) (crt0CopyMem32)
C:/devkitPro/calico/lib\libcalico_ds9.a(pxi.o)
                              C:/devkitPro/calico/lib\libcalico_ds9.a(startup.crt0.o) (_pxiInit)
C:/devkitPro/calico/lib\libcalico_ds9.a(keypad.o)
                              C:/devkitPro/libnds/lib\libnds9.a(keys.o) (keypadGetState)
C:/devkitPro/calico/lib\libcalico_ds9.a(bootstub_arm9.o)
                              (__ds9_bootstub)
C:/devkitPro/calico/lib\libcalico_ds9.a(mpu_setup.crt0.o)
                              C:/devkitPro/calico/lib\libcalico_ds9.a(startup.crt0.o) (crt0SetupMPU)
C:/devkitPro/calico/lib\libcalico_ds9.a(sys_startup.o)
                              C:/devkitPro/calico/lib\libcalico_ds9.a(startup.crt0.o) (systemStartup)
C:/devkitPro/calico/lib\libcalico_ds9.a(excpt_handler.32.o)
                              C:/devkitPro/calico/lib\libcalico_ds9.a(bootstub_arm9.o) (__arm_excpt_rst)
C:/devkitPro/calico/lib\libcalico_ds9.a(touch.o)
                              C:/devkitPro/libnds/lib\libnds9.a(keys.o) (touchRead)
[...]
Memory Configuration

Name             Origin             Length             Attributes
lma9             0x02004000         0x0027c000
lma9i            0x02400000         0x00280000
vectors          0x00000000         0x00000020
itcm             0x01ff8020         0x00007fe0
main             0x02001000         0x00f7f000
dtcm             0x02ff0000         0x00003e80
dldi             0x0380b000         0x00004000
stub             0x0e000000         0x00004000
tls              0x00000000         0x00000400
*default*        0x00000000         0xffffffff

Linker script and memory map

                0x00000000                        __sync_synchronize = __sync_synchronize_none
LOAD C:/devkitPro/devkitARM/bin/../lib/gcc/arm-none-eabi/15.2.0/thumb/crti.o
LOAD C:/devkitPro/devkitARM/bin/../lib/gcc/arm-none-eabi/15.2.0/thumb/crtbegin.o
LOAD main.o
LOAD psx.o
LOAD psx_cdrom.o
LOAD psx_debug.o
LOAD psx_dma.o
LOAD psx_exe.o
LOAD psx_gpu.o
LOAD psx_menu.o
LOAD psx_slot2.o
LOAD psx_spu.o
LOAD C:/devkitPro/libnds/lib\libfat.a
LOAD C:/devkitPro/libnds/lib\libnds9.a
LOAD C:/devkitPro/calico/lib\libcalico_ds9.a
START GROUP
LOAD C:/devkitPro/devkitARM/bin/../lib/gcc/arm-none-eabi/15.2.0/thumb\libgcc.a
LOAD C:/devkitPro/devkitARM/bin/../lib/gcc/arm-none-eabi/15.2.0/../../../../arm-none-eabi/lib/thumb\libg.a
LOAD C:/devkitPro/devkitARM/bin/../lib/gcc/arm-none-eabi/15.2.0/../../../../arm-none-eabi/lib/thumb\libc.a
LOAD C:/devkitPro/devkitARM/bin/../lib/gcc/arm-none-eabi/15.2.0/../../../../arm-none-eabi/lib/thumb\libsysbase.a
END GROUP
LOAD C:/devkitPro/devkitARM/bin/../lib/gcc/arm-none-eabi/15.2.0/thumb/crtend.o
LOAD C:/devkitPro/devkitARM/bin/../lib/gcc/arm-none-eabi/15.2.0/thumb/crtn.o
                0x02ff3e80                        PROVIDE (__sp_usr = (ORIGIN (dtcm) + LENGTH (dtcm)))
                0x02ff3f80                        PROVIDE (__sp_irq = (__sp_usr + 0x100))
                0x02ff3fc0                        PROVIDE (__sp_svc = (__sp_irq + 0x40))
                0x02ff3ff8                        PROVIDE (__irq_flags = (__sp_svc + 0x38))
                [!provide]                        PROVIDE (__irq_vector = (__sp_svc + 0x3c))
                [!provide]                        PROVIDE (__arm_excpt_rst = 0xffff0000)
                [!provide]                        PROVIDE (__arm_excpt_und = 0xffff0004)
                0xffff0008                        PROVIDE (__arm_excpt_svc = 0xffff0008)
                [!provide]                        PROVIDE (__arm_excpt_pabt = 0xffff000c)
                [!provide]                        PROVIDE (__arm_excpt_dabt = 0xffff0010)
                [!provide]                        PROVIDE (__arm_excpt_irq = 0xffff0018)
                [!provide]                        PROVIDE (__arm_excpt_fiq = 0xffff001c)
                0x00000000                        PROVIDE (__end__ = 0x0)

.secure         0x0e000000      0x800 load address 0x02004000
                0x0e0007fc                        . = (. + 0x7fc)
 *fill*         0x0e000000      0x7fc 00000000
                0x0e0007fc        0x4 LONG 0x0

.bootstub       0x0e000800      0x198 load address 0x02004800
 *(.bootstub .bootstub.*)
 .bootstub.__ds9_bootstub
                0x0e000800      0x198 C:/devkitPro/calico/lib\libcalico_ds9.a(bootstub_arm9.o)
                0x0e000800                __ds9_bootstub
                0x0e000998                        . = ALIGN (0x4)

.crt0           0x02001000      0x3c0 load address 0x02004998
 *(.crt0 .crt0.*)
 .crt0.__ds9_bootstub_trampoline
                0x02001000       0x60 C:/devkitPro/calico/lib\libcalico_ds9.a(bootstub_arm9.o)
 *.crt0.*(.text .stub .text.* .gnu.linkonce.t.*)
 .text.crt0ProcessLoadList
                0x02001060       0x74 C:/devkitPro/calico/lib\libcalico_ds9.a(startup.crt0.o)
                0x02001060                crt0ProcessLoadList
 .text.crt0Startup
                0x020010d4      0x180 C:/devkitPro/calico/lib\libcalico_ds9.a(startup.crt0.o)
                0x020010d4                crt0Startup
 .text.crt0CopyMem32
                0x02001254       0x4c C:/devkitPro/calico/lib\libcalico_ds9.a(utils.crt0.o)
                0x02001254                crt0CopyMem32
 .text.crt0FillMem32
                0x020012a0       0x58 C:/devkitPro/calico/lib\libcalico_ds9.a(utils.crt0.o)
                0x020012a0                crt0FillMem32
 .text.crt0SetupMPU
                0x020012f8       0xb4 C:/devkitPro/calico/lib\libcalico_ds9.a(mpu_setup.crt0.o)
                0x020012f8                crt0SetupMPU
 *.crt0.*(.glue_7t .glue_7 .vfp11_veneer .v4_bx)
 *.crt0.*(.rodata .rodata.* .gnu.linkonce.r.*)
 *.crt0.*(.rodata1)
                0x020013c0                        . = ALIGN (0x20)
 *fill*         0x020013ac       0x14 ff
                0x02004998                        PROVIDE (__crt0_lma = LOADADDR (.crt0))
                0x02001000                        PROVIDE (__crt0_start = ADDR (.crt0))
                0x020013c0                        PROVIDE (__crt0_end = (ADDR (.crt0) + SIZEOF (.crt0)))
                0x00000001                        ASSERT (((__crt0_end <= LOADADDR (.bootstub)) || (__crt0_start >= (LOADADDR (.bootstub) + SIZEOF (.bootstub)))), Error: crt0 section overlaps initial bootstrap)

.dldi           0x0380b000     0x4000 load address 0x02004d58
 *(.dldi)
 .dldi          0x0380b000     0x4000 C:/devkitPro/calico/lib\libcalico_ds9.a(dldi_stub.o)
                0x0380b000                __dldi_start
                0x02004d58                        PROVIDE (__dldi_lma = SIZEOF (.dldi)?LOADADDR (.dldi):0x0)

.vectors        0x00000000       0x20 load address 0x02008d58
 *(.vectors)
 .vectors       0x00000000       0x20 C:/devkitPro/calico/lib\libcalico_ds9.a(bootstub_arm9.o)

.itcm           0x01ff8020      0x6c8 load address 0x02008d78
 *(.itcm .itcm.*)
 .itcm          0x01ff8020       0x30 C:/devkitPro/calico/lib\libcalico_ds9.a(bootstub_arm9.o)
                0x01ff8038                __excpt_vectors
 *.itcm.*(.text .stub .text.* .gnu.linkonce.t.*)
 *.32.o(.text .stub .text.* .gnu.linkonce.t.*)
 .text.threadSwitchTo
                0x01ff8050       0x7c C:/devkitPro/calico/lib\libcalico_ds9.a(thread_hot.32.o)
                0x01ff8050                threadSwitchTo
 .text.threadBlock
                0x01ff80cc       0xd4 C:/devkitPro/calico/lib\libcalico_ds9.a(thread_hot.32.o)
                0x01ff80cc                threadBlock
 .text.threadUnblockOneByValue
                0x01ff81a0       0xd4 C:/devkitPro/calico/lib\libcalico_ds9.a(thread_hot.32.o)
                0x01ff81a0                threadUnblockOneByValue
 .text.threadUnblockAllByValue
                0x01ff8274      0x138 C:/devkitPro/calico/lib\libcalico_ds9.a(thread_hot.32.o)
                0x01ff8274                threadUnblockAllByValue
 .text.threadUnblockAllByMask
                0x01ff83ac       0xf0 C:/devkitPro/calico/lib\libcalico_ds9.a(thread_hot.32.o)
                0x01ff83ac                threadUnblockAllByMask
 .text.armCopyMem32
                0x01ff849c       0x4c C:/devkitPro/calico/lib\libcalico_ds9.a(arm-copy-fill.32.o)
                0x01ff849c                armCopyMem32
 .text.armContextSave
                0x01ff84e8       0x2c C:/devkitPro/calico/lib\libcalico_ds9.a(arm-context.32.o)
                0x01ff84e8                armContextSave
 .text.armContextLoad
                0x01ff8514       0x20 C:/devkitPro/calico/lib\libcalico_ds9.a(arm-context.32.o)
                0x01ff8514                armContextLoad
                0x01ff8518                armContextLoadFromSvc
 .text.armWaitForIrq
                0x01ff8534        0x8 C:/devkitPro/calico/lib\libcalico_ds9.a(arm-shims.32.o)
                0x01ff8534                armWaitForIrq
 .text.__excpt_entry
                0x01ff853c       0x50 C:/devkitPro/calico/lib\libcalico_ds9.a(excpt_handler.32.o)
                0x01ff853c                __arm_excpt_rst
                0x01ff8540                __arm_excpt_pabt
                0x01ff8544                __arm_excpt_und
                0x01ff8550                __arm_excpt_dabt
 .text.armDrainWriteBuffer
                0x01ff858c        0xc C:/devkitPro/calico/lib\libcalico_ds9.a(arm-cache.32.o)
                0x01ff858c                armDrainWriteBuffer
 .text.armDCacheFlushAll
                0x01ff8598       0x28 C:/devkitPro/calico/lib\libcalico_ds9.a(arm-cache.32.o)
                0x01ff8598                armDCacheFlushAll
 .text.armDCacheFlush
                0x01ff85c0       0x1c C:/devkitPro/calico/lib\libcalico_ds9.a(arm-cache.32.o)
                0x01ff85c0                armDCacheFlush
 .text.armDCacheInvalidate
                0x01ff85dc       0x1c C:/devkitPro/calico/lib\libcalico_ds9.a(arm-cache.32.o)
                0x01ff85dc                armDCacheInvalidate
 .text.armICacheInvalidateAll
                0x01ff85f8        0xc C:/devkitPro/calico/lib\libcalico_ds9.a(arm-cache.32.o)
                0x01ff85f8                armICacheInvalidateAll
 .text.__arm_excpt_irq
                0x01ff8604       0xe4 C:/devkitPro/calico/lib\libcalico_ds9.a(irq_handler.32.o)
                0x01ff8604                __arm_excpt_irq
 *.itcm.*(.glue_7t .glue_7 .vfp11_veneer .v4_bx)
 *.32.o(.glue_7t .glue_7 .vfp11_veneer .v4_bx)
 *.itcm.*(.rodata .rodata.* .gnu.linkonce.r.*)
 *.32.o(.rodata .rodata.* .gnu.linkonce.r.*)
 *.itcm.*(.rodata1)
 *.32.o(.rodata1)
                0x01ff86e8                        . = ALIGN (0x4)
                0x02008d58                        PROVIDE (__itcm_lma = LOADADDR (.vectors))
                0x01ff8000                        PROVIDE (__itcm_start = (ADDR (.itcm) - SIZEOF (.vectors)))
                0x01ff86e8                        PROVIDE (__itcm_end = (ADDR (.itcm) + SIZEOF (.itcm)))
                0x00000001                        ASSERT (((__itcm_lma + SIZEOF (.vectors)) == LOADADDR (.itcm)), Error: gap between vectors and itcm)

.dtcm           0x02ff0000        0x0 load address 0x02009440
 *(.dtcm .dtcm.*)
 *.32.o(.data .data.* .gnu.linkonce.d.*)
 *.32.o(.data1)
                0x02ff0000                        . = ALIGN (0x4)
                [!provide]                        PROVIDE (__dtcm_lma = LOADADDR (.dtcm))
                0x02ff0000                        PROVIDE (__dtcm_start = ADDR (.dtcm))
                0x02ff0000                        PROVIDE (__dtcm_end = (ADDR (.dtcm) + SIZEOF (.dtcm)))

.dtcm.bss       0x02ff0000       0x98 load address 0x02009440
 *(.sbss .sbss.*)
 *.32.o(.dynbss)
 *.32.o(.bss .bss.* .gnu.linkonce.b.*)
 .bss.__irq_table
                0x02ff0000       0x80 C:/devkitPro/calico/lib\libcalico_ds9.a(thread_hot.32.o)
                0x02ff0000                __irq_table
 .bss.__sched_state
                0x02ff0080       0x18 C:/devkitPro/calico/lib\libcalico_ds9.a(thread_hot.32.o)
                0x02ff0080                __sched_state
 *.32.o(COMMON)
                0x02ff0098                        . = ALIGN (0x4)
                [!provide]                        PROVIDE (__dtcm_bss_start = ADDR (.dtcm.bss))
                0x02ff0098                        PROVIDE (__dtcm_bss_end = (ADDR (.dtcm.bss) + SIZEOF (.dtcm.bss)))

.main           0x020013c0    0x2aef0 load address 0x02009440
 *(SORT_NONE(.init))
 .init          0x020013c0        0x4 C:/devkitPro/devkitARM/bin/../lib/gcc/arm-none-eabi/15.2.0/thumb/crti.o
                0x020013c0                _init
 .init          0x020013c4        0x8 C:/devkitPro/devkitARM/bin/../lib/gcc/arm-none-eabi/15.2.0/thumb/crtn.o
 EXCLUDE_FILE(*.twl.*) *(.text.unlikely .text.*_unlikely .text.unlikely.*)
 EXCLUDE_FILE(*.twl.*) *(.text.exit .text.exit.*)
 .text.exit     0x020013cc       0x24 C:/devkitPro/devkitARM/bin/../lib/gcc/arm-none-eabi/15.2.0/../../../../arm-none-eabi/lib/thumb\libg.a(libc_a-exit.o)
                0x020013cc                exit
 EXCLUDE_FILE(*.twl.*) *(.text.startup .text.startup.*)
 .text.startup.main
                0x020013f0      0x5fc main.o
                0x020013f0                main
 EXCLUDE_FILE(*.twl.*) *(.text.hot .text.hot.*)
 EXCLUDE_FILE(*.twl.*) *(.text .iplt .stub .text.* .gnu.linkonce.t.*)
 .text.__do_global_dtors_aux
                0x020019ec       0x2c C:/devkitPro/devkitARM/bin/../lib/gcc/arm-none-eabi/15.2.0/thumb/crtbegin.o
 .text.frame_dummy
                0x02001a18       0x24 C:/devkitPro/devkitARM/bin/../lib/gcc/arm-none-eabi/15.2.0/thumb/crtbegin.o
 .iplt          0x02001a3c        0x0 C:/devkitPro/devkitARM/bin/../lib/gcc/arm-none-eabi/15.2.0/thumb/crtbegin.o
 .text.draw_startup_message
                0x02001a3c       0x58 main.o
 .text.run_menu_mode
                0x02001a94      0x198 main.o
 .text.test_save_results.part.0.constprop.0
                0x02001c2c      0x160 main.o
 .text.draw_state.constprop.0
                0x02001d8c      0x384 main.o
 .text.psx_halt
                0x02002110       0xa0 psx.o
 .text.psx_init_test_mode
                0x020021b0       0x20 psx.o
                0x020021b0                psx_init_test_mode
 .text.psx_use_slot2_ram
                0x020021d0       0x54 psx.o
                0x020021d0                psx_use_slot2_ram
 .text.psx_reset
                0x02002224      0x16c psx.o
                0x02002224                psx_reset
 .text.psx_init
                0x02002390       0x94 psx.o
                0x02002390                psx_init
 .text.psx_load_bios
                0x02002424       0x58 psx.o
                0x02002424                psx_load_bios
 .text.psx_boot_bios
                0x0200247c       0xf4 psx.o
                0x0200247c                psx_boot_bios
 .text.psx_read32
                0x02002570       0x8c psx.o
                0x02002570                psx_read32
 .text.psx_write32
                0x020025fc       0x88 psx.o
                0x020025fc                psx_write32
 .text.psx_step
                0x02002684     0x2198 psx.o
                0x02002684                psx_step
 .text.psx_run  0x0200481c       0x2c psx.o
                0x0200481c                psx_run
 .text.cdrom_load_image
                0x02004848      0x26c psx_cdrom.o
                0x02004848                cdrom_load_image
 .text.cdrom_read_sector
                0x02004ab4       0x5c psx_cdrom.o
                0x02004ab4                cdrom_read_sector
 .text.cdrom_exec_command
                0x02004b10      0x2a8 psx_cdrom.o
                0x02004b10                cdrom_exec_command
 .text.cdrom_read8
                0x02004db8       0x68 psx_cdrom.o
                0x02004db8                cdrom_read8
 .text.cdrom_write8
                0x02004e20       0x68 psx_cdrom.o
                0x02004e20                cdrom_write8
 .text.debug_log
                0x02004e88       0x78 psx_debug.o
                0x02004e88                debug_log
 .text.debug_init
                0x02004f00       0x38 psx_debug.o
                0x02004f00                debug_init
 .text.debug_save
                0x02004f38       0x44 psx_debug.o
                0x02004f38                debug_save
 .text.gpu_fill_rect_fast
                0x02004f7c       0x74 psx_gpu.o
 .text.gpu_read32
                0x02004ff0        0xc psx_gpu.o
                0x02004ff0                gpu_read32
 .text.gpu_exec_gp0
                0x02004ffc      0x740 psx_gpu.o
                0x02004ffc                gpu_exec_gp0
 .text.gpu_exec_gp1
                0x0200573c      0x1ec psx_gpu.o
                0x0200573c                gpu_exec_gp1
 .text.gpu_write32
                0x02005928       0xa8 psx_gpu.o
                0x02005928                gpu_write32
 .text.menu_init
                0x020059d0       0x30 psx_menu.o
                0x020059d0                menu_init
 .text.menu_scan_games
                0x02005a00      0x300 psx_menu.o
                0x02005a00                menu_scan_games
 .text.menu_navigate
                0x02005d00       0x34 psx_menu.o
                0x02005d00                menu_navigate
 .text.menu_get_selected
                0x02005d34       0x24 psx_menu.o
                0x02005d34                menu_get_selected
 .text.menu_draw
                0x02005d58      0x188 psx_menu.o
                0x02005d58                menu_draw
 .text.slot2_init
                0x02005ee0       0x28 psx_slot2.o
                0x02005ee0                slot2_init
 .text.slot2_get_device
                0x02005f08        0x8 psx_slot2.o
                0x02005f08                slot2_get_device
 .text.slot2_detect
                0x02005f10       0x40 psx_slot2.o
                0x02005f10                slot2_detect
 .text.fatInitDefault
                0x02005f50       0x20 C:/devkitPro/libnds/lib\libfat.a(fat_wrappers.o)
                0x02005f50                fatInitDefault
 .text._dvmDiscCalicoDummy
                0x02005f70        0x4 C:/devkitPro/libnds/lib\libfat.a(dvm_calico.o)
 .text._dvmDiscCalicoWriteSectors
                0x02005f74        0x8 C:/devkitPro/libnds/lib\libfat.a(dvm_calico.o)
 .text._dvmDiscCalicoReadSectors
                0x02005f7c        0x8 C:/devkitPro/libnds/lib\libfat.a(dvm_calico.o)
 .text._dvmIsAlignedAccess
                0x02005f84       0x30 C:/devkitPro/libnds/lib\libfat.a(dvm_calico.o)
                0x02005f84                _dvmIsAlignedAccess
 .text._dvmCacheCopy
                0x02005fb4       0x14 C:/devkitPro/libnds/lib\libfat.a(dvm_calico.o)
                0x02005fb4                _dvmCacheCopy
 .text.dvmInit  0x02005fc8      0x268 C:/devkitPro/libnds/lib\libfat.a(dvm_calico.o)
                0x02005fc8                dvmInit
 .text.dvmDiscAddUser
                0x02006230       0x10 C:/devkitPro/libnds/lib\libfat.a(dvm_disc.o)
                0x02006230                dvmDiscAddUser
 .text.dvmDiscRemoveUser
                0x02006240       0x24 C:/devkitPro/libnds/lib\libfat.a(dvm_disc.o)
                0x02006240                dvmDiscRemoveUser
 .text._dvmDiscCacheReadWrite
                0x02006264      0x408 C:/devkitPro/libnds/lib\libfat.a(dvm_cache.o)
 .text._dvmDiscCacheWriteSectors
                0x0200666c       0x58 C:/devkitPro/libnds/lib\libfat.a(dvm_cache.o)
 .text._dvmDiscCacheReadSectors
                0x020066c4       0x58 C:/devkitPro/libnds/lib\libfat.a(dvm_cache.o)
 .text._dvmDiscCacheFlush
                0x0200671c       0xb0 C:/devkitPro/libnds/lib\libfat.a(dvm_cache.o)
 .text._dvmDiscCacheDestroy
                0x020067cc       0x28 C:/devkitPro/libnds/lib\libfat.a(dvm_cache.o)
 .text.dvmDiscCacheCreate
                0x020067f4      0x1ac C:/devkitPro/libnds/lib\libfat.a(dvm_cache.o)
                0x020067f4                dvmDiscCacheCreate
 .text.dvmMountVolume
                0x020069a0      0x188 C:/devkitPro/libnds/lib\libfat.a(dvm_volume.o)
                0x020069a0                dvmMountVolume
 .text._dvmSetAppWorkingDir
                0x02006b28       0x74 C:/devkitPro/libnds/lib\libfat.a(dvm_volume.o)
                0x02006b28                _dvmSetAppWorkingDir
 .text._dvmIdentMbrVbr
                0x02006b9c      0x1d8 C:/devkitPro/libnds/lib\libfat.a(dvm_prober.o)
 .text.dvmReadPartitionTable
                0x02006d74      0x238 C:/devkitPro/libnds/lib\libfat.a(dvm_prober.o)
                0x02006d74                dvmReadPartitionTable
 .text.dvmProbeMountDisc
                0x02006fac       0xcc C:/devkitPro/libnds/lib\libfat.a(dvm_prober.o)
                0x02006fac                dvmProbeMountDisc
 .text._FAT_fstat_r
                0x02007078       0xbc C:/devkitPro/libnds/lib\libfat.a(fat_driver.o)
 .text._FAT_umount
                0x02007134       0x1c C:/devkitPro/libnds/lib\libfat.a(fat_driver.o)
 .text._FAT_mount
                0x02007150       0x44 C:/devkitPro/libnds/lib\libfat.a(fat_driver.o)
 .text._FAT_seek_r
                0x02007194      0x13c C:/devkitPro/libnds/lib\libfat.a(fat_driver.o)
 .text._FAT_set_stat
                0x020072d0      0x104 C:/devkitPro/libnds/lib\libfat.a(fat_driver.o)
 .text._FAT_mkdir_r
                0x020073d4       0x64 C:/devkitPro/libnds/lib\libfat.a(fat_driver.o)
 .text._FAT_chdir_r
                0x02007438       0x64 C:/devkitPro/libnds/lib\libfat.a(fat_driver.o)
 .text._FAT_unlink_r
                0x0200749c       0x70 C:/devkitPro/libnds/lib\libfat.a(fat_driver.o)
 .text._FAT_rmdir_r
                0x0200750c       0x6c C:/devkitPro/libnds/lib\libfat.a(fat_driver.o)
 .text._FAT_diropen_r
                0x02007578       0x7c C:/devkitPro/libnds/lib\libfat.a(fat_driver.o)
 .text._FAT_fsync_r
                0x020075f4       0x64 C:/devkitPro/libnds/lib\libfat.a(fat_driver.o)
 .text._FAT_close_r
                0x02007658       0x64 C:/devkitPro/libnds/lib\libfat.a(fat_driver.o)
 .text._FAT_dirclose_r
                0x020076bc       0x64 C:/devkitPro/libnds/lib\libfat.a(fat_driver.o)
 .text._FAT_dirreset_r
                0x02007720       0x6c C:/devkitPro/libnds/lib\libfat.a(fat_driver.o)
 .text._FAT_rename_r
                0x0200778c       0x80 C:/devkitPro/libnds/lib\libfat.a(fat_driver.o)
 .text._FAT_stat_r
                0x0200780c       0x94 C:/devkitPro/libnds/lib\libfat.a(fat_driver.o)
 .text._FAT_read_r
                0x020078a0       0x7c C:/devkitPro/libnds/lib\libfat.a(fat_driver.o)
 .text._FAT_write_r
                0x0200791c       0x7c C:/devkitPro/libnds/lib\libfat.a(fat_driver.o)
 .text._FAT_statvfs_r
                0x02007998       0xf4 C:/devkitPro/libnds/lib\libfat.a(fat_driver.o)
 .text._FAT_ftruncate_r
                0x02007a8c      0x190 C:/devkitPro/libnds/lib\libfat.a(fat_driver.o)
 .text._FAT_dirnext_r
                0x02007c1c      0x120 C:/devkitPro/libnds/lib\libfat.a(fat_driver.o)
 .text._FAT_open_r
                0x02007d3c      0x124 C:/devkitPro/libnds/lib\libfat.a(fat_driver.o)
 .text.get_fattime
                0x02007e60       0x64 C:/devkitPro/libnds/lib\libfat.a(fat_driver.o)
                0x02007e60                get_fattime
 .text.ff_mutex_create
                0x02007ec4       0x18 C:/devkitPro/libnds/lib\libfat.a(fat_driver.o)
                0x02007ec4                ff_mutex_create
 .text.ff_mutex_delete
                0x02007edc        0x4 C:/devkitPro/libnds/lib\libfat.a(fat_driver.o)
                0x02007edc                ff_mutex_delete
 .text.ff_mutex_take
                0x02007ee0       0x14 C:/devkitPro/libnds/lib\libfat.a(fat_driver.o)
                0x02007ee0                ff_mutex_take
 .text.ff_mutex_give
                0x02007ef4        0x8 C:/devkitPro/libnds/lib\libfat.a(fat_driver.o)
                0x02007ef4                ff_mutex_give
 .text.disk_initialize
                0x02007efc       0x24 C:/devkitPro/libnds/lib\libfat.a(fat_driver.o)
                0x02007efc                disk_initialize
 .text.disk_status
                0x02007f20       0x24 C:/devkitPro/libnds/lib\libfat.a(fat_driver.o)
                0x02007f20                disk_status
 .text.disk_read
                0x02007f44       0x2c C:/devkitPro/libnds/lib\libfat.a(fat_driver.o)
                0x02007f44                disk_read
 .text.disk_write
                0x02007f70       0x2c C:/devkitPro/libnds/lib\libfat.a(fat_driver.o)
                0x02007f70                disk_write
 .text.disk_ioctl
                0x02007f9c       0x38 C:/devkitPro/libnds/lib\libfat.a(fat_driver.o)
                0x02007f9c                disk_ioctl
 .text.tchar2uni
                0x02007fd4       0xfc C:/devkitPro/libnds/lib\libfat.a(ff.o)
 .text.sync_window
                0x020080d0       0x90 C:/devkitPro/libnds/lib\libfat.a(ff.o)
 .text.put_utf  0x02008160      0x130 C:/devkitPro/libnds/lib\libfat.a(ff.o)
 .text.dir_clear
                0x02008290       0x9c C:/devkitPro/libnds/lib\libfat.a(ff.o)
 .text.get_fileinfo
                0x0200832c      0x28c C:/devkitPro/libnds/lib\libfat.a(ff.o)
 .text.sync_fs  0x020085b8      0x180 C:/devkitPro/libnds/lib\libfat.a(ff.o)
 .text.move_window
                0x02008738       0xc4 C:/devkitPro/libnds/lib\libfat.a(ff.o)
 .text.put_fat.part.0
                0x020087fc      0x1dc C:/devkitPro/libnds/lib\libfat.a(ff.o)
 .text.get_fat.isra.0
                0x020089d8      0x160 C:/devkitPro/libnds/lib\libfat.a(ff.o)
 .text.remove_chain
                0x02008b38       0xf4 C:/devkitPro/libnds/lib\libfat.a(ff.o)
 .text.create_chain
                0x02008c2c      0x21c C:/devkitPro/libnds/lib\libfat.a(ff.o)
 .text.dir_next
                0x02008e48      0x170 C:/devkitPro/libnds/lib\libfat.a(ff.o)
 .text.dir_read
                0x02008fb8      0x248 C:/devkitPro/libnds/lib\libfat.a(ff.o)
 .text.dir_sdi  0x02009200      0x128 C:/devkitPro/libnds/lib\libfat.a(ff.o)
 .text.dir_alloc
                0x02009328       0xcc C:/devkitPro/libnds/lib\libfat.a(ff.o)
 .text.dir_remove
                0x020093f4       0xc4 C:/devkitPro/libnds/lib\libfat.a(ff.o)
 .text.dir_find
                0x020094b8      0x2f8 C:/devkitPro/libnds/lib\libfat.a(ff.o)
 .text.follow_path
                0x020097b0      0x590 C:/devkitPro/libnds/lib\libfat.a(ff.o)
 .text.dir_register
                0x02009d40      0x434 C:/devkitPro/libnds/lib\libfat.a(ff.o)
 .text.check_fs
                0x0200a174      0x1ec C:/devkitPro/libnds/lib\libfat.a(ff.o)
 .text.mount_volume.part.0
                0x0200a360      0x504 C:/devkitPro/libnds/lib\libfat.a(ff.o)
 .text.validate
                0x0200a864       0xbc C:/devkitPro/libnds/lib\libfat.a(ff.o)
 .text.f_mount  0x0200a920       0x6c C:/devkitPro/libnds/lib\libfat.a(ff.o)
                0x0200a920                f_mount
 .text.f_umount
                0x0200a98c       0x38 C:/devkitPro/libnds/lib\libfat.a(ff.o)
                0x0200a98c                f_umount
 .text.f_open   0x0200a9c4      0x400 C:/devkitPro/libnds/lib\libfat.a(ff.o)
                0x0200a9c4                f_open
 .text.f_read   0x0200adc4      0x2a4 C:/devkitPro/libnds/lib\libfat.a(ff.o)
                0x0200adc4                f_read
 .text.f_write  0x0200b068      0x350 C:/devkitPro/libnds/lib\libfat.a(ff.o)
                0x0200b068                f_write
 .text.f_sync   0x0200b3b8      0x1a0 C:/devkitPro/libnds/lib\libfat.a(ff.o)
                0x0200b3b8                f_sync
 .text.f_close  0x0200b558       0x58 C:/devkitPro/libnds/lib\libfat.a(ff.o)
                0x0200b558                f_close
 .text.f_chdir  0x0200b5b0       0xf0 C:/devkitPro/libnds/lib\libfat.a(ff.o)
                0x0200b5b0                f_chdir
 .text.f_lseek  0x0200b6a0      0x298 C:/devkitPro/libnds/lib\libfat.a(ff.o)
                0x0200b6a0                f_lseek
 .text.f_opendir
                0x0200b938      0x12c C:/devkitPro/libnds/lib\libfat.a(ff.o)
                0x0200b938                f_opendir
 .text.f_closedir
                0x0200ba64       0xb0 C:/devkitPro/libnds/lib\libfat.a(ff.o)
                0x0200ba64                f_closedir
 .text.f_readdir
                0x0200bb14       0xd0 C:/devkitPro/libnds/lib\libfat.a(ff.o)
                0x0200bb14                f_readdir
 .text.f_stat   0x0200bbe4      0x104 C:/devkitPro/libnds/lib\libfat.a(ff.o)
                0x0200bbe4                f_stat
 .text.f_getfree
                0x0200bce8      0x184 C:/devkitPro/libnds/lib\libfat.a(ff.o)
                0x0200bce8                f_getfree
 .text.f_truncate
                0x0200be6c      0x228 C:/devkitPro/libnds/lib\libfat.a(ff.o)
                0x0200be6c                f_truncate
 .text.f_unlink
                0x0200c094      0x1a4 C:/devkitPro/libnds/lib\libfat.a(ff.o)
                0x0200c094                f_unlink
 .text.f_mkdir  0x0200c238      0x294 C:/devkitPro/libnds/lib\libfat.a(ff.o)
                0x0200c238                f_mkdir
 .text.f_rename
                0x0200c4cc      0x248 C:/devkitPro/libnds/lib\libfat.a(ff.o)
                0x0200c4cc                f_rename
 .text.ff_uni2oem
                0x0200c714       0x78 C:/devkitPro/libnds/lib\libfat.a(ffunicode.o)
                0x0200c714                ff_uni2oem
 .text.ff_oem2uni
                0x0200c78c       0x40 C:/devkitPro/libnds/lib\libfat.a(ffunicode.o)
                0x0200c78c                ff_oem2uni
 .text.ff_wtoupper
                0x0200c7cc      0x128 C:/devkitPro/libnds/lib\libfat.a(ffunicode.o)
                0x0200c7cc                ff_wtoupper
 .text.newRow   0x0200c8f4       0xe8 C:/devkitPro/libnds/lib\libnds9.a(console.o)
 .text.consoleSelect
                0x0200c9dc       0x10 C:/devkitPro/libnds/lib\libnds9.a(console.o)
                0x0200c9dc                consoleSelect
 .text.consolePrintChar
                0x0200c9ec       0xe0 C:/devkitPro/libnds/lib\libnds9.a(console.o)
                0x0200c9ec                consolePrintChar
 .text.con_write
                0x0200cacc      0x34c C:/devkitPro/libnds/lib\libnds9.a(console.o)
                0x0200cacc                con_write
 .text.consoleLoadFont
                0x0200ce18      0x2e4 C:/devkitPro/libnds/lib\libnds9.a(console.o)
                0x0200ce18                consoleLoadFont
 .text.consoleInit
                0x0200d0fc      0x170 C:/devkitPro/libnds/lib\libnds9.a(console.o)
                0x0200d0fc                consoleInit
 .text.consoleDemoInit
                0x0200d26c       0x40 C:/devkitPro/libnds/lib\libnds9.a(console.o)
                0x0200d26c                consoleDemoInit
 .text.consoleClear
                0x0200d2ac       0x10 C:/devkitPro/libnds/lib\libnds9.a(console.o)
                0x0200d2ac                consoleClear
 .text.defaultHandler
                0x0200d2bc       0x6c C:/devkitPro/libnds/lib\libnds9.a(exceptionDefault.o)
 .text.excptPrint
                0x0200d328       0x38 C:/devkitPro/libnds/lib\libnds9.a(exceptionDefault.o)
 .text.defaultExceptionHandler
                0x0200d360       0x20 C:/devkitPro/libnds/lib\libnds9.a(exceptionDefault.o)
                0x0200d360                defaultExceptionHandler
 .text.ARMShift
                0x0200d380       0x74 C:/devkitPro/libnds/lib\libnds9.a(gurumeditation.o)
 .text.getExceptionAddress
                0x0200d3f4      0x198 C:/devkitPro/libnds/lib\libnds9.a(gurumeditation.o)
                0x0200d3f4                getExceptionAddress
 .text.guruMeditationDump
                0x0200d58c      0x108 C:/devkitPro/libnds/lib\libnds9.a(gurumeditation.o)
                0x0200d58c                guruMeditationDump
 .text.scanKeys
                0x0200d694       0x6c C:/devkitPro/libnds/lib\libnds9.a(keys.o)
                0x0200d694                scanKeys
 .text.keysDown
                0x0200d700       0x10 C:/devkitPro/libnds/lib\libnds9.a(keys.o)
                0x0200d700                keysDown
 .text.powerOn  0x0200d710       0x18 C:/devkitPro/libnds/lib\libnds9.a(system.o)
                0x0200d710                powerOn
 .text.__libnds_excpt
                0x0200d728       0xf8 C:/devkitPro/libnds/lib\libnds9.a(exceptionEntry.o)
                0x0200d728                __libnds_excpt
 .text.checkIfText
                0x0200d820       0x6c C:/devkitPro/libnds/lib\libnds9.a(background.o)
                0x0200d820                checkIfText
 .text.bgUpdate
                0x0200d88c       0xe8 C:/devkitPro/libnds/lib\libnds9.a(background.o)
                0x0200d88c                bgUpdate
 .text.bgInit_call
                0x0200d974       0xa8 C:/devkitPro/libnds/lib\libnds9.a(background.o)
                0x0200d974                bgInit_call
 .text.bgInitSub_call
                0x0200da1c       0xb0 C:/devkitPro/libnds/lib\libnds9.a(background.o)
                0x0200da1c                bgInitSub_call
 .text.sinLutLookup
                0x0200dacc       0x4c C:/devkitPro/libnds/lib\libnds9.a(trig.o)
                0x0200dacc                sinLutLookup
 .text.sinLerp  0x0200db18       0x38 C:/devkitPro/libnds/lib\libnds9.a(trig.o)
                0x0200db18                sinLerp
 .text.cosLerp  0x0200db50       0x44 C:/devkitPro/libnds/lib\libnds9.a(trig.o)
                0x0200db50                cosLerp
 .text._threadTickTask
                0x0200db94       0x10 C:/devkitPro/calico/lib\libcalico_ds9.a(thread_cold.o)
 .text.threadExit
                0x0200dba4       0xa0 C:/devkitPro/calico/lib\libcalico_ds9.a(thread_cold.o)
                0x0200dba4                threadExit
 .text._threadInit
                0x0200dc44       0x98 C:/devkitPro/calico/lib\libcalico_ds9.a(thread_cold.o)
                0x0200dc44                _threadInit
 .text.threadPrepare
                0x0200dcdc      0x134 C:/devkitPro/calico/lib\libcalico_ds9.a(thread_cold.o)
                0x0200dcdc                threadPrepare
 .text.threadStart
                0x0200de10       0x94 C:/devkitPro/calico/lib\libcalico_ds9.a(thread_cold.o)
                0x0200de10                threadStart
 .text.threadIrqWait
                0x0200dea4       0xa4 C:/devkitPro/calico/lib\libcalico_ds9.a(thread_cold.o)
                0x0200dea4                threadIrqWait
 .text.threadSleepTicks
                0x0200df48       0x58 C:/devkitPro/calico/lib\libcalico_ds9.a(thread_cold.o)
                0x0200df48                threadSleepTicks
 .text.threadUpdateDynamicPrio
                0x0200dfa0      0x1d4 C:/devkitPro/calico/lib\libcalico_ds9.a(mutex.o)
                0x0200dfa0                threadUpdateDynamicPrio
 .text.threadRemoveWaiter
                0x0200e174      0x148 C:/devkitPro/calico/lib\libcalico_ds9.a(mutex.o)
 .text.mutexLock
                0x0200e2bc      0x138 C:/devkitPro/calico/lib\libcalico_ds9.a(mutex.o)
                0x0200e2bc                mutexLock
 .text.mutexUnlock
                0x0200e3f4       0xbc C:/devkitPro/calico/lib\libcalico_ds9.a(mutex.o)
                0x0200e3f4                mutexUnlock
 .text._dietPrintDefaultFunc
                0x0200e4b0        0x4 C:/devkitPro/calico/lib\libcalico_ds9.a(dietprint.o)
 .text._dietOutput
                0x0200e4b4       0x3c C:/devkitPro/calico/lib\libcalico_ds9.a(dietprint.o)
 .text._dietPrintDec32
                0x0200e4f0      0x110 C:/devkitPro/calico/lib\libcalico_ds9.a(dietprint.o)
 .text._dietPrintHex32
                0x0200e600      0x170 C:/devkitPro/calico/lib\libcalico_ds9.a(dietprint.o)
 .text.dietPrintV
                0x0200e770      0x4b8 C:/devkitPro/calico/lib\libcalico_ds9.a(dietprint.o)
                0x0200e770                dietPrintV
 .text.dietPrint
                0x0200ec28       0x18 C:/devkitPro/calico/lib\libcalico_ds9.a(dietprint.o)
                0x0200ec28                dietPrint
 .text.__syscall_getreent
                0x0200ec40       0x14 C:/devkitPro/calico/lib\libcalico_ds9.a(newlib_syscalls.o)
                0x0200ec40                __syscall_getreent
 .text.__errno  0x0200ec54       0x24 C:/devkitPro/calico/lib\libcalico_ds9.a(newlib_syscalls.o)
                0x0200ec54                __errno
 .text.__syscall_gettod_r
                0x0200ec78       0x30 C:/devkitPro/calico/lib\libcalico_ds9.a(newlib_syscalls.o)
                0x0200ec78                __syscall_gettod_r
 .text.__syscall_lock_acquire
                0x0200eca8        0x4 C:/devkitPro/calico/lib\libcalico_ds9.a(newlib_syscalls.o)
                0x0200eca8                __syscall_lock_acquire
 .text.__syscall_lock_release
                0x0200ecac        0x4 C:/devkitPro/calico/lib\libcalico_ds9.a(newlib_syscalls.o)
                0x0200ecac                __syscall_lock_release
 .text.__syscall_lock_acquire_recursive
                0x0200ecb0       0x4c C:/devkitPro/calico/lib\libcalico_ds9.a(newlib_syscalls.o)
                0x0200ecb0                __syscall_lock_acquire_recursive
 .text.__syscall_lock_release_recursive
                0x0200ecfc       0x18 C:/devkitPro/calico/lib\libcalico_ds9.a(newlib_syscalls.o)
                0x0200ecfc                __syscall_lock_release_recursive
 .text._pxiMailboxHandler
                0x0200ed14        0x4 C:/devkitPro/calico/lib\libcalico_ds9.a(pxi.o)
 .text._pxiRecvUnhandled
                0x0200ed18        0x4 C:/devkitPro/calico/lib\libcalico_ds9.a(pxi.o)
                0x0200ed18                _pxiRecvUnhandled
 .text._pxiRecvIrqHandler
                0x0200ed1c      0x154 C:/devkitPro/calico/lib\libcalico_ds9.a(pxi.o)
 .text._pxiInit
                0x0200ee70       0x58 C:/devkitPro/calico/lib\libcalico_ds9.a(pxi.o)
                0x0200ee70                _pxiInit
 .text.pxiSetHandler
                0x0200eec8       0x74 C:/devkitPro/calico/lib\libcalico_ds9.a(pxi.o)
                0x0200eec8                pxiSetHandler
 .text.pxiSetMailbox
                0x0200ef3c       0x68 C:/devkitPro/calico/lib\libcalico_ds9.a(pxi.o)
                0x0200ef3c                pxiSetMailbox
 .text.pxiWaitRemote
                0x0200efa4       0x38 C:/devkitPro/calico/lib\libcalico_ds9.a(pxi.o)
                0x0200efa4                pxiWaitRemote
 .text.pxiSendPacket
                0x0200efdc       0x50 C:/devkitPro/calico/lib\libcalico_ds9.a(pxi.o)
                0x0200efdc                pxiSendPacket
 .text.pxiSendExtPacket
                0x0200f02c       0x98 C:/devkitPro/calico/lib\libcalico_ds9.a(pxi.o)
                0x0200f02c                pxiSendExtPacket
 .text.pxiBeginReceive
                0x0200f0c4       0x2c C:/devkitPro/calico/lib\libcalico_ds9.a(pxi.o)
                0x0200f0c4                pxiBeginReceive
 .text.pxiEndReceive
                0x0200f0f0       0xac C:/devkitPro/calico/lib\libcalico_ds9.a(pxi.o)
                0x0200f0f0                pxiEndReceive
 .text.keypadGetState
                0x0200f19c       0x28 C:/devkitPro/calico/lib\libcalico_ds9.a(keypad.o)
                0x0200f19c                keypadGetState
 .text.systemUserStartup
                0x0200f1c4        0x4 C:/devkitPro/calico/lib\libcalico_ds9.a(sys_startup.o)
                0x0200f1c4                systemUserStartup
 .text.systemStartup
                0x0200f1c8      0x110 C:/devkitPro/calico/lib\libcalico_ds9.a(sys_startup.o)
                0x0200f1c8                systemStartup
 .text.touchRead
                0x0200f2d8       0x58 C:/devkitPro/calico/lib\libcalico_ds9.a(touch.o)
                0x0200f2d8                touchRead
 .text._blkDevReadWriteSectors
                0x0200f330       0x44 C:/devkitPro/calico/lib\libcalico_ds9.a(blk.o)
 .text.blkInit  0x0200f374        0x8 C:/devkitPro/calico/lib\libcalico_ds9.a(blk.o)
                0x0200f374                blkInit
 .text.blkDevIsPresent
                0x0200f37c       0x30 C:/devkitPro/calico/lib\libcalico_ds9.a(blk.o)
                0x0200f37c                blkDevIsPresent
 .text.blkDevInit
                0x0200f3ac       0x30 C:/devkitPro/calico/lib\libcalico_ds9.a(blk.o)
                0x0200f3ac                blkDevInit
 .text.blkDevGetSectorCount
                0x0200f3dc       0x34 C:/devkitPro/calico/lib\libcalico_ds9.a(blk.o)
                0x0200f3dc                blkDevGetSectorCount
 .text.blkDevReadSectors
                0x0200f410       0x5c C:/devkitPro/calico/lib\libcalico_ds9.a(blk.o)
                0x0200f410                blkDevReadSectors
 .text.blkDevWriteSectors
                0x0200f46c       0x5c C:/devkitPro/calico/lib\libcalico_ds9.a(blk.o)
                0x0200f46c                blkDevWriteSectors
 .text.irqSet   0x0200f4c8       0x64 C:/devkitPro/calico/lib\libcalico_ds9.a(irq.o)
                0x0200f4c8                irqSet
 .text._tickCountIsr
                0x0200f52c       0x1c C:/devkitPro/calico/lib\libcalico_ds9.a(tick.o)
 .text._tickTaskSchedule.part.0.isra.0
                0x0200f548       0x84 C:/devkitPro/calico/lib\libcalico_ds9.a(tick.o)
 .text.tickInit
                0x0200f5cc       0xa0 C:/devkitPro/calico/lib\libcalico_ds9.a(tick.o)
                0x0200f5cc                tickInit
 .text.tickGetCount
                0x0200f66c       0x5c C:/devkitPro/calico/lib\libcalico_ds9.a(tick.o)
                0x0200f66c                tickGetCount
 .text._tickTaskIsr
                0x0200f6c8      0x110 C:/devkitPro/calico/lib\libcalico_ds9.a(tick.o)
 .text.tickTaskStart
                0x0200f7d8      0x144 C:/devkitPro/calico/lib\libcalico_ds9.a(tick.o)
                0x0200f7d8                tickTaskStart
 .text.mailboxTrySend
                0x0200f91c       0x98 C:/devkitPro/calico/lib\libcalico_ds9.a(mailbox.o)
                0x0200f91c                mailboxTrySend
 .text.mailboxRecv
                0x0200f9b4       0x98 C:/devkitPro/calico/lib\libcalico_ds9.a(mailbox.o)
                0x0200f9b4                mailboxRecv
 .text._pmCallEventHandlers
                0x0200fa4c       0x40 C:/devkitPro/calico/lib\libcalico_ds9.a(pm.o)
 .text._pmPxiThreadMain
                0x0200fa8c       0x9c C:/devkitPro/calico/lib\libcalico_ds9.a(pm.o)
 .text._pmResetPxiHandler
                0x0200fb28       0x28 C:/devkitPro/calico/lib\libcalico_ds9.a(pm.o)
 .text.systemUserExit
                0x0200fb50        0x4 C:/devkitPro/calico/lib\libcalico_ds9.a(pm.o)
                0x0200fb50                systemUserExit
 .text.systemErrorExit
                0x0200fb54        0x4 C:/devkitPro/calico/lib\libcalico_ds9.a(pm.o)
                0x0200fb54                systemErrorExit
 .text.__syscall_exit
                0x0200fb58      0x138 C:/devkitPro/calico/lib\libcalico_ds9.a(pm.o)
                0x0200fb58                __syscall_exit
 .text.pmInit   0x0200fc90       0x58 C:/devkitPro/calico/lib\libcalico_ds9.a(pm.o)
                0x0200fc90                pmInit
 .text          0x0200fce8      0x11c C:/devkitPro/devkitARM/bin/../lib/gcc/arm-none-eabi/15.2.0/thumb\libgcc.a(_udivsi3.o)
                0x0200fce8                __aeabi_uidiv
                0x0200fce8                __udivsi3
                0x0200fde4                __aeabi_uidivmod
 .text          0x0200fe04      0x150 C:/devkitPro/devkitARM/bin/../lib/gcc/arm-none-eabi/15.2.0/thumb\libgcc.a(_divsi3.o)
                0x0200fe04                __divsi3
                0x0200fe04                __aeabi_idiv
                0x0200ff34                __aeabi_idivmod
 .text          0x0200ff54        0x4 C:/devkitPro/devkitARM/bin/../lib/gcc/arm-none-eabi/15.2.0/thumb\libgcc.a(_dvmd_tls.o)
                0x0200ff54                __aeabi_idiv0
                0x0200ff54                __aeabi_ldiv0
 .text          0x0200ff58      0x2ac C:/devkitPro/devkitARM/bin/../lib/gcc/arm-none-eabi/15.2.0/thumb\libgcc.a(_arm_addsubsf3.o)
                0x0200ff58                __aeabi_frsub
                0x0200ff60                __subsf3
                0x0200ff60                __aeabi_fsub
                0x0200ff64                __aeabi_fadd
                0x0200ff64                __addsf3
                0x02010120                __aeabi_ui2f
                0x02010120                __floatunsisf
                0x02010128                __aeabi_i2f
                0x02010128                __floatsisf
                0x02010148                __aeabi_ul2f
                0x02010148                __floatundisf
                0x02010158                __aeabi_l2f
                0x02010158                __floatdisf
 .text          0x02010204      0x2f8 C:/devkitPro/devkitARM/bin/../lib/gcc/arm-none-eabi/15.2.0/thumb\libgcc.a(_arm_muldivsf3.o)
                0x02010204                __mulsf3
                0x02010204                __aeabi_fmul
                0x0201039c                __aeabi_fdiv
                0x0201039c                __divsf3
 .text          0x020104fc       0x5c C:/devkitPro/devkitARM/bin/../lib/gcc/arm-none-eabi/15.2.0/thumb\libgcc.a(_arm_fixsfsi.o)
                0x020104fc                __aeabi_f2iz
                0x020104fc                __fixsfsi
 .text          0x02010558       0xd4 C:/devkitPro/devkitARM/bin/../lib/gcc/arm-none-eabi/15.2.0/thumb\libgcc.a(_aeabi_ldivmod.o)
                0x02010558                __aeabi_ldivmod
 .text          0x0201062c       0x3c C:/devkitPro/devkitARM/bin/../lib/gcc/arm-none-eabi/15.2.0/thumb\libgcc.a(_aeabi_uldivmod.o)
                0x0201062c                __aeabi_uldivmod
 .text.__muldi3
                0x02010668       0x58 C:/devkitPro/devkitARM/bin/../lib/gcc/arm-none-eabi/15.2.0/thumb\libgcc.a(_muldi3.o)
                0x02010668                __muldi3
                0x02010668                __aeabi_lmul
 .text.__udivmoddi4
                0x020106c0      0x194 C:/devkitPro/devkitARM/bin/../lib/gcc/arm-none-eabi/15.2.0/thumb\libgcc.a(_udivmoddi4.o)
                0x020106c0                __udivmoddi4
 .text          0x02010854       0x28 C:/devkitPro/devkitARM/bin/../lib/gcc/arm-none-eabi/15.2.0/thumb\libgcc.a(_clzdi2.o)
                0x02010854                __clzdi2
 .text          0x0201087c       0x48 C:/devkitPro/devkitARM/bin/../lib/gcc/arm-none-eabi/15.2.0/thumb\libgcc.a(_clzsi2.o)
                0x0201087c                __clzsi2
 .text.ftell    0x020108c4       0x24 C:/devkitPro/devkitARM/bin/../lib/gcc/arm-none-eabi/15.2.0/../../../../arm-none-eabi/lib/thumb\libg.a(libc_a-ftell.o)
                0x020108c4                ftell
 .text.sscanf   0x020108e8       0x50 C:/devkitPro/devkitARM/bin/../lib/gcc/arm-none-eabi/15.2.0/../../../../arm-none-eabi/lib/thumb\libg.a(libc_a-sscanf.o)
                0x020108e8                sscanf
 .text.critical_factorization
                0x02010938       0xcc C:/devkitPro/devkitARM/bin/../lib/gcc/arm-none-eabi/15.2.0/../../../../arm-none-eabi/lib/thumb\libg.a(libc_a-strstr.o)
 .text.two_way_long_needle
                0x02010a04      0x204 C:/devkitPro/devkitARM/bin/../lib/gcc/arm-none-eabi/15.2.0/../../../../arm-none-eabi/lib/thumb\libg.a(libc_a-strstr.o)
 .text.strstr   0x02010c08      0x1ac C:/devkitPro/devkitARM/bin/../lib/gcc/arm-none-eabi/15.2.0/../../../../arm-none-eabi/lib/thumb\libg.a(libc_a-strstr.o)
                0x02010c08                strstr
 .text.memcpy   0x02010db4       0xac C:/devkitPro/devkitARM/bin/../lib/gcc/arm-none-eabi/15.2.0/../../../../arm-none-eabi/lib/thumb\libg.a(libc_a-memcpy-stub.o)
                0x02010db4                memcpy
 .text.strlen   0x02010e60       0x60 C:/devkitPro/devkitARM/bin/../lib/gcc/arm-none-eabi/15.2.0/../../../../arm-none-eabi/lib/thumb\libg.a(libc_a-strlen.o)
                0x02010e60                strlen
 .text._fread_r
                0x02010ec0      0x228 C:/devkitPro/devkitARM/bin/../lib/gcc/arm-none-eabi/15.2.0/../../../../arm-none-eabi/lib/thumb\libg.a(libc_a-fread.o)
                0x02010ec0                _fread_r
 .text.fread    0x020110e8       0x24 C:/devkitPro/devkitARM/bin/../lib/gcc/arm-none-eabi/15.2.0/../../../../arm-none-eabi/lib/thumb\libg.a(libc_a-fread.o)
                0x020110e8                fread
 .text.fputc    0x0201110c       0x5c C:/devkitPro/devkitARM/bin/../lib/gcc/arm-none-eabi/15.2.0/../../../../arm-none-eabi/lib/thumb\libg.a(libc_a-fputc.o)
                0x0201110c                fputc
 .text.get_arg  0x02011168       0x3e C:/devkitPro/devkitARM/bin/../lib/gcc/arm-none-eabi/15.2.0/../../../../arm-none-eabi/lib/thumb\libg.a(libc_a-svfscanf.o)
 *fill*         0x020111a6        0x2 ff
 .text.__ssvfscanf_r
                0x020111a8     0x1fd0 C:/devkitPro/devkitARM/bin/../lib/gcc/arm-none-eabi/15.2.0/../../../../arm-none-eabi/lib/thumb\libg.a(libc_a-svfscanf.o)
                0x020111a8                __ssvfscanf_r
 .text._fopen_r
                0x02013178       0xb4 C:/devkitPro/devkitARM/bin/../lib/gcc/arm-none-eabi/15.2.0/../../../../arm-none-eabi/lib/thumb\libg.a(libc_a-fopen.o)
                0x02013178                _fopen_r
 .text.fopen    0x0201322c       0x18 C:/devkitPro/devkitARM/bin/../lib/gcc/arm-none-eabi/15.2.0/../../../../arm-none-eabi/lib/thumb\libg.a(libc_a-fopen.o)
                0x0201322c                fopen
 .text.sulp     0x02013244       0x34 C:/devkitPro/devkitARM/bin/../lib/gcc/arm-none-eabi/15.2.0/../../../../arm-none-eabi/lib/thumb\libg.a(libc_a-strtod.o)
 .text._strtod_l
                0x02013278      0xf7c C:/devkitPro/devkitARM/bin/../lib/gcc/arm-none-eabi/15.2.0/../../../../arm-none-eabi/lib/thumb\libg.a(libc_a-strtod.o)
                0x02013278                _strtod_l
 .text._strtod_r
                0x020141f4       0x2c C:/devkitPro/devkitARM/bin/../lib/gcc/arm-none-eabi/15.2.0/../../../../arm-none-eabi/lib/thumb\libg.a(libc_a-strtod.o)
                0x020141f4                _strtod_r
 .text._strtoull_l.isra.0
                0x02014220      0x1c0 C:/devkitPro/devkitARM/bin/../lib/gcc/arm-none-eabi/15.2.0/../../../../arm-none-eabi/lib/thumb\libg.a(libc_a-strtoull.o)
 .text._strtoull_r
                0x020143e0       0x20 C:/devkitPro/devkitARM/bin/../lib/gcc/arm-none-eabi/15.2.0/../../../../arm-none-eabi/lib/thumb\libg.a(libc_a-strtoull.o)
                0x020143e0                _strtoull_r
 .text.strcasecmp
                0x02014400       0x4c C:/devkitPro/devkitARM/bin/../lib/gcc/arm-none-eabi/15.2.0/../../../../arm-none-eabi/lib/thumb\libg.a(libc_a-strcasecmp.o)
                0x02014400                strcasecmp
 .text.rshift   0x0201444c       0xac C:/devkitPro/devkitARM/bin/../lib/gcc/arm-none-eabi/15.2.0/../../../../arm-none-eabi/lib/thumb\libg.a(libc_a-gdtoa-gethex.o)
 .text.__gethex
                0x020144f8      0x60c C:/devkitPro/devkitARM/bin/../lib/gcc/arm-none-eabi/15.2.0/../../../../arm-none-eabi/lib/thumb\libg.a(libc_a-gdtoa-gethex.o)
                0x020144f8                __gethex
 .text.snprintf
                0x02014b04       0x64 C:/devkitPro/devkitARM/bin/../lib/gcc/arm-none-eabi/15.2.0/../../../../arm-none-eabi/lib/thumb\libg.a(libc_a-snprintf.o)
                0x02014b04                snprintf
 .text._strtoul_l.isra.0
                0x02014b68      0x150 C:/devkitPro/devkitARM/bin/../lib/gcc/arm-none-eabi/15.2.0/../../../../arm-none-eabi/lib/thumb\libg.a(libc_a-strtoul.o)
 .text._strtoul_r
                0x02014cb8       0x20 C:/devkitPro/devkitARM/bin/../lib/gcc/arm-none-eabi/15.2.0/../../../../arm-none-eabi/lib/thumb\libg.a(libc_a-strtoul.o)
                0x02014cb8                _strtoul_r
 .text.strtoul  0x02014cd8       0x24 C:/devkitPro/devkitARM/bin/../lib/gcc/arm-none-eabi/15.2.0/../../../../arm-none-eabi/lib/thumb\libg.a(libc_a-strtoul.o)
                0x02014cd8                strtoul
 .text._mbrtowc_r
                0x02014cfc       0x9c C:/devkitPro/devkitARM/bin/../lib/gcc/arm-none-eabi/15.2.0/../../../../arm-none-eabi/lib/thumb\libg.a(libc_a-mbrtowc.o)
                0x02014cfc                _mbrtowc_r
 .text.strchr   0x02014d98       0xbc C:/devkitPro/devkitARM/bin/../lib/gcc/arm-none-eabi/15.2.0/../../../../arm-none-eabi/lib/thumb\libg.a(libc_a-strchr.o)
                0x02014d98                strchr
 .text.memcmp   0x02014e54       0x48 C:/devkitPro/devkitARM/bin/../lib/gcc/arm-none-eabi/15.2.0/../../../../arm-none-eabi/lib/thumb\libg.a(libc_a-memcmp.o)
                0x02014e54                memcmp
 .text._fgets_r
                0x02014e9c       0xf8 C:/devkitPro/devkitARM/bin/../lib/gcc/arm-none-eabi/15.2.0/../../../../arm-none-eabi/lib/thumb\libg.a(libc_a-fgets.o)
                0x02014e9c                _fgets_r
 .text.fgets    0x02014f94       0x1c C:/devkitPro/devkitARM/bin/../lib/gcc/arm-none-eabi/15.2.0/../../../../arm-none-eabi/lib/thumb\libg.a(libc_a-fgets.o)
                0x02014f94                fgets
 .text.calloc   0x02014fb0       0x18 C:/devkitPro/devkitARM/bin/../lib/gcc/arm-none-eabi/15.2.0/../../../../arm-none-eabi/lib/thumb\libg.a(libc_a-calloc.o)
                0x02014fb0                calloc
 .text.__sccl   0x02014fc8       0xb0 C:/devkitPro/devkitARM/bin/../lib/gcc/arm-none-eabi/15.2.0/../../../../arm-none-eabi/lib/thumb\libg.a(libc_a-sccl.o)
                0x02014fc8                __sccl
 .text.aligned_alloc
                0x02015078       0x18 C:/devkitPro/devkitARM/bin/../lib/gcc/arm-none-eabi/15.2.0/../../../../arm-none-eabi/lib/thumb\libg.a(libc_a-aligned_alloc.o)
                0x02015078                aligned_alloc
 .text.validate_structure
                0x02015090      0x1f8 C:/devkitPro/devkitARM/bin/../lib/gcc/arm-none-eabi/15.2.0/../../../../arm-none-eabi/lib/thumb\libg.a(libc_a-mktime.o)
 .text.mktime   0x02015288      0x434 C:/devkitPro/devkitARM/bin/../lib/gcc/arm-none-eabi/15.2.0/../../../../arm-none-eabi/lib/thumb\libg.a(libc_a-mktime.o)
                0x02015288                mktime
 .text._memalign_r
                0x020156bc      0x118 C:/devkitPro/devkitARM/bin/../lib/gcc/arm-none-eabi/15.2.0/../../../../arm-none-eabi/lib/thumb\libg.a(libc_a-malignr.o)
                0x020156bc                _memalign_r
 .text.__smakebuf_r
                0x020157d4       0xe0 C:/devkitPro/devkitARM/bin/../lib/gcc/arm-none-eabi/15.2.0/../../../../arm-none-eabi/lib/thumb\libg.a(libc_a-makebuf.o)
                0x020157d4                __smakebuf_r
 .text.__swhatbuf_r
                0x020158b4       0x5c C:/devkitPro/devkitARM/bin/../lib/gcc/arm-none-eabi/15.2.0/../../../../arm-none-eabi/lib/thumb\libg.a(libc_a-makebuf.o)
                0x020158b4                __swhatbuf_r
 .text._strtoll_l.isra.0
                0x02015910      0x300 C:/devkitPro/devkitARM/bin/../lib/gcc/arm-none-eabi/15.2.0/../../../../arm-none-eabi/lib/thumb\libg.a(libc_a-strtoll.o)
 .text._strtoll_r
                0x02015c10       0x20 C:/devkitPro/devkitARM/bin/../lib/gcc/arm-none-eabi/15.2.0/../../../../arm-none-eabi/lib/thumb\libg.a(libc_a-strtoll.o)
                0x02015c10                _strtoll_r
 .text.__locale_mb_cur_max
                0x02015c30       0x20 C:/devkitPro/devkitARM/bin/../lib/gcc/arm-none-eabi/15.2.0/../../../../arm-none-eabi/lib/thumb\libg.a(libc_a-locale.o)
                0x02015c30                __locale_mb_cur_max
 .text.memset   0x02015c50       0x8c C:/devkitPro/devkitARM/bin/../lib/gcc/arm-none-eabi/15.2.0/../../../../arm-none-eabi/lib/thumb\libg.a(libc_a-memset.o)
                0x02015c50                memset
 .text._calloc_r
                0x02015cdc       0xcc C:/devkitPro/devkitARM/bin/../lib/gcc/arm-none-eabi/15.2.0/../../../../arm-none-eabi/lib/thumb\libg.a(libc_a-callocr.o)
                0x02015cdc                _calloc_r
 .text._vsnprintf_r
                0x02015da8       0x58 C:/devkitPro/devkitARM/bin/../lib/gcc/arm-none-eabi/15.2.0/../../../../arm-none-eabi/lib/thumb\libg.a(libc_a-vsnprintf.o)
                0x02015da8                _vsnprintf_r
 .text.vsnprintf
                0x02015e00       0x24 C:/devkitPro/devkitARM/bin/../lib/gcc/arm-none-eabi/15.2.0/../../../../arm-none-eabi/lib/thumb\libg.a(libc_a-vsnprintf.o)
                0x02015e00                vsnprintf
 .text._fwrite_r
                0x02015e24       0x9c C:/devkitPro/devkitARM/bin/../lib/gcc/arm-none-eabi/15.2.0/../../../../arm-none-eabi/lib/thumb\libg.a(libc_a-fwrite.o)
                0x02015e24                _fwrite_r
 .text.fwrite   0x02015ec0       0x24 C:/devkitPro/devkitARM/bin/../lib/gcc/arm-none-eabi/15.2.0/../../../../arm-none-eabi/lib/thumb\libg.a(libc_a-fwrite.o)
                0x02015ec0                fwrite
 .text.realloc  0x02015ee4       0x18 C:/devkitPro/devkitARM/bin/../lib/gcc/arm-none-eabi/15.2.0/../../../../arm-none-eabi/lib/thumb\libg.a(libc_a-realloc.o)
                0x02015ee4                realloc
 .text.localtime_r
                0x02015efc      0x228 C:/devkitPro/devkitARM/bin/../lib/gcc/arm-none-eabi/15.2.0/../../../../arm-none-eabi/lib/thumb\libg.a(libc_a-lcltime_r.o)
                0x02015efc                localtime_r
 .text._ftello_r
                0x02016124      0x124 C:/devkitPro/devkitARM/bin/../lib/gcc/arm-none-eabi/15.2.0/../../../../arm-none-eabi/lib/thumb\libg.a(libc_a-ftello.o)
                0x02016124                _ftello_r
 .text.__tzcalc_limits
                0x02016248      0x1ac C:/devkitPro/devkitARM/bin/../lib/gcc/arm-none-eabi/15.2.0/../../../../arm-none-eabi/lib/thumb\libg.a(libc_a-tzcalc_limits.o)
                0x02016248                __tzcalc_limits
 .text._putc_r  0x020163f4       0x88 C:/devkitPro/devkitARM/bin/../lib/gcc/arm-none-eabi/15.2.0/../../../../arm-none-eabi/lib/thumb\libg.a(libc_a-putc.o)
                0x020163f4                _putc_r
 .text._malloc_r
                0x0201647c      0x550 C:/devkitPro/devkitARM/bin/../lib/gcc/arm-none-eabi/15.2.0/../../../../arm-none-eabi/lib/thumb\libg.a(libc_a-mallocr.o)
                0x0201647c                _malloc_r
 .text.__swbuf_r
                0x020169cc       0x98 C:/devkitPro/devkitARM/bin/../lib/gcc/arm-none-eabi/15.2.0/../../../../arm-none-eabi/lib/thumb\libg.a(libc_a-wbuf.o)
                0x020169cc                __swbuf_r
 .text          0x02016a64      0x224 C:/devkitPro/devkitARM/bin/../lib/gcc/arm-none-eabi/15.2.0/../../../../arm-none-eabi/lib/thumb\libg.a(libc_a-strcmp.o)
                0x02016a64                strcmp
 .text._malloc_trim_r
                0x02016c88       0xac C:/devkitPro/devkitARM/bin/../lib/gcc/arm-none-eabi/15.2.0/../../../../arm-none-eabi/lib/thumb\libg.a(libc_a-freer.o)
                0x02016c88                _malloc_trim_r
 .text._free_r  0x02016d34      0x1d8 C:/devkitPro/devkitARM/bin/../lib/gcc/arm-none-eabi/15.2.0/../../../../arm-none-eabi/lib/thumb\libg.a(libc_a-freer.o)
                0x02016d34                _free_r
 .text.setvbuf  0x02016f0c      0x1ac C:/devkitPro/devkitARM/bin/../lib/gcc/arm-none-eabi/15.2.0/../../../../arm-none-eabi/lib/thumb\libg.a(libc_a-setvbuf.o)
                0x02016f0c                setvbuf
 .text.get_arg  0x020170b8       0x3e C:/devkitPro/devkitARM/bin/../lib/gcc/arm-none-eabi/15.2.0/../../../../arm-none-eabi/lib/thumb\libg.a(libc_a-svfiscanf.o)
 .text._sungetc_r
                0x020170f6       0x7e C:/devkitPro/devkitARM/bin/../lib/gcc/arm-none-eabi/15.2.0/../../../../arm-none-eabi/lib/thumb\libg.a(libc_a-svfiscanf.o)
                0x020170f6                _sungetc_r
 .text.__ssrefill_r
                0x02017174       0x42 C:/devkitPro/devkitARM/bin/../lib/gcc/arm-none-eabi/15.2.0/../../../../arm-none-eabi/lib/thumb\libg.a(libc_a-svfiscanf.o)
                0x02017174                __ssrefill_r
 .text._sfread_r
                0x020171b6       0x88 C:/devkitPro/devkitARM/bin/../lib/gcc/arm-none-eabi/15.2.0/../../../../arm-none-eabi/lib/thumb\libg.a(libc_a-svfiscanf.o)
                0x020171b6                _sfread_r
 *fill*         0x0201723e        0x2 ff
 .text.__ssvfiscanf_r
                0x02017240     0x19d8 C:/devkitPro/devkitARM/bin/../lib/gcc/arm-none-eabi/15.2.0/../../../../arm-none-eabi/lib/thumb\libg.a(libc_a-svfiscanf.o)
                0x02017240                __ssvfiscanf_r
 .text.stdio_exit_handler
                0x02018c18       0x20 C:/devkitPro/devkitARM/bin/../lib/gcc/arm-none-eabi/15.2.0/../../../../arm-none-eabi/lib/thumb\libg.a(libc_a-findfp.o)
 .text.cleanup_stdio
                0x02018c38       0x40 C:/devkitPro/devkitARM/bin/../lib/gcc/arm-none-eabi/15.2.0/../../../../arm-none-eabi/lib/thumb\libg.a(libc_a-findfp.o)
 .text.global_stdio_init.part.0
                0x02018c78      0x120 C:/devkitPro/devkitARM/bin/../lib/gcc/arm-none-eabi/15.2.0/../../../../arm-none-eabi/lib/thumb\libg.a(libc_a-findfp.o)
 .text.__sfp    0x02018d98       0xcc C:/devkitPro/devkitARM/bin/../lib/gcc/arm-none-eabi/15.2.0/../../../../arm-none-eabi/lib/thumb\libg.a(libc_a-findfp.o)
                0x02018d98                __sfp
 .text.__sinit  0x02018e64       0x3c C:/devkitPro/devkitARM/bin/../lib/gcc/arm-none-eabi/15.2.0/../../../../arm-none-eabi/lib/thumb\libg.a(libc_a-findfp.o)
                0x02018e64                __sinit
 .text.__sfp_lock_acquire
                0x02018ea0       0x14 C:/devkitPro/devkitARM/bin/../lib/gcc/arm-none-eabi/15.2.0/../../../../arm-none-eabi/lib/thumb\libg.a(libc_a-findfp.o)
                0x02018ea0                __sfp_lock_acquire
 .text.__sfp_lock_release
                0x02018eb4       0x14 C:/devkitPro/devkitARM/bin/../lib/gcc/arm-none-eabi/15.2.0/../../../../arm-none-eabi/lib/thumb\libg.a(libc_a-findfp.o)
                0x02018eb4                __sfp_lock_release
 .text._strtol_l.part.0
                0x02018ec8      0x25c C:/devkitPro/devkitARM/bin/../lib/gcc/arm-none-eabi/15.2.0/../../../../arm-none-eabi/lib/thumb\libg.a(libc_a-strtol.o)
 .text._strtol_r
                0x02019124       0x34 C:/devkitPro/devkitARM/bin/../lib/gcc/arm-none-eabi/15.2.0/../../../../arm-none-eabi/lib/thumb\libg.a(libc_a-strtol.o)
                0x02019124                _strtol_r
 .text.__libc_init_array
                0x02019158       0x54 C:/devkitPro/devkitARM/bin/../lib/gcc/arm-none-eabi/15.2.0/../../../../arm-none-eabi/lib/thumb\libg.a(libc_a-init.o)
                0x02019158                __libc_init_array
 .text.strncpy  0x020191ac       0x68 C:/devkitPro/devkitARM/bin/../lib/gcc/arm-none-eabi/15.2.0/../../../../arm-none-eabi/lib/thumb\libg.a(libc_a-strncpy.o)
                0x020191ac                strncpy
 .text._fseek_r
                0x02019214       0x14 C:/devkitPro/devkitARM/bin/../lib/gcc/arm-none-eabi/15.2.0/../../../../arm-none-eabi/lib/thumb\libg.a(libc_a-fseek.o)
                0x02019214                _fseek_r
 .text.fseek    0x02019228       0x24 C:/devkitPro/devkitARM/bin/../lib/gcc/arm-none-eabi/15.2.0/../../../../arm-none-eabi/lib/thumb\libg.a(libc_a-fseek.o)
                0x02019228                fseek
 .text._tzset_unlocked
                0x0201924c       0x10 C:/devkitPro/devkitARM/bin/../lib/gcc/arm-none-eabi/15.2.0/../../../../arm-none-eabi/lib/thumb\libg.a(libc_a-tzset.o)
                0x0201924c                _tzset_unlocked
 .text.malloc   0x0201925c       0x28 C:/devkitPro/devkitARM/bin/../lib/gcc/arm-none-eabi/15.2.0/../../../../arm-none-eabi/lib/thumb\libg.a(libc_a-malloc.o)
                0x0201925c                malloc
 .text.free     0x02019284       0x14 C:/devkitPro/devkitARM/bin/../lib/gcc/arm-none-eabi/15.2.0/../../../../arm-none-eabi/lib/thumb\libg.a(libc_a-malloc.o)
                0x02019284                free
 .text.memchr   0x02019298       0x74 C:/devkitPro/devkitARM/bin/../lib/gcc/arm-none-eabi/15.2.0/../../../../arm-none-eabi/lib/thumb\libg.a(libc_a-memchr-stub.o)
                0x02019298                memchr
 .text.siscanf  0x0201930c       0x50 C:/devkitPro/devkitARM/bin/../lib/gcc/arm-none-eabi/15.2.0/../../../../arm-none-eabi/lib/thumb\libg.a(libc_a-siscanf.o)
                0x0201930c                siscanf
 .text.strrchr  0x0201935c       0x30 C:/devkitPro/devkitARM/bin/../lib/gcc/arm-none-eabi/15.2.0/../../../../arm-none-eabi/lib/thumb\libg.a(libc_a-strrchr.o)
                0x0201935c                strrchr
 .text.write    0x0201938c       0x1c C:/devkitPro/devkitARM/bin/../lib/gcc/arm-none-eabi/15.2.0/../../../../arm-none-eabi/lib/thumb\libg.a(libc_a-syswrite.o)
                0x0201938c                write
 .text.__swsetup_r
                0x020193a8       0xd4 C:/devkitPro/devkitARM/bin/../lib/gcc/arm-none-eabi/15.2.0/../../../../arm-none-eabi/lib/thumb\libg.a(libc_a-wsetup.o)
                0x020193a8                __swsetup_r
 .text.__gettzinfo
                0x0201947c        0x8 C:/devkitPro/devkitARM/bin/../lib/gcc/arm-none-eabi/15.2.0/../../../../arm-none-eabi/lib/thumb\libg.a(libc_a-gettzinfo.o)
                0x0201947c                __gettzinfo
 .text._findenv_r
                0x02019484       0x94 C:/devkitPro/devkitARM/bin/../lib/gcc/arm-none-eabi/15.2.0/../../../../arm-none-eabi/lib/thumb\libg.a(libc_a-getenv_r.o)
                0x02019484                _findenv_r
 .text._getenv_r
                0x02019518       0x10 C:/devkitPro/devkitARM/bin/../lib/gcc/arm-none-eabi/15.2.0/../../../../arm-none-eabi/lib/thumb\libg.a(libc_a-getenv_r.o)
                0x02019518                _getenv_r
 .text._localeconv_r
                0x02019528       0x20 C:/devkitPro/devkitARM/bin/../lib/gcc/arm-none-eabi/15.2.0/../../../../arm-none-eabi/lib/thumb\libg.a(libc_a-localeconv.o)
                0x02019528                _localeconv_r
 .text.__sread  0x02019548       0x34 C:/devkitPro/devkitARM/bin/../lib/gcc/arm-none-eabi/15.2.0/../../../../arm-none-eabi/lib/thumb\libg.a(libc_a-stdio.o)
                0x02019548                __sread
 .text.__seofread
                0x0201957c        0x4 C:/devkitPro/devkitARM/bin/../lib/gcc/arm-none-eabi/15.2.0/../../../../arm-none-eabi/lib/thumb\libg.a(libc_a-stdio.o)
                0x0201957c                __seofread
 .text.__swrite
                0x02019580       0x4c C:/devkitPro/devkitARM/bin/../lib/gcc/arm-none-eabi/15.2.0/../../../../arm-none-eabi/lib/thumb\libg.a(libc_a-stdio.o)
                0x02019580                __swrite
 .text.__sseek  0x020195cc       0x3c C:/devkitPro/devkitARM/bin/../lib/gcc/arm-none-eabi/15.2.0/../../../../arm-none-eabi/lib/thumb\libg.a(libc_a-stdio.o)
                0x020195cc                __sseek
 .text.__sclose
                0x02019608       0x10 C:/devkitPro/devkitARM/bin/../lib/gcc/arm-none-eabi/15.2.0/../../../../arm-none-eabi/lib/thumb\libg.a(libc_a-stdio.o)
                0x02019608                __sclose
 .text._realloc_r
                0x02019618      0x344 C:/devkitPro/devkitARM/bin/../lib/gcc/arm-none-eabi/15.2.0/../../../../arm-none-eabi/lib/thumb\libg.a(libc_a-reallocr.o)
                0x02019618                _realloc_r
 .text.iprintf  0x0201995c       0x28 C:/devkitPro/devkitARM/bin/../lib/gcc/arm-none-eabi/15.2.0/../../../../arm-none-eabi/lib/thumb\libg.a(libc_a-iprintf.o)
                0x0201995c                iprintf
 .text.__malloc_lock
                0x02019984       0x14 C:/devkitPro/devkitARM/bin/../lib/gcc/arm-none-eabi/15.2.0/../../../../arm-none-eabi/lib/thumb\libg.a(libc_a-mlock.o)
                0x02019984                __malloc_lock
 .text.__malloc_unlock
                0x02019998       0x14 C:/devkitPro/devkitARM/bin/../lib/gcc/arm-none-eabi/15.2.0/../../../../arm-none-eabi/lib/thumb\libg.a(libc_a-mlock.o)
                0x02019998                __malloc_unlock
 .text._fseeko_r
                0x020199ac      0x414 C:/devkitPro/devkitARM/bin/../lib/gcc/arm-none-eabi/15.2.0/../../../../arm-none-eabi/lib/thumb\libg.a(libc_a-fseeko.o)
                0x020199ac                _fseeko_r
 .text._fclose_r
                0x02019dc0       0xe0 C:/devkitPro/devkitARM/bin/../lib/gcc/arm-none-eabi/15.2.0/../../../../arm-none-eabi/lib/thumb\libg.a(libc_a-fclose.o)
                0x02019dc0                _fclose_r
 .text.fclose   0x02019ea0       0x14 C:/devkitPro/devkitARM/bin/../lib/gcc/arm-none-eabi/15.2.0/../../../../arm-none-eabi/lib/thumb\libg.a(libc_a-fclose.o)
                0x02019ea0                fclose
 .text.time     0x02019eb4       0x38 C:/devkitPro/devkitARM/bin/../lib/gcc/arm-none-eabi/15.2.0/../../../../arm-none-eabi/lib/thumb\libg.a(libc_a-time.o)
                0x02019eb4                time
 .text.fprintf  0x02019eec       0x28 C:/devkitPro/devkitARM/bin/../lib/gcc/arm-none-eabi/15.2.0/../../../../arm-none-eabi/lib/thumb\libg.a(libc_a-fprintf.o)
                0x02019eec                fprintf
 .text.__call_exitprocs
                0x02019f14        0xc C:/devkitPro/devkitARM/bin/../lib/gcc/arm-none-eabi/15.2.0/../../../../arm-none-eabi/lib/thumb\libg.a(libc_a-exit.o)
                0x02019f14                __call_exitprocs
 .text.get_arg  0x02019f20      0x404 C:/devkitPro/devkitARM/bin/../lib/gcc/arm-none-eabi/15.2.0/../../../../arm-none-eabi/lib/thumb\libg.a(libc_a-svfprintf.o)
 .text._svfprintf_r
                0x0201a324     0x22e0 C:/devkitPro/devkitARM/bin/../lib/gcc/arm-none-eabi/15.2.0/../../../../arm-none-eabi/lib/thumb\libg.a(libc_a-svfprintf.o)
                0x0201a324                _svfprintf_r
 .text.__sflags
                0x0201c604       0x98 C:/devkitPro/devkitARM/bin/../lib/gcc/arm-none-eabi/15.2.0/../../../../arm-none-eabi/lib/thumb\libg.a(libc_a-flags.o)
                0x0201c604                __sflags
 .text.__utf8_wctomb
                0x0201c69c       0xbc C:/devkitPro/devkitARM/bin/../lib/gcc/arm-none-eabi/15.2.0/../../../../arm-none-eabi/lib/thumb\libg.a(libc_a-wctomb_r.o)
                0x0201c69c                __utf8_wctomb
 .text.__libc_fini_array
                0x0201c758       0x30 C:/devkitPro/devkitARM/bin/../lib/gcc/arm-none-eabi/15.2.0/../../../../arm-none-eabi/lib/thumb\libg.a(libc_a-fini.o)
                0x0201c758                __libc_fini_array
 .text.strnlen  0x0201c788       0x20 C:/devkitPro/devkitARM/bin/../lib/gcc/arm-none-eabi/15.2.0/../../../../arm-none-eabi/lib/thumb\libg.a(libc_a-strnlen.o)
                0x0201c788                strnlen
 .text.gmtime_r
                0x0201c7a8      0x1b4 C:/devkitPro/devkitARM/bin/../lib/gcc/arm-none-eabi/15.2.0/../../../../arm-none-eabi/lib/thumb\libg.a(libc_a-gmtime_r.o)
                0x0201c7a8                gmtime_r
 .text.get_arg  0x0201c95c      0x404 C:/devkitPro/devkitARM/bin/../lib/gcc/arm-none-eabi/15.2.0/../../../../arm-none-eabi/lib/thumb\libg.a(libc_a-vfiprintf.o)
 .text._vfiprintf_r
                0x0201cd60     0x16d8 C:/devkitPro/devkitARM/bin/../lib/gcc/arm-none-eabi/15.2.0/../../../../arm-none-eabi/lib/thumb\libg.a(libc_a-vfiprintf.o)
                0x0201cd60                _vfiprintf_r
 .text.__sbprintf
                0x0201e438       0x7c C:/devkitPro/devkitARM/bin/../lib/gcc/arm-none-eabi/15.2.0/../../../../arm-none-eabi/lib/thumb\libg.a(libc_a-vfiprintf.o)
 .text.strncmp  0x0201e4b4       0x70 C:/devkitPro/devkitARM/bin/../lib/gcc/arm-none-eabi/15.2.0/../../../../arm-none-eabi/lib/thumb\libg.a(libc_a-strncmp.o)
                0x0201e4b4                strncmp
 .text._tzset_unlocked_r
                0x0201e524      0x490 C:/devkitPro/devkitARM/bin/../lib/gcc/arm-none-eabi/15.2.0/../../../../arm-none-eabi/lib/thumb\libg.a(libc_a-tzset_r.o)
                0x0201e524                _tzset_unlocked_r
 .text.__match  0x0201e9b4       0x38 C:/devkitPro/devkitARM/bin/../lib/gcc/arm-none-eabi/15.2.0/../../../../arm-none-eabi/lib/thumb\libg.a(libc_a-gdtoa-hexnan.o)
                0x0201e9b4                __match
 .text.__hexnan
                0x0201e9ec      0x1e8 C:/devkitPro/devkitARM/bin/../lib/gcc/arm-none-eabi/15.2.0/../../../../arm-none-eabi/lib/thumb\libg.a(libc_a-gdtoa-hexnan.o)
                0x0201e9ec                __hexnan
 .text.sprintf  0x0201ebd4       0x44 C:/devkitPro/devkitARM/bin/../lib/gcc/arm-none-eabi/15.2.0/../../../../arm-none-eabi/lib/thumb\libg.a(libc_a-sprintf.o)
                0x0201ebd4                sprintf
 .text.lflush   0x0201ec18       0x24 C:/devkitPro/devkitARM/bin/../lib/gcc/arm-none-eabi/15.2.0/../../../../arm-none-eabi/lib/thumb\libg.a(libc_a-refill.o)
 .text.__srefill_r
                0x0201ec3c      0x108 C:/devkitPro/devkitARM/bin/../lib/gcc/arm-none-eabi/15.2.0/../../../../arm-none-eabi/lib/thumb\libg.a(libc_a-refill.o)
                0x0201ec3c                __srefill_r
 .text.nan      0x0201ed44        0xc C:/devkitPro/devkitARM/bin/../lib/gcc/arm-none-eabi/15.2.0/../../../../arm-none-eabi/lib/thumb\libg.a(libm_a-s_nan.o)
                0x0201ed44                nan
 .text.nanf     0x0201ed50        0x8 C:/devkitPro/devkitARM/bin/../lib/gcc/arm-none-eabi/15.2.0/../../../../arm-none-eabi/lib/thumb\libg.a(libm_a-sf_nan.o)
                0x0201ed50                nanf
 .text.frexp    0x0201ed58       0x74 C:/devkitPro/devkitARM/bin/../lib/gcc/arm-none-eabi/15.2.0/../../../../arm-none-eabi/lib/thumb\libg.a(libm_a-s_frexp.o)
                0x0201ed58                frexp
 .text.stpncpy  0x0201edcc       0x74 C:/devkitPro/devkitARM/bin/../lib/gcc/arm-none-eabi/15.2.0/../../../../arm-none-eabi/lib/thumb\libg.a(libc_a-stpncpy.o)
                0x0201edcc                stpncpy
 .text.__env_lock
                0x0201ee40       0x14 C:/devkitPro/devkitARM/bin/../lib/gcc/arm-none-eabi/15.2.0/../../../../arm-none-eabi/lib/thumb\libg.a(libc_a-envlock.o)
                0x0201ee40                __env_lock
 .text.__env_unlock
                0x0201ee54       0x14 C:/devkitPro/devkitARM/bin/../lib/gcc/arm-none-eabi/15.2.0/../../../../arm-none-eabi/lib/thumb\libg.a(libc_a-envlock.o)
                0x0201ee54                __env_unlock
 .text.__assert_func
                0x0201ee68       0x40 C:/devkitPro/devkitARM/bin/../lib/gcc/arm-none-eabi/15.2.0/../../../../arm-none-eabi/lib/thumb\libg.a(libc_a-assert.o)
                0x0201ee68                __assert_func
 .text.iswspace
                0x0201eea8       0x10 C:/devkitPro/devkitARM/bin/../lib/gcc/arm-none-eabi/15.2.0/../../../../arm-none-eabi/lib/thumb\libg.a(libc_a-iswspace.o)
                0x0201eea8                iswspace
 .text._Balloc  0x0201eeb8       0x5c C:/devkitPro/devkitARM/bin/../lib/gcc/arm-none-eabi/15.2.0/../../../../arm-none-eabi/lib/thumb\libg.a(libc_a-mprec.o)
                0x0201eeb8                _Balloc
 .text._Bfree   0x0201ef14       0x14 C:/devkitPro/devkitARM/bin/../lib/gcc/arm-none-eabi/15.2.0/../../../../arm-none-eabi/lib/thumb\libg.a(libc_a-mprec.o)
                0x0201ef14                _Bfree
 .text.__multadd
                0x0201ef28       0xa8 C:/devkitPro/devkitARM/bin/../lib/gcc/arm-none-eabi/15.2.0/../../../../arm-none-eabi/lib/thumb\libg.a(libc_a-mprec.o)
                0x0201ef28                __multadd
 .text.__s2b    0x0201efd0       0xb4 C:/devkitPro/devkitARM/bin/../lib/gcc/arm-none-eabi/15.2.0/../../../../arm-none-eabi/lib/thumb\libg.a(libc_a-mprec.o)
                0x0201efd0                __s2b
 .text.__hi0bits
                0x0201f084       0x60 C:/devkitPro/devkitARM/bin/../lib/gcc/arm-none-eabi/15.2.0/../../../../arm-none-eabi/lib/thumb\libg.a(libc_a-mprec.o)
                0x0201f084                __hi0bits
 .text.__lo0bits
                0x0201f0e4       0x8c C:/devkitPro/devkitARM/bin/../lib/gcc/arm-none-eabi/15.2.0/../../../../arm-none-eabi/lib/thumb\libg.a(libc_a-mprec.o)
                0x0201f0e4                __lo0bits
 .text.__i2b    0x0201f170       0x64 C:/devkitPro/devkitARM/bin/../lib/gcc/arm-none-eabi/15.2.0/../../../../arm-none-eabi/lib/thumb\libg.a(libc_a-mprec.o)
                0x0201f170                __i2b
 .text.__multiply
                0x0201f1d4      0x1b4 C:/devkitPro/devkitARM/bin/../lib/gcc/arm-none-eabi/15.2.0/../../../../arm-none-eabi/lib/thumb\libg.a(libc_a-mprec.o)
                0x0201f1d4                __multiply
 .text.__pow5mult
                0x0201f388       0xd8 C:/devkitPro/devkitARM/bin/../lib/gcc/arm-none-eabi/15.2.0/../../../../arm-none-eabi/lib/thumb\libg.a(libc_a-mprec.o)
                0x0201f388                __pow5mult
 .text.__lshift
                0x0201f460       0xf8 C:/devkitPro/devkitARM/bin/../lib/gcc/arm-none-eabi/15.2.0/../../../../arm-none-eabi/lib/thumb\libg.a(libc_a-mprec.o)
                0x0201f460                __lshift
 .text.__mcmp   0x0201f558       0x50 C:/devkitPro/devkitARM/bin/../lib/gcc/arm-none-eabi/15.2.0/../../../../arm-none-eabi/lib/thumb\libg.a(libc_a-mprec.o)
                0x0201f558                __mcmp
 .text.__mdiff  0x0201f5a8      0x1a4 C:/devkitPro/devkitARM/bin/../lib/gcc/arm-none-eabi/15.2.0/../../../../arm-none-eabi/lib/thumb\libg.a(libc_a-mprec.o)
                0x0201f5a8                __mdiff
 .text.__ulp    0x0201f74c       0x40 C:/devkitPro/devkitARM/bin/../lib/gcc/arm-none-eabi/15.2.0/../../../../arm-none-eabi/lib/thumb\libg.a(libc_a-mprec.o)
                0x0201f74c                __ulp
 .text.__b2d    0x0201f78c       0xc8 C:/devkitPro/devkitARM/bin/../lib/gcc/arm-none-eabi/15.2.0/../../../../arm-none-eabi/lib/thumb\libg.a(libc_a-mprec.o)
                0x0201f78c                __b2d
 .text.__d2b    0x0201f854       0xd4 C:/devkitPro/devkitARM/bin/../lib/gcc/arm-none-eabi/15.2.0/../../../../arm-none-eabi/lib/thumb\libg.a(libc_a-mprec.o)
                0x0201f854                __d2b
 .text.__ratio  0x0201f928       0x60 C:/devkitPro/devkitARM/bin/../lib/gcc/arm-none-eabi/15.2.0/../../../../arm-none-eabi/lib/thumb\libg.a(libc_a-mprec.o)
                0x0201f928                __ratio
 .text.__copybits
                0x0201f988       0x48 C:/devkitPro/devkitARM/bin/../lib/gcc/arm-none-eabi/15.2.0/../../../../arm-none-eabi/lib/thumb\libg.a(libc_a-mprec.o)
                0x0201f988                __copybits
 .text.__any_on
                0x0201f9d0       0x54 C:/devkitPro/devkitARM/bin/../lib/gcc/arm-none-eabi/15.2.0/../../../../arm-none-eabi/lib/thumb\libg.a(libc_a-mprec.o)
                0x0201f9d0                __any_on
 .text._fwalk_sglue
                0x0201fa24       0x4c C:/devkitPro/devkitARM/bin/../lib/gcc/arm-none-eabi/15.2.0/../../../../arm-none-eabi/lib/thumb\libg.a(libc_a-fwalk.o)
                0x0201fa24                _fwalk_sglue
 .text.get_arg  0x0201fa70      0x404 C:/devkitPro/devkitARM/bin/../lib/gcc/arm-none-eabi/15.2.0/../../../../arm-none-eabi/lib/thumb\libg.a(libc_a-vfprintf.o)
 .text._vfprintf_r
                0x0201fe74     0x2394 C:/devkitPro/devkitARM/bin/../lib/gcc/arm-none-eabi/15.2.0/../../../../arm-none-eabi/lib/thumb\libg.a(libc_a-vfprintf.o)
                0x0201fe74                _vfprintf_r
 .text.__sbprintf
                0x02022208       0x7c C:/devkitPro/devkitARM/bin/../lib/gcc/arm-none-eabi/15.2.0/../../../../arm-none-eabi/lib/thumb\libg.a(libc_a-vfprintf.o)
 .text.div      0x02022284       0x18 C:/devkitPro/devkitARM/bin/../lib/gcc/arm-none-eabi/15.2.0/../../../../arm-none-eabi/lib/thumb\libg.a(libc_a-div.o)
                0x02022284                div
 .text._wcrtomb_r
                0x0202229c       0x88 C:/devkitPro/devkitARM/bin/../lib/gcc/arm-none-eabi/15.2.0/../../../../arm-none-eabi/lib/thumb\libg.a(libc_a-wcrtomb.o)
                0x0202229c                _wcrtomb_r
 .text.__submore
                0x02022324       0x7c C:/devkitPro/devkitARM/bin/../lib/gcc/arm-none-eabi/15.2.0/../../../../arm-none-eabi/lib/thumb\libg.a(libc_a-ungetc.o)
                0x02022324                __submore
 .text.__ssprint_r
                0x020223a0       0x60 C:/devkitPro/devkitARM/bin/../lib/gcc/arm-none-eabi/15.2.0/../../../../arm-none-eabi/lib/thumb\libg.a(libc_a-ssprint_r.o)
                0x020223a0                __ssprint_r
 .text.__utf8_mbtowc
                0x02022400      0x24c C:/devkitPro/devkitARM/bin/../lib/gcc/arm-none-eabi/15.2.0/../../../../arm-none-eabi/lib/thumb\libg.a(libc_a-mbtowc_r.o)
                0x02022400                __utf8_mbtowc
 .text.fiprintf
                0x0202264c       0x28 C:/devkitPro/devkitARM/bin/../lib/gcc/arm-none-eabi/15.2.0/../../../../arm-none-eabi/lib/thumb\libg.a(libc_a-fiprintf.o)
                0x0202264c                fiprintf
 .text.__sfvwrite_r
                0x02022674      0x31c C:/devkitPro/devkitARM/bin/../lib/gcc/arm-none-eabi/15.2.0/../../../../arm-none-eabi/lib/thumb\libg.a(libc_a-fvwrite.o)
                0x02022674                __sfvwrite_r
 .text.__tz_lock
                0x02022990       0x14 C:/devkitPro/devkitARM/bin/../lib/gcc/arm-none-eabi/15.2.0/../../../../arm-none-eabi/lib/thumb\libg.a(libc_a-tzlock.o)
                0x02022990                __tz_lock
 .text.__tz_unlock
                0x020229a4       0x14 C:/devkitPro/devkitARM/bin/../lib/gcc/arm-none-eabi/15.2.0/../../../../arm-none-eabi/lib/thumb\libg.a(libc_a-tzlock.o)
                0x020229a4                __tz_unlock
 .text.abort    0x020229b8       0x10 C:/devkitPro/devkitARM/bin/../lib/gcc/arm-none-eabi/15.2.0/../../../../arm-none-eabi/lib/thumb\libg.a(libc_a-abort.o)
                0x020229b8                abort
 .text.strcpy   0x020229c8       0x10 C:/devkitPro/devkitARM/bin/../lib/gcc/arm-none-eabi/15.2.0/../../../../arm-none-eabi/lib/thumb\libg.a(libc_a-strcpy.o)
                0x020229c8                strcpy
 .text.__sflush_r
                0x020229d8      0x180 C:/devkitPro/devkitARM/bin/../lib/gcc/arm-none-eabi/15.2.0/../../../../arm-none-eabi/lib/thumb\libg.a(libc_a-fflush.o)
                0x020229d8                __sflush_r
 .text._fflush_r
                0x02022b58       0x70 C:/devkitPro/devkitARM/bin/../lib/gcc/arm-none-eabi/15.2.0/../../../../arm-none-eabi/lib/thumb\libg.a(libc_a-fflush.o)
                0x02022b58                _fflush_r
 .text.__sprint_r
                0x02022bc8       0x24 C:/devkitPro/devkitARM/bin/../lib/gcc/arm-none-eabi/15.2.0/../../../../arm-none-eabi/lib/thumb\libg.a(libc_a-sprint_r.o)
                0x02022bc8                __sprint_r
 .text.quorem   0x02022bec      0x160 C:/devkitPro/devkitARM/bin/../lib/gcc/arm-none-eabi/15.2.0/../../../../arm-none-eabi/lib/thumb\libg.a(libc_a-dtoa.o)
 .text._dtoa_r  0x02022d4c     0x10a0 C:/devkitPro/devkitARM/bin/../lib/gcc/arm-none-eabi/15.2.0/../../../../arm-none-eabi/lib/thumb\libg.a(libc_a-dtoa.o)
                0x02022d4c                _dtoa_r
 .text._wcsrtombs_r
                0x02023dec       0x20 C:/devkitPro/devkitARM/bin/../lib/gcc/arm-none-eabi/15.2.0/../../../../arm-none-eabi/lib/thumb\libg.a(libc_a-wcsrtombs.o)
                0x02023dec                _wcsrtombs_r
 .text.memmove  0x02023e0c      0x108 C:/devkitPro/devkitARM/bin/../lib/gcc/arm-none-eabi/15.2.0/../../../../arm-none-eabi/lib/thumb\libg.a(libc_a-memmove.o)
                0x02023e0c                memmove
 .text.iswspace_l
                0x02023f14       0x28 C:/devkitPro/devkitARM/bin/../lib/gcc/arm-none-eabi/15.2.0/../../../../arm-none-eabi/lib/thumb\libg.a(libc_a-iswspace_l.o)
                0x02023f14                iswspace_l
 .text.__ssputs_r
                0x02023f3c       0xd4 C:/devkitPro/devkitARM/bin/../lib/gcc/arm-none-eabi/15.2.0/../../../../arm-none-eabi/lib/thumb\libg.a(libc_a-ssputs_r.o)
                0x02023f3c                __ssputs_r
 .text._wcsnrtombs_l
                0x02024010      0x120 C:/devkitPro/devkitARM/bin/../lib/gcc/arm-none-eabi/15.2.0/../../../../arm-none-eabi/lib/thumb\libg.a(libc_a-wcsnrtombs.o)
                0x02024010                _wcsnrtombs_l
 .text._wcsnrtombs_r
                0x02024130       0x40 C:/devkitPro/devkitARM/bin/../lib/gcc/arm-none-eabi/15.2.0/../../../../arm-none-eabi/lib/thumb\libg.a(libc_a-wcsnrtombs.o)
                0x02024130                _wcsnrtombs_r
 .text._raise_r
                0x02024170       0x60 C:/devkitPro/devkitARM/bin/../lib/gcc/arm-none-eabi/15.2.0/../../../../arm-none-eabi/lib/thumb\libg.a(libc_a-signal.o)
                0x02024170                _raise_r
 .text.raise    0x020241d0       0x14 C:/devkitPro/devkitARM/bin/../lib/gcc/arm-none-eabi/15.2.0/../../../../arm-none-eabi/lib/thumb\libg.a(libc_a-signal.o)
                0x020241d0                raise
 .text.category
                0x020241e4       0x5c C:/devkitPro/devkitARM/bin/../lib/gcc/arm-none-eabi/15.2.0/../../../../arm-none-eabi/lib/thumb\libg.a(libc_a-categories.o)
                0x020241e4                category
 .text._exit    0x02024240       0x14 C:/devkitPro/devkitARM/bin/../lib/gcc/arm-none-eabi/15.2.0/../../../../arm-none-eabi/lib/thumb\libsysbase.a(libsysbase_libsysbase_a-_exit.o)
                0x02024240                _exit
 .text.chdir    0x02024254       0xe4 C:/devkitPro/devkitARM/bin/../lib/gcc/arm-none-eabi/15.2.0/../../../../arm-none-eabi/lib/thumb\libsysbase.a(libsysbase_libsysbase_a-chdir.o)
                0x02024254                chdir
 .text._concatenate_path
                0x02024338      0x134 C:/devkitPro/devkitARM/bin/../lib/gcc/arm-none-eabi/15.2.0/../../../../arm-none-eabi/lib/thumb\libsysbase.a(libsysbase_libsysbase_a-concatenate.o)
                0x02024338                _concatenate_path
 .text.__dirnext
                0x0202446c       0x4c C:/devkitPro/devkitARM/bin/../lib/gcc/arm-none-eabi/15.2.0/../../../../arm-none-eabi/lib/thumb\libsysbase.a(libsysbase_libsysbase_a-dirent.o)
 .text.opendir  0x020244b8       0xc0 C:/devkitPro/devkitARM/bin/../lib/gcc/arm-none-eabi/15.2.0/../../../../arm-none-eabi/lib/thumb\libsysbase.a(libsysbase_libsysbase_a-dirent.o)
                0x020244b8                opendir
 .text.closedir
                0x02024578       0x70 C:/devkitPro/devkitARM/bin/../lib/gcc/arm-none-eabi/15.2.0/../../../../arm-none-eabi/lib/thumb\libsysbase.a(libsysbase_libsysbase_a-dirent.o)
                0x02024578                closedir
 .text.readdir_r
                0x020245e8       0x8c C:/devkitPro/devkitARM/bin/../lib/gcc/arm-none-eabi/15.2.0/../../../../arm-none-eabi/lib/thumb\libsysbase.a(libsysbase_libsysbase_a-dirent.o)
                0x020245e8                readdir_r
 .text.readdir  0x02024674       0x28 C:/devkitPro/devkitARM/bin/../lib/gcc/arm-none-eabi/15.2.0/../../../../arm-none-eabi/lib/thumb\libsysbase.a(libsysbase_libsysbase_a-dirent.o)
                0x02024674                readdir
 .text._fstat_r
                0x0202469c       0x5c C:/devkitPro/devkitARM/bin/../lib/gcc/arm-none-eabi/15.2.0/../../../../arm-none-eabi/lib/thumb\libsysbase.a(libsysbase_libsysbase_a-fstat.o)
                0x0202469c                _fstat_r
 .text._getpid_r
                0x020246f8        0xc C:/devkitPro/devkitARM/bin/../lib/gcc/arm-none-eabi/15.2.0/../../../../arm-none-eabi/lib/thumb\libsysbase.a(libsysbase_libsysbase_a-getpid.o)
                0x020246f8                _getpid_r
 .text.__getreent
                0x02024704       0x20 C:/devkitPro/devkitARM/bin/../lib/gcc/arm-none-eabi/15.2.0/../../../../arm-none-eabi/lib/thumb\libsysbase.a(libsysbase_libsysbase_a-getreent.o)
                0x02024704                __getreent
 .text._gettimeofday_r
                0x02024724       0x20 C:/devkitPro/devkitARM/bin/../lib/gcc/arm-none-eabi/15.2.0/../../../../arm-none-eabi/lib/thumb\libsysbase.a(libsysbase_libsysbase_a-gettod.o)
                0x02024724                _gettimeofday_r
 .text.__release_handle
                0x02024744       0x6c C:/devkitPro/devkitARM/bin/../lib/gcc/arm-none-eabi/15.2.0/../../../../arm-none-eabi/lib/thumb\libsysbase.a(libsysbase_libsysbase_a-handle_manager.o)
                0x02024744                __release_handle
 .text.__alloc_handle
                0x020247b0       0x7c C:/devkitPro/devkitARM/bin/../lib/gcc/arm-none-eabi/15.2.0/../../../../arm-none-eabi/lib/thumb\libsysbase.a(libsysbase_libsysbase_a-handle_manager.o)
                0x020247b0                __alloc_handle
 .text.__get_handle
                0x0202482c       0x34 C:/devkitPro/devkitARM/bin/../lib/gcc/arm-none-eabi/15.2.0/../../../../arm-none-eabi/lib/thumb\libsysbase.a(libsysbase_libsysbase_a-handle_manager.o)
                0x0202482c                __get_handle
 .text._close_r
                0x02024860       0xb0 C:/devkitPro/devkitARM/bin/../lib/gcc/arm-none-eabi/15.2.0/../../../../arm-none-eabi/lib/thumb\libsysbase.a(libsysbase_libsysbase_a-handle_manager.o)
                0x02024860                _close_r
 .text.null_write
                0x02024910        0x4 C:/devkitPro/devkitARM/bin/../lib/gcc/arm-none-eabi/15.2.0/../../../../arm-none-eabi/lib/thumb\libsysbase.a(libsysbase_libsysbase_a-iosupport.o)
 .text.setDefaultDevice
                0x02024914       0x10 C:/devkitPro/devkitARM/bin/../lib/gcc/arm-none-eabi/15.2.0/../../../../arm-none-eabi/lib/thumb\libsysbase.a(libsysbase_libsysbase_a-iosupport.o)
                0x02024914                setDefaultDevice
 .text.FindDevice
                0x02024924       0x64 C:/devkitPro/devkitARM/bin/../lib/gcc/arm-none-eabi/15.2.0/../../../../arm-none-eabi/lib/thumb\libsysbase.a(libsysbase_libsysbase_a-iosupport.o)
                0x02024924                FindDevice
 .text.AddDevice
                0x02024988       0x68 C:/devkitPro/devkitARM/bin/../lib/gcc/arm-none-eabi/15.2.0/../../../../arm-none-eabi/lib/thumb\libsysbase.a(libsysbase_libsysbase_a-iosupport.o)
                0x02024988                AddDevice
 .text.GetDeviceOpTab
                0x020249f0       0x20 C:/devkitPro/devkitARM/bin/../lib/gcc/arm-none-eabi/15.2.0/../../../../arm-none-eabi/lib/thumb\libsysbase.a(libsysbase_libsysbase_a-iosupport.o)
                0x020249f0                GetDeviceOpTab
 .text._isatty_r
                0x02024a10        0x4 C:/devkitPro/devkitARM/bin/../lib/gcc/arm-none-eabi/15.2.0/../../../../arm-none-eabi/lib/thumb\libsysbase.a(libsysbase_libsysbase_a-isatty.o)
                0x02024a10                _isatty_r
 .text._kill_r  0x02024a14        0xc C:/devkitPro/devkitARM/bin/../lib/gcc/arm-none-eabi/15.2.0/../../../../arm-none-eabi/lib/thumb\libsysbase.a(libsysbase_libsysbase_a-kill.o)
                0x02024a14                _kill_r
 .text._lseek_r
                0x02024a20       0x64 C:/devkitPro/devkitARM/bin/../lib/gcc/arm-none-eabi/15.2.0/../../../../arm-none-eabi/lib/thumb\libsysbase.a(libsysbase_libsysbase_a-lseek.o)
                0x02024a20                _lseek_r
 .text._open_r  0x02024a84       0x8c C:/devkitPro/devkitARM/bin/../lib/gcc/arm-none-eabi/15.2.0/../../../../arm-none-eabi/lib/thumb\libsysbase.a(libsysbase_libsysbase_a-open.o)
                0x02024a84                _open_r
 .text._read_r  0x02024b10       0x5c C:/devkitPro/devkitARM/bin/../lib/gcc/arm-none-eabi/15.2.0/../../../../arm-none-eabi/lib/thumb\libsysbase.a(libsysbase_libsysbase_a-read.o)
                0x02024b10                _read_r
 .text._sbrk_r  0x02024b6c       0x50 C:/devkitPro/devkitARM/bin/../lib/gcc/arm-none-eabi/15.2.0/../../../../arm-none-eabi/lib/thumb\libsysbase.a(libsysbase_libsysbase_a-sbrk.o)
                0x02024b6c                _sbrk_r
 .text.__libc_lock_acquire
                0x02024bbc       0x18 C:/devkitPro/devkitARM/bin/../lib/gcc/arm-none-eabi/15.2.0/../../../../arm-none-eabi/lib/thumb\libsysbase.a(libsysbase_libsysbase_a-syscall_support.o)
                0x02024bbc                __libc_lock_acquire
 .text.__libc_lock_release
                0x02024bd4       0x18 C:/devkitPro/devkitARM/bin/../lib/gcc/arm-none-eabi/15.2.0/../../../../arm-none-eabi/lib/thumb\libsysbase.a(libsysbase_libsysbase_a-syscall_support.o)
                0x02024bd4                __libc_lock_release
 .text.__libc_lock_acquire_recursive
                0x02024bec       0x18 C:/devkitPro/devkitARM/bin/../lib/gcc/arm-none-eabi/15.2.0/../../../../arm-none-eabi/lib/thumb\libsysbase.a(libsysbase_libsysbase_a-syscall_support.o)
                0x02024bec                __libc_lock_acquire_recursive
 .text.__libc_lock_release_recursive
                0x02024c04       0x18 C:/devkitPro/devkitARM/bin/../lib/gcc/arm-none-eabi/15.2.0/../../../../arm-none-eabi/lib/thumb\libsysbase.a(libsysbase_libsysbase_a-syscall_support.o)
                0x02024c04                __libc_lock_release_recursive
 .text._write_r
                0x02024c1c       0x5c C:/devkitPro/devkitARM/bin/../lib/gcc/arm-none-eabi/15.2.0/../../../../arm-none-eabi/lib/thumb\libsysbase.a(libsysbase_libsysbase_a-write.o)
                0x02024c1c                _write_r
 .text          0x02024c78       0x14 C:/devkitPro/devkitARM/bin/../lib/gcc/arm-none-eabi/15.2.0/thumb\libgcc.a(_thumb1_case_uqi.o)
                0x02024c78                __gnu_thumb1_case_uqi
 .text          0x02024c8c       0x14 C:/devkitPro/devkitARM/bin/../lib/gcc/arm-none-eabi/15.2.0/thumb\libgcc.a(_thumb1_case_uhi.o)
                0x02024c8c                __gnu_thumb1_case_uhi
 .text          0x02024ca0      0x424 C:/devkitPro/devkitARM/bin/../lib/gcc/arm-none-eabi/15.2.0/thumb\libgcc.a(_arm_addsubdf3.o)
                0x02024ca0                __aeabi_drsub
                0x02024ca8                __aeabi_dsub
                0x02024ca8                __subdf3
                0x02024cac                __aeabi_dadd
                0x02024cac                __adddf3
                0x02024fbc                __floatunsidf
                0x02024fbc                __aeabi_ui2d
                0x02024fe0                __floatsidf
                0x02024fe0                __aeabi_i2d
                0x02025008                __aeabi_f2d
                0x02025008                __extendsfdf2
                0x02025050                __floatundidf
                0x02025050                __aeabi_ul2d
                0x02025064                __floatdidf
                0x02025064                __aeabi_l2d
 .text          0x020250c4      0x49c C:/devkitPro/devkitARM/bin/../lib/gcc/arm-none-eabi/15.2.0/thumb\libgcc.a(_arm_muldivdf3.o)
                0x020250c4                __aeabi_dmul
                0x020250c4                __muldf3
                0x02025354                __divdf3
                0x02025354                __aeabi_ddiv
 .text          0x02025560      0x144 C:/devkitPro/devkitARM/bin/../lib/gcc/arm-none-eabi/15.2.0/thumb\libgcc.a(_arm_cmpdf2.o)
                0x02025560                __gtdf2
                0x02025560                __gedf2
                0x02025568                __ltdf2
                0x02025568                __ledf2
                0x02025570                __nedf2
                0x02025570                __eqdf2
                0x02025570                __cmpdf2
                0x020255f8                __aeabi_cdrcmple
                0x02025614                __aeabi_cdcmpeq
                0x02025614                __aeabi_cdcmple
                0x0202562c                __aeabi_dcmpeq
                0x02025644                __aeabi_dcmplt
                0x0202565c                __aeabi_dcmple
                0x02025674                __aeabi_dcmpge
                0x0202568c                __aeabi_dcmpgt