Archive member included to satisfy reference by file (symbol)

C:/devkitPro/libnds/lib\libfat.a(fat_wrappers.o)
                              main.o (fatInitDefault)
C:/devkitPro/libnds/lib\libfat.a(dvm_calico.o)
                              C:/devkitPro/libnds/lib\libfat.a(fat_wrappers.o) (dvmInit)
C:/devkitPro/libnds/lib\libfat.a(dvm_disc.o)
                              C:/devkitPro/libnds/lib\libfat.a(fat_wrappers.o) (dvmDiscCreate)
C:/devkitPro/libnds/lib\libfat.a(dvm_cache.o)
                              C:/devkitPro/libnds/lib\libfat.a(fat_wrappers.o) (dvmDiscCacheCreate)
C:/devkitPro/libnds/lib\libfat.a(dvm_volume.o)
                              C:/devkitPro/libnds/lib\libfat.a(fat_wrappers.o) (dvmMountVolume)
C:/devkitPro/libnds/lib\libfat.a(dvm_prober.o)
                              C:/devkitPro/libnds/lib\libfat.a(dvm_calico.o) (dvmProbeMountDisc)
C:/devkitPro/libnds/lib\libfat.a(fat_driver.o)
                              C:/devkitPro/libnds/lib\libfat.a(dvm_volume.o) (g_vfatFsDriver)
C:/devkitPro/libnds/lib\libfat.a(ff.o)
                              C:/devkitPro/libnds/lib\libfat.a(fat_driver.o) (f_mount)
C:/devkitPro/libnds/lib\libfat.a(ffunicode.o)
                              C:/devkitPro/libnds/lib\libfat.a(ff.o) (ff_uni2oem)
C:/devkitPro/libnds/lib\libnds9.a(console.o)
                              main.o (consoleSelect)
C:/devkitPro/libnds/lib\libnds9.a(exceptionDefault.o)
                              main.o (defaultExceptionHandler)
C:/devkitPro/libnds/lib\libnds9.a(gurumeditation.o)
                              C:/devkitPro/libnds/lib\libnds9.a(exceptionDefault.o) (guruMeditationDump)
C:/devkitPro/libnds/lib\libnds9.a(keys.o)
                              main.o (scanKeys)
C:/devkitPro/libnds/lib\libnds9.a(system.o)
                              main.o (powerOn)
C:/devkitPro/libnds/lib\libnds9.a(exceptionEntry.o)
                              C:/devkitPro/libnds/lib\libnds9.a(exceptionDefault.o) (__libnds_excpt)
C:/devkitPro/libnds/lib\libnds9.a(default_font.bin.o)
                              C:/devkitPro/libnds/lib\libnds9.a(console.o) (default_font_bin)
C:/devkitPro/libnds/lib\libnds9.a(background.o)
                              C:/devkitPro/libnds/lib\libnds9.a(console.o) (bgState)
C:/devkitPro/libnds/lib\libnds9.a(trig.o)
                              C:/devkitPro/libnds/lib\libnds9.a(background.o) (sinLerp)
C:/devkitPro/calico/lib\libcalico_ds9.a(thread_cold.o)
                              main.o (threadIrqWait)
C:/devkitPro/calico/lib\libcalico_ds9.a(thread_hot.32.o)
                              C:/devkitPro/calico/lib\libcalico_ds9.a(thread_cold.o) (threadSwitchTo)
C:/devkitPro/calico/lib\libcalico_ds9.a(mutex.o)
                              C:/devkitPro/calico/lib\libcalico_ds9.a(thread_cold.o) (threadUpdateDynamicPrio)
C:/devkitPro/calico/lib\libcalico_ds9.a(dietprint.o)
                              C:/devkitPro/libnds/lib\libnds9.a(exceptionDefault.o) (g_dietPrintFn)
C:/devkitPro/calico/lib\libcalico_ds9.a(newlib_syscalls.o)
                              C:/devkitPro/libnds/lib\libfat.a(fat_driver.o) (__errno)
C:/devkitPro/calico/lib\libcalico_ds9.a(arm-copy-fill.32.o)
                              C:/devkitPro/libnds/lib\libfat.a(dvm_calico.o) (armCopyMem32)
C:/devkitPro/calico/lib\libcalico_ds9.a(arm-context.32.o)
                              C:/devkitPro/calico/lib\libcalico_ds9.a(thread_hot.32.o) (armContextSave)
C:/devkitPro/calico/lib\libcalico_ds9.a(arm-shims.32.o)
                              C:/devkitPro/calico/lib\libcalico_ds9.a(thread_cold.o) (armWaitForIrq)
C:/devkitPro/calico/lib\libcalico_ds9.a(startup.crt0.o)
                              C:/devkitPro/libnds/lib\libfat.a(dvm_calico.o) (g_isTwlMode)
C:/devkitPro/calico/lib\libcalico_ds9.a(utils.crt0.o)
                              C:/devkitPro/calico/lib\libcalico_ds9.a(startup.crt0.o) (crt0CopyMem32)
C:/devkitPro/calico/lib\libcalico_ds9.a(pxi.o)
                              C:/devkitPro/calico/lib\libcalico_ds9.a(startup.crt0.o) (_pxiInit)
C:/devkitPro/calico/lib\libcalico_ds9.a(keypad.o)
                              C:/devkitPro/libnds/lib\libnds9.a(keys.o) (keypadGetState)
C:/devkitPro/calico/lib\libcalico_ds9.a(bootstub_arm9.o)
                              (__ds9_bootstub)
C:/devkitPro/calico/lib\libcalico_ds9.a(mpu_setup.crt0.o)
                              C:/devkitPro/calico/lib\libcalico_ds9.a(startup.crt0.o) (crt0SetupMPU)
C:/devkitPro/calico/lib\libcalico_ds9.a(sys_startup.o)
                              C:/devkitPro/calico/lib\libcalico_ds9.a(startup.crt0.o) (systemStartup)
C:/devkitPro/calico/lib\libcalico_ds9.a(excpt_handler.32.o)
                              C:/devkitPro/calico/lib\libcalico_ds9.a(bootstub_arm9.o) (__arm_excpt_rst)
C:/devkitPro/calico/lib\libcalico_ds9.a(touch.o)
                              C:/devkitPro/libnds/lib\libnds9.a(keys.o) (touchRead)
[...]
Memory Configuration

Name             Origin             Length             Attributes
lma9             0x02004000         0x0027c000
lma9i            0x02400000         0x00280000
vectors          0x00000000         0x00000020
itcm             0x01ff8020         0x00007fe0
main             0x02001000         0x00f7f000
dtcm             0x02ff0000         0x00003e80
dldi             0x0380b000         0x00004000
stub             0x0e000000         0x00004000
tls              0x00000000         0x00000400
*default*        0x00000000         0xffffffff

Linker script and memory map

                0x00000000                        __sync_synchronize = __sync_synchronize_none
LOAD C:/devkitPro/devkitARM/bin/../lib/gcc/arm-none-eabi/15.2.0/thumb/crti.o
LOAD C:/devkitPro/devkitARM/bin/../lib/gcc/arm-none-eabi/15.2.0/thumb/crtbegin.o
LOAD main.o
LOAD psx.o
LOAD psx_cdrom.o
LOAD psx_debug.o
LOAD psx_dma.o
LOAD psx_exe.o
LOAD psx_gpu.o
LOAD psx_menu.o
LOAD psx_slot2.o
LOAD psx_spu.o
LOAD C:/devkitPro/libnds/lib\libfat.a
LOAD C:/devkitPro/libnds/lib\libnds9.a
LOAD C:/devkitPro/calico/lib\libcalico_ds9.a
START GROUP
LOAD C:/devkitPro/devkitARM/bin/../lib/gcc/arm-none-eabi/15.2.0/thumb\libgcc.a
LOAD C:/devkitPro/devkitARM/bin/../lib/gcc/arm-none-eabi/15.2.0/../../../../arm-none-eabi/lib/thumb\libg.a
LOAD C:/devkitPro/devkitARM/bin/../lib/gcc/arm-none-eabi/15.2.0/../../../../arm-none-eabi/lib/thumb\libc.a
LOAD C:/devkitPro/devkitARM/bin/../lib/gcc/arm-none-eabi/15.2.0/../../../../arm-none-eabi/lib/thumb\libsysbase.a
END GROUP
LOAD C:/devkitPro/devkitARM/bin/../lib/gcc/arm-none-eabi/15.2.0/thumb/crtend.o
LOAD C:/devkitPro/devkitARM/bin/../lib/gcc/arm-none-eabi/15.2.0/thumb/crtn.o
                0x02ff3e80                        PROVIDE (__sp_usr = (ORIGIN (dtcm) + LENGTH (dtcm)))
                0x02ff3f80                        PROVIDE (__sp_irq = (__sp_usr + 0x100))
                0x02ff3fc0                        PROVIDE (__sp_svc = (__sp_irq + 0x40))
                0x02ff3ff8                        PROVIDE (__irq_flags = (__sp_svc + 0x38))
                [!provide]                        PROVIDE (__irq_vector = (__sp_svc + 0x3c))
                [!provide]                        PROVIDE (__arm_excpt_rst = 0xffff0000)
                [!provide]                        PROVIDE (__arm_excpt_und = 0xffff0004)
                0xffff0008                        PROVIDE (__arm_excpt_svc = 0xffff0008)
                [!provide]                        PROVIDE (__arm_excpt_pabt = 0xffff000c)
                [!provide]                        PROVIDE (__arm_excpt_dabt = 0xffff0010)
                [!provide]                        PROVIDE (__arm_excpt_irq = 0xffff0018)
                [!provide]                        PROVIDE (__arm_excpt_fiq = 0xffff001c)
                0x00000000                        PROVIDE (__end__ = 0x0)

.secure         0x0e000000      0x800 load address 0x02004000
                0x0e0007fc                        . = (. + 0x7fc)
 *fill*         0x0e000000      0x7fc 00000000
                0x0e0007fc        0x4 LONG 0x0

.bootstub       0x0e000800      0x198 load address 0x02004800
 *(.bootstub .bootstub.*)
 .bootstub.__ds9_bootstub
                0x0e000800      0x198 C:/devkitPro/calico/lib\libcalico_ds9.a(bootstub_arm9.o)
                0x0e000800                __ds9_bootstub
                0x0e000998                        . = ALIGN (0x4)

.crt0           0x02001000      0x3c0 load address 0x02004998
 *(.crt0 .crt0.*)
 .crt0.__ds9_bootstub_trampoline
                0x02001000       0x60 C:/devkitPro/calico/lib\libcalico_ds9.a(bootstub_arm9.o)
 *.crt0.*(.text .stub .text.* .gnu.linkonce.t.*)
 .text.crt0ProcessLoadList
                0x02001060       0x74 C:/devkitPro/calico/lib\libcalico_ds9.a(startup.crt0.o)
                0x02001060                crt0ProcessLoadList
 .text.crt0Startup
                0x020010d4      0x180 C:/devkitPro/calico/lib\libcalico_ds9.a(startup.crt0.o)
                0x020010d4                crt0Startup
 .text.crt0CopyMem32
                0x02001254       0x4c C:/devkitPro/calico/lib\libcalico_ds9.a(utils.crt0.o)
                0x02001254                crt0CopyMem32
 .text.crt0FillMem32
                0x020012a0       0x58 C:/devkitPro/calico/lib\libcalico_ds9.a(utils.crt0.o)
                0x020012a0                crt0FillMem32
 .text.crt0SetupMPU
                0x020012f8       0xb4 C:/devkitPro/calico/lib\libcalico_ds9.a(mpu_setup.crt0.o)
                0x020012f8                crt0SetupMPU
 *.crt0.*(.glue_7t .glue_7 .vfp11_veneer .v4_bx)
 *.crt0.*(.rodata .rodata.* .gnu.linkonce.r.*)
 *.crt0.*(.rodata1)
                0x020013c0                        . = ALIGN (0x20)
 *fill*         0x020013ac       0x14 ff
                0x02004998                        PROVIDE (__crt0_lma = LOADADDR (.crt0))
                0x02001000                        PROVIDE (__crt0_start = ADDR (.crt0))
                0x020013c0                        PROVIDE (__crt0_end = (ADDR (.crt0) + SIZEOF (.crt0)))
                0x00000001                        ASSERT (((__crt0_end <= LOADADDR (.bootstub)) || (__crt0_start >= (LOADADDR (.bootstub) + SIZEOF (.bootstub)))), Error: crt0 section overlaps initial bootstrap)

.dldi           0x0380b000     0x4000 load address 0x02004d58
 *(.dldi)
 .dldi          0x0380b000     0x4000 C:/devkitPro/calico/lib\libcalico_ds9.a(dldi_stub.o)
                0x0380b000                __dldi_start
                0x02004d58                        PROVIDE (__dldi_lma = SIZEOF (.dldi)?LOADADDR (.dldi):0x0)

.vectors        0x00000000       0x20 load address 0x02008d58
 *(.vectors)
 .vectors       0x00000000       0x20 C:/devkitPro/calico/lib\libcalico_ds9.a(bootstub_arm9.o)

.itcm           0x01ff8020      0x6c8 load address 0x02008d78
 *(.itcm .itcm.*)
 .itcm          0x01ff8020       0x30 C:/devkitPro/calico/lib\libcalico_ds9.a(bootstub_arm9.o)
                0x01ff8038                __excpt_vectors
 *.itcm.*(.text .stub .text.* .gnu.linkonce.t.*)
 *.32.o(.text .stub .text.* .gnu.linkonce.t.*)
 .text.threadSwitchTo
                0x01ff8050       0x7c C:/devkitPro/calico/lib\libcalico_ds9.a(thread_hot.32.o)
                0x01ff8050                threadSwitchTo
 .text.threadBlock
                0x01ff80cc       0xd4 C:/devkitPro/calico/lib\libcalico_ds9.a(thread_hot.32.o)
                0x01ff80cc                threadBlock
 .text.threadUnblockOneByValue
                0x01ff81a0       0xd4 C:/devkitPro/calico/lib\libcalico_ds9.a(thread_hot.32.o)
                0x01ff81a0                threadUnblockOneByValue
 .text.threadUnblockAllByValue
                0x01ff8274      0x138 C:/devkitPro/calico/lib\libcalico_ds9.a(thread_hot.32.o)
                0x01ff8274                threadUnblockAllByValue
 .text.threadUnblockAllByMask
                0x01ff83ac       0xf0 C:/devkitPro/calico/lib\libcalico_ds9.a(thread_hot.32.o)
                0x01ff83ac                threadUnblockAllByMask
 .text.armCopyMem32
                0x01ff849c       0x4c C:/devkitPro/calico/lib\libcalico_ds9.a(arm-copy-fill.32.o)
                0x01ff849c                armCopyMem32
 .text.armContextSave
                0x01ff84e8       0x2c C:/devkitPro/calico/lib\libcalico_ds9.a(arm-context.32.o)
                0x01ff84e8                armContextSave
 .text.armContextLoad
                0x01ff8514       0x20 C:/devkitPro/calico/lib\libcalico_ds9.a(arm-context.32.o)
                0x01ff8514                armContextLoad
                0x01ff8518                armContextLoadFromSvc
 .text.armWaitForIrq
                0x01ff8534        0x8 C:/devkitPro/calico/lib\libcalico_ds9.a(arm-shims.32.o)
                0x01ff8534                armWaitForIrq
 .text.__excpt_entry
                0x01ff853c       0x50 C:/devkitPro/calico/lib\libcalico_ds9.a(excpt_handler.32.o)
                0x01ff853c                __arm_excpt_rst
                0x01ff8540                __arm_excpt_pabt
                0x01ff8544                __arm_excpt_und
                0x01ff8550                __arm_excpt_dabt
 .text.armDrainWriteBuffer
                0x01ff858c        0xc C:/devkitPro/calico/lib\libcalico_ds9.a(arm-cache.32.o)
                0x01ff858c                armDrainWriteBuffer
 .text.armDCacheFlushAll
                0x01ff8598       0x28 C:/devkitPro/calico/lib\libcalico_ds9.a(arm-cache.32.o)
                0x01ff8598                armDCacheFlushAll
 .text.armDCacheFlush
                0x01ff85c0       0x1c C:/devkitPro/calico/lib\libcalico_ds9.a(arm-cache.32.o)
                0x01ff85c0                armDCacheFlush
 .text.armDCacheInvalidate
                0x01ff85dc       0x1c C:/devkitPro/calico/lib\libcalico_ds9.a(arm-cache.32.o)
                0x01ff85dc                armDCacheInvalidate
 .text.armICacheInvalidateAll
                0x01ff85f8        0xc C:/devkitPro/calico/lib\libcalico_ds9.a(arm-cache.32.o)
                0x01ff85f8                armICacheInvalidateAll
 .text.__arm_excpt_irq
                0x01ff8604       0xe4 C:/devkitPro/calico/lib\libcalico_ds9.a(irq_handler.32.o)
                0x01ff8604                __arm_excpt_irq
 *.itcm.*(.glue_7t .glue_7 .vfp11_veneer .v4_bx)
 *.32.o(.glue_7t .glue_7 .vfp11_veneer .v4_bx)
 *.itcm.*(.rodata .rodata.* .gnu.linkonce.r.*)
 *.32.o(.rodata .rodata.* .gnu.linkonce.r.*)
 *.itcm.*(.rodata1)
 *.32.o(.rodata1)
                0x01ff86e8                        . = ALIGN (0x4)
                0x02008d58                        PROVIDE (__itcm_lma = LOADADDR (.vectors))
                0x01ff8000                        PROVIDE (__itcm_start = (ADDR (.itcm) - SIZEOF (.vectors)))
                0x01ff86e8                        PROVIDE (__itcm_end = (ADDR (.itcm) + SIZEOF (.itcm)))
                0x00000001                        ASSERT (((__itcm_lma + SIZEOF (.vectors)) == LOADADDR (.itcm)), Error: gap between vectors and itcm)

.dtcm           0x02ff0000        0x0 load address 0x02009440
 *(.dtcm .dtcm.*)
 *.32.o(.data .data.* .gnu.linkonce.d.*)
 *.32.o(.data1)
                0x02ff0000                        . = ALIGN (0x4)
                [!provide]                        PROVIDE (__dtcm_lma = LOADADDR (.dtcm))
                0x02ff0000                        PROVIDE (__dtcm_start = ADDR (.dtcm))
                0x02ff0000                        PROVIDE (__dtcm_end = (ADDR (.dtcm) + SIZEOF (.dtcm)))

.dtcm.bss       0x02ff0000       0x98 load address 0x02009440
 *(.sbss .sbss.*)
 *.32.o(.dynbss)
 *.32.o(.bss .bss.* .gnu.linkonce.b.*)
 .bss.__irq_table
                0x02ff0000       0x80 C:/devkitPro/calico/lib\libcalico_ds9.a(thread_hot.32.o)
                0x02ff0000                __irq_table
 .bss.__sched_state
                0x02ff0080       0x18 C:/devkitPro/calico/lib\libcalico_ds9.a(thread_hot.32.o)
                0x02ff0080                __sched_state
 *.32.o(COMMON)
                0x02ff0098                        . = ALIGN (0x4)
                [!provide]                        PROVIDE (__dtcm_bss_start = ADDR (.dtcm.bss))
                0x02ff0098                        PROVIDE (__dtcm_bss_end = (ADDR (.dtcm.bss) + SIZEOF (.dtcm.bss)))

.main           0x020013c0    0x27068 load address 0x02009440
 *(SORT_NONE(.init))
 .init          0x020013c0        0x4 C:/devkitPro/devkitARM/bin/../lib/gcc/arm-none-eabi/15.2.0/thumb/crti.o
                0x020013c0                _init
 .init          0x020013c4        0x8 C:/devkitPro/devkitARM/bin/../lib/gcc/arm-none-eabi/15.2.0/thumb/crtn.o
 EXCLUDE_FILE(*.twl.*) *(.text.unlikely .text.*_unlikely .text.unlikely.*)
 EXCLUDE_FILE(*.twl.*) *(.text.exit .text.exit.*)
 .text.exit     0x020013cc       0x24 C:/devkitPro/devkitARM/bin/../lib/gcc/arm-none-eabi/15.2.0/../../../../arm-none-eabi/lib/thumb\libg.a(libc_a-exit.o)
                0x020013cc                exit
 EXCLUDE_FILE(*.twl.*) *(.text.startup .text.startup.*)
 .text.startup.main
                0x020013f0      0x8b0 main.o
                0x020013f0                main
 EXCLUDE_FILE(*.twl.*) *(.text.hot .text.hot.*)
 EXCLUDE_FILE(*.twl.*) *(.text .iplt .stub .text.* .gnu.linkonce.t.*)
 .text.__do_global_dtors_aux
                0x02001ca0       0x2c C:/devkitPro/devkitARM/bin/../lib/gcc/arm-none-eabi/15.2.0/thumb/crtbegin.o
 .text.frame_dummy
                0x02001ccc       0x24 C:/devkitPro/devkitARM/bin/../lib/gcc/arm-none-eabi/15.2.0/thumb/crtbegin.o
 .iplt          0x02001cf0        0x0 C:/devkitPro/devkitARM/bin/../lib/gcc/arm-none-eabi/15.2.0/thumb/crtbegin.o
 .text.draw_startup_message
                0x02001cf0       0x58 main.o
 .text.run_menu_mode
                0x02001d48      0x130 main.o
 .text.test_save_results.part.0.constprop.0
                0x02001e78      0x160 main.o
 .text.boot_demo.constprop.0
                0x02001fd8       0x54 main.o
 .text.read_file.constprop.0
                0x0200202c       0x78 main.o
 .text.draw_state.constprop.0
                0x020020a4      0x380 main.o
 .text.psx_halt
                0x02002424       0xa0 psx.o
 .text.psx_init_test_mode
                0x020024c4       0x20 psx.o
                0x020024c4                psx_init_test_mode
 .text.psx_use_slot2_ram
                0x020024e4       0x54 psx.o
                0x020024e4                psx_use_slot2_ram
 .text.psx_reset
                0x02002538      0x16c psx.o
                0x02002538                psx_reset
 .text.psx_init
                0x020026a4       0x94 psx.o
                0x020026a4                psx_init
 .text.psx_load_demo
                0x02002738       0x88 psx.o
                0x02002738                psx_load_demo
 .text.psx_load_bios
                0x020027c0       0x60 psx.o
                0x020027c0                psx_load_bios
 .text.psx_boot_bios
                0x02002820       0xf4 psx.o
                0x02002820                psx_boot_bios
 .text.psx_load_raw_bin
                0x02002914      0x144 psx.o
                0x02002914                psx_load_raw_bin
 .text.psx_read32
                0x02002a58       0x8c psx.o
                0x02002a58                psx_read32
 .text.psx_write32
                0x02002ae4       0x88 psx.o
                0x02002ae4                psx_write32
 .text.psx_step
                0x02002b6c     0x210c psx.o
                0x02002b6c                psx_step
 .text.psx_run  0x02004c78       0x2c psx.o
                0x02004c78                psx_run
 .text.cdrom_exec_command
                0x02004ca4      0x2a8 psx_cdrom.o
                0x02004ca4                cdrom_exec_command
 .text.cdrom_read8
                0x02004f4c       0x68 psx_cdrom.o
                0x02004f4c                cdrom_read8
 .text.cdrom_write8
                0x02004fb4       0x68 psx_cdrom.o
                0x02004fb4                cdrom_write8
 .text.debug_log
                0x0200501c       0x78 psx_debug.o
                0x0200501c                debug_log
 .text.debug_init
                0x02005094       0x38 psx_debug.o
                0x02005094                debug_init
 .text.debug_save
                0x020050cc       0x44 psx_debug.o
                0x020050cc                debug_save
 .text.psx_exe_parse
                0x02005110       0xe4 psx_exe.o
                0x02005110                psx_exe_parse
 .text.psx_exe_load
                0x020051f4      0x164 psx_exe.o
                0x020051f4                psx_exe_load
 .text.gpu_fill_rect_fast
                0x02005358       0x74 psx_gpu.o
 .text.gpu_read32
                0x020053cc        0xc psx_gpu.o
                0x020053cc                gpu_read32
 .text.gpu_exec_gp0
                0x020053d8      0x740 psx_gpu.o
                0x020053d8                gpu_exec_gp0
 .text.gpu_exec_gp1
                0x02005b18      0x1ec psx_gpu.o
                0x02005b18                gpu_exec_gp1
 .text.gpu_write32
                0x02005d04       0xa8 psx_gpu.o
                0x02005d04                gpu_write32
 .text.menu_init
                0x02005dac       0x30 psx_menu.o
                0x02005dac                menu_init
 .text.menu_scan_games
                0x02005ddc      0x300 psx_menu.o
                0x02005ddc                menu_scan_games
 .text.menu_navigate
                0x020060dc       0x34 psx_menu.o
                0x020060dc                menu_navigate
 .text.menu_get_selected
                0x02006110       0x24 psx_menu.o
                0x02006110                menu_get_selected
 .text.menu_draw
                0x02006134      0x188 psx_menu.o
                0x02006134                menu_draw
 .text.slot2_init
                0x020062bc       0x28 psx_slot2.o
                0x020062bc                slot2_init
 .text.slot2_get_device
                0x020062e4        0x8 psx_slot2.o
                0x020062e4                slot2_get_device
 .text.slot2_detect
                0x020062ec       0x40 psx_slot2.o
                0x020062ec                slot2_detect
 .text.fatInitDefault
                0x0200632c       0x20 C:/devkitPro/libnds/lib\libfat.a(fat_wrappers.o)
                0x0200632c                fatInitDefault
 .text._dvmDiscCalicoDummy
                0x0200634c        0x4 C:/devkitPro/libnds/lib\libfat.a(dvm_calico.o)
 .text._dvmDiscCalicoWriteSectors
                0x02006350        0x8 C:/devkitPro/libnds/lib\libfat.a(dvm_calico.o)
 .text._dvmDiscCalicoReadSectors
                0x02006358        0x8 C:/devkitPro/libnds/lib\libfat.a(dvm_calico.o)
 .text._dvmIsAlignedAccess
                0x02006360       0x30 C:/devkitPro/libnds/lib\libfat.a(dvm_calico.o)
                0x02006360                _dvmIsAlignedAccess
 .text._dvmCacheCopy
                0x02006390       0x14 C:/devkitPro/libnds/lib\libfat.a(dvm_calico.o)
                0x02006390                _dvmCacheCopy
 .text.dvmInit  0x020063a4      0x268 C:/devkitPro/libnds/lib\libfat.a(dvm_calico.o)
                0x020063a4                dvmInit
 .text.dvmDiscAddUser
                0x0200660c       0x10 C:/devkitPro/libnds/lib\libfat.a(dvm_disc.o)
                0x0200660c                dvmDiscAddUser
 .text.dvmDiscRemoveUser
                0x0200661c       0x24 C:/devkitPro/libnds/lib\libfat.a(dvm_disc.o)
                0x0200661c                dvmDiscRemoveUser
 .text._dvmDiscCacheReadWrite
                0x02006640      0x408 C:/devkitPro/libnds/lib\libfat.a(dvm_cache.o)
 .text._dvmDiscCacheWriteSectors
                0x02006a48       0x58 C:/devkitPro/libnds/lib\libfat.a(dvm_cache.o)
 .text._dvmDiscCacheReadSectors
                0x02006aa0       0x58 C:/devkitPro/libnds/lib\libfat.a(dvm_cache.o)
 .text._dvmDiscCacheFlush
                0x02006af8       0xb0 C:/devkitPro/libnds/lib\libfat.a(dvm_cache.o)
 .text._dvmDiscCacheDestroy
                0x02006ba8       0x28 C:/devkitPro/libnds/lib\libfat.a(dvm_cache.o)
 .text.dvmDiscCacheCreate
                0x02006bd0      0x1ac C:/devkitPro/libnds/lib\libfat.a(dvm_cache.o)
                0x02006bd0                dvmDiscCacheCreate
 .text.dvmMountVolume
                0x02006d7c      0x188 C:/devkitPro/libnds/lib\libfat.a(dvm_volume.o)
                0x02006d7c                dvmMountVolume
 .text._dvmSetAppWorkingDir
                0x02006f04       0x74 C:/devkitPro/libnds/lib\libfat.a(dvm_volume.o)
                0x02006f04                _dvmSetAppWorkingDir
 .text._dvmIdentMbrVbr
                0x02006f78      0x1d8 C:/devkitPro/libnds/lib\libfat.a(dvm_prober.o)
 .text.dvmReadPartitionTable
                0x02007150      0x238 C:/devkitPro/libnds/lib\libfat.a(dvm_prober.o)
                0x02007150                dvmReadPartitionTable
 .text.dvmProbeMountDisc
                0x02007388       0xcc C:/devkitPro/libnds/lib\libfat.a(dvm_prober.o)
                0x02007388                dvmProbeMountDisc
 .text._FAT_fstat_r
                0x02007454       0xbc C:/devkitPro/libnds/lib\libfat.a(fat_driver.o)
 .text._FAT_umount
                0x02007510       0x1c C:/devkitPro/libnds/lib\libfat.a(fat_driver.o)
 .text._FAT_mount
                0x0200752c       0x44 C:/devkitPro/libnds/lib\libfat.a(fat_driver.o)
 .text._FAT_seek_r
                0x02007570      0x13c C:/devkitPro/libnds/lib\libfat.a(fat_driver.o)
 .text._FAT_set_stat
                0x020076ac      0x104 C:/devkitPro/libnds/lib\libfat.a(fat_driver.o)
 .text._FAT_mkdir_r
                0x020077b0       0x64 C:/devkitPro/libnds/lib\libfat.a(fat_driver.o)
 .text._FAT_chdir_r
                0x02007814       0x64 C:/devkitPro/libnds/lib\libfat.a(fat_driver.o)
 .text._FAT_unlink_r
                0x02007878       0x70 C:/devkitPro/libnds/lib\libfat.a(fat_driver.o)
 .text._FAT_rmdir_r
                0x020078e8       0x6c C:/devkitPro/libnds/lib\libfat.a(fat_driver.o)
 .text._FAT_diropen_r
                0x02007954       0x7c C:/devkitPro/libnds/lib\libfat.a(fat_driver.o)
 .text._FAT_fsync_r
                0x020079d0       0x64 C:/devkitPro/libnds/lib\libfat.a(fat_driver.o)
 .text._FAT_close_r
                0x02007a34       0x64 C:/devkitPro/libnds/lib\libfat.a(fat_driver.o)
 .text._FAT_dirclose_r
                0x02007a98       0x64 C:/devkitPro/libnds/lib\libfat.a(fat_driver.o)
 .text._FAT_dirreset_r
                0x02007afc       0x6c C:/devkitPro/libnds/lib\libfat.a(fat_driver.o)
 .text._FAT_rename_r
                0x02007b68       0x80 C:/devkitPro/libnds/lib\libfat.a(fat_driver.o)
 .text._FAT_stat_r
                0x02007be8       0x94 C:/devkitPro/libnds/lib\libfat.a(fat_driver.o)
 .text._FAT_read_r
                0x02007c7c       0x7c C:/devkitPro/libnds/lib\libfat.a(fat_driver.o)
 .text._FAT_write_r
                0x02007cf8       0x7c C:/devkitPro/libnds/lib\libfat.a(fat_driver.o)
 .text._FAT_statvfs_r
                0x02007d74       0xf4 C:/devkitPro/libnds/lib\libfat.a(fat_driver.o)
 .text._FAT_ftruncate_r
                0x02007e68      0x190 C:/devkitPro/libnds/lib\libfat.a(fat_driver.o)
 .text._FAT_dirnext_r
                0x02007ff8      0x120 C:/devkitPro/libnds/lib\libfat.a(fat_driver.o)
 .text._FAT_open_r
                0x02008118      0x124 C:/devkitPro/libnds/lib\libfat.a(fat_driver.o)
 .text.get_fattime
                0x0200823c       0x64 C:/devkitPro/libnds/lib\libfat.a(fat_driver.o)
                0x0200823c                get_fattime
 .text.ff_mutex_create
                0x020082a0       0x18 C:/devkitPro/libnds/lib\libfat.a(fat_driver.o)
                0x020082a0                ff_mutex_create
 .text.ff_mutex_delete
                0x020082b8        0x4 C:/devkitPro/libnds/lib\libfat.a(fat_driver.o)
                0x020082b8                ff_mutex_delete
 .text.ff_mutex_take
                0x020082bc       0x14 C:/devkitPro/libnds/lib\libfat.a(fat_driver.o)
                0x020082bc                ff_mutex_take
 .text.ff_mutex_give
                0x020082d0        0x8 C:/devkitPro/libnds/lib\libfat.a(fat_driver.o)
                0x020082d0                ff_mutex_give
 .text.disk_initialize
                0x020082d8       0x24 C:/devkitPro/libnds/lib\libfat.a(fat_driver.o)
                0x020082d8                disk_initialize
 .text.disk_status
                0x020082fc       0x24 C:/devkitPro/libnds/lib\libfat.a(fat_driver.o)
                0x020082fc                disk_status
 .text.disk_read
                0x02008320       0x2c C:/devkitPro/libnds/lib\libfat.a(fat_driver.o)
                0x02008320                disk_read
 .text.disk_write
                0x0200834c       0x2c C:/devkitPro/libnds/lib\libfat.a(fat_driver.o)
                0x0200834c                disk_write
 .text.disk_ioctl
                0x02008378       0x38 C:/devkitPro/libnds/lib\libfat.a(fat_driver.o)
                0x02008378                disk_ioctl
 .text.tchar2uni
                0x020083b0       0xfc C:/devkitPro/libnds/lib\libfat.a(ff.o)
 .text.sync_window
                0x020084ac       0x90 C:/devkitPro/libnds/lib\libfat.a(ff.o)
 .text.put_utf  0x0200853c      0x130 C:/devkitPro/libnds/lib\libfat.a(ff.o)
 .text.dir_clear
                0x0200866c       0x9c C:/devkitPro/libnds/lib\libfat.a(ff.o)
 .text.get_fileinfo
                0x02008708      0x28c C:/devkitPro/libnds/lib\libfat.a(ff.o)
 .text.sync_fs  0x02008994      0x180 C:/devkitPro/libnds/lib\libfat.a(ff.o)
 .text.move_window
                0x02008b14       0xc4 C:/devkitPro/libnds/lib\libfat.a(ff.o)
 .text.put_fat.part.0
                0x02008bd8      0x1dc C:/devkitPro/libnds/lib\libfat.a(ff.o)
 .text.get_fat.isra.0
                0x02008db4      0x160 C:/devkitPro/libnds/lib\libfat.a(ff.o)
 .text.remove_chain
                0x02008f14       0xf4 C:/devkitPro/libnds/lib\libfat.a(ff.o)
 .text.create_chain
                0x02009008      0x21c C:/devkitPro/libnds/lib\libfat.a(ff.o)
 .text.dir_next
                0x02009224      0x170 C:/devkitPro/libnds/lib\libfat.a(ff.o)
 .text.dir_read
                0x02009394      0x248 C:/devkitPro/libnds/lib\libfat.a(ff.o)
 .text.dir_sdi  0x020095dc      0x128 C:/devkitPro/libnds/lib\libfat.a(ff.o)
 .text.dir_alloc
                0x02009704       0xcc C:/devkitPro/libnds/lib\libfat.a(ff.o)
 .text.dir_remove
                0x020097d0       0xc4 C:/devkitPro/libnds/lib\libfat.a(ff.o)
 .text.dir_find
                0x02009894      0x2f8 C:/devkitPro/libnds/lib\libfat.a(ff.o)
 .text.follow_path
                0x02009b8c      0x590 C:/devkitPro/libnds/lib\libfat.a(ff.o)
 .text.dir_register
                0x0200a11c      0x434 C:/devkitPro/libnds/lib\libfat.a(ff.o)
 .text.check_fs
                0x0200a550      0x1ec C:/devkitPro/libnds/lib\libfat.a(ff.o)
 .text.mount_volume.part.0
                0x0200a73c      0x504 C:/devkitPro/libnds/lib\libfat.a(ff.o)
 .text.validate
                0x0200ac40       0xbc C:/devkitPro/libnds/lib\libfat.a(ff.o)
 .text.f_mount  0x0200acfc       0x6c C:/devkitPro/libnds/lib\libfat.a(ff.o)
                0x0200acfc                f_mount
 .text.f_umount
                0x0200ad68       0x38 C:/devkitPro/libnds/lib\libfat.a(ff.o)
                0x0200ad68                f_umount
 .text.f_open   0x0200ada0      0x400 C:/devkitPro/libnds/lib\libfat.a(ff.o)
                0x0200ada0                f_open
 .text.f_read   0x0200b1a0      0x2a4 C:/devkitPro/libnds/lib\libfat.a(ff.o)
                0x0200b1a0                f_read
 .text.f_write  0x0200b444      0x350 C:/devkitPro/libnds/lib\libfat.a(ff.o)
                0x0200b444                f_write
 .text.f_sync   0x0200b794      0x1a0 C:/devkitPro/libnds/lib\libfat.a(ff.o)
                0x0200b794                f_sync
 .text.f_close  0x0200b934       0x58 C:/devkitPro/libnds/lib\libfat.a(ff.o)
                0x0200b934                f_close
 .text.f_chdir  0x0200b98c       0xf0 C:/devkitPro/libnds/lib\libfat.a(ff.o)
                0x0200b98c                f_chdir
 .text.f_lseek  0x0200ba7c      0x298 C:/devkitPro/libnds/lib\libfat.a(ff.o)
                0x0200ba7c                f_lseek
 .text.f_opendir
                0x0200bd14      0x12c C:/devkitPro/libnds/lib\libfat.a(ff.o)
                0x0200bd14                f_opendir
 .text.f_closedir
                0x0200be40       0xb0 C:/devkitPro/libnds/lib\libfat.a(ff.o)
                0x0200be40                f_closedir
 .text.f_readdir
                0x0200bef0       0xd0 C:/devkitPro/libnds/lib\libfat.a(ff.o)
                0x0200bef0                f_readdir
 .text.f_stat   0x0200bfc0      0x104 C:/devkitPro/libnds/lib\libfat.a(ff.o)
                0x0200bfc0                f_stat
 .text.f_getfree
                0x0200c0c4      0x184 C:/devkitPro/libnds/lib\libfat.a(ff.o)
                0x0200c0c4                f_getfree
 .text.f_truncate
                0x0200c248      0x228 C:/devkitPro/libnds/lib\libfat.a(ff.o)
                0x0200c248                f_truncate
 .text.f_unlink
                0x0200c470      0x1a4 C:/devkitPro/libnds/lib\libfat.a(ff.o)
                0x0200c470                f_unlink
 .text.f_mkdir  0x0200c614      0x294 C:/devkitPro/libnds/lib\libfat.a(ff.o)
                0x0200c614                f_mkdir
 .text.f_rename
                0x0200c8a8      0x248 C:/devkitPro/libnds/lib\libfat.a(ff.o)
                0x0200c8a8                f_rename
 .text.ff_uni2oem
                0x0200caf0       0x78 C:/devkitPro/libnds/lib\libfat.a(ffunicode.o)
                0x0200caf0                ff_uni2oem
 .text.ff_oem2uni
                0x0200cb68       0x40 C:/devkitPro/libnds/lib\libfat.a(ffunicode.o)
                0x0200cb68                ff_oem2uni
 .text.ff_wtoupper
                0x0200cba8      0x128 C:/devkitPro/libnds/lib\libfat.a(ffunicode.o)
                0x0200cba8                ff_wtoupper
 .text.newRow   0x0200ccd0       0xe8 C:/devkitPro/libnds/lib\libnds9.a(console.o)
 .text.consoleSelect
                0x0200cdb8       0x10 C:/devkitPro/libnds/lib\libnds9.a(console.o)
                0x0200cdb8                consoleSelect
 .text.consolePrintChar
                0x0200cdc8       0xe0 C:/devkitPro/libnds/lib\libnds9.a(console.o)
                0x0200cdc8                consolePrintChar
 .text.con_write
                0x0200cea8      0x34c C:/devkitPro/libnds/lib\libnds9.a(console.o)
                0x0200cea8                con_write
 .text.consoleLoadFont
                0x0200d1f4      0x2e4 C:/devkitPro/libnds/lib\libnds9.a(console.o)
                0x0200d1f4                consoleLoadFont
 .text.consoleInit
                0x0200d4d8      0x170 C:/devkitPro/libnds/lib\libnds9.a(console.o)
                0x0200d4d8                consoleInit
 .text.consoleDemoInit
                0x0200d648       0x40 C:/devkitPro/libnds/lib\libnds9.a(console.o)
                0x0200d648                consoleDemoInit
 .text.consoleClear
                0x0200d688       0x10 C:/devkitPro/libnds/lib\libnds9.a(console.o)
                0x0200d688                consoleClear
 .text.defaultHandler
                0x0200d698       0x6c C:/devkitPro/libnds/lib\libnds9.a(exceptionDefault.o)
 .text.excptPrint
                0x0200d704       0x38 C:/devkitPro/libnds/lib\libnds9.a(exceptionDefault.o)
 .text.defaultExceptionHandler
                0x0200d73c       0x20 C:/devkitPro/libnds/lib\libnds9.a(exceptionDefault.o)
                0x0200d73c                defaultExceptionHandler
 .text.ARMShift
                0x0200d75c       0x74 C:/devkitPro/libnds/lib\libnds9.a(gurumeditation.o)
 .text.getExceptionAddress
                0x0200d7d0      0x198 C:/devkitPro/libnds/lib\libnds9.a(gurumeditation.o)
                0x0200d7d0                getExceptionAddress
 .text.guruMeditationDump
                0x0200d968      0x108 C:/devkitPro/libnds/lib\libnds9.a(gurumeditation.o)
                0x0200d968                guruMeditationDump
 .text.scanKeys
                0x0200da70       0x6c C:/devkitPro/libnds/lib\libnds9.a(keys.o)
                0x0200da70                scanKeys
 .text.keysDown
                0x0200dadc       0x10 C:/devkitPro/libnds/lib\libnds9.a(keys.o)
                0x0200dadc                keysDown
 .text.powerOn  0x0200daec       0x18 C:/devkitPro/libnds/lib\libnds9.a(system.o)
                0x0200daec                powerOn
 .text.__libnds_excpt
                0x0200db04       0xf8 C:/devkitPro/libnds/lib\libnds9.a(exceptionEntry.o)
                0x0200db04                __libnds_excpt
 .text.checkIfText
                0x0200dbfc       0x6c C:/devkitPro/libnds/lib\libnds9.a(background.o)
                0x0200dbfc                checkIfText
 .text.bgUpdate
                0x0200dc68       0xe8 C:/devkitPro/libnds/lib\libnds9.a(background.o)
                0x0200dc68                bgUpdate
 .text.bgInit_call
                0x0200dd50       0xa8 C:/devkitPro/libnds/lib\libnds9.a(background.o)
                0x0200dd50                bgInit_call
 .text.bgInitSub_call
                0x0200ddf8       0xb0 C:/devkitPro/libnds/lib\libnds9.a(background.o)
                0x0200ddf8                bgInitSub_call
 .text.sinLutLookup
                0x0200dea8       0x4c C:/devkitPro/libnds/lib\libnds9.a(trig.o)
                0x0200dea8                sinLutLookup
 .text.sinLerp  0x0200def4       0x38 C:/devkitPro/libnds/lib\libnds9.a(trig.o)
                0x0200def4                sinLerp
 .text.cosLerp  0x0200df2c       0x44 C:/devkitPro/libnds/lib\libnds9.a(trig.o)
                0x0200df2c                cosLerp
 .text._threadTickTask
                0x0200df70       0x10 C:/devkitPro/calico/lib\libcalico_ds9.a(thread_cold.o)
 .text.threadExit
                0x0200df80       0xa0 C:/devkitPro/calico/lib\libcalico_ds9.a(thread_cold.o)
                0x0200df80                threadExit
 .text._threadInit
                0x0200e020       0x98 C:/devkitPro/calico/lib\libcalico_ds9.a(thread_cold.o)
                0x0200e020                _threadInit
 .text.threadPrepare
                0x0200e0b8      0x134 C:/devkitPro/calico/lib\libcalico_ds9.a(thread_cold.o)
                0x0200e0b8                threadPrepare
 .text.threadStart
                0x0200e1ec       0x94 C:/devkitPro/calico/lib\libcalico_ds9.a(thread_cold.o)
                0x0200e1ec                threadStart
 .text.threadIrqWait
                0x0200e280       0xa4 C:/devkitPro/calico/lib\libcalico_ds9.a(thread_cold.o)
                0x0200e280                threadIrqWait
 .text.threadSleepTicks
                0x0200e324       0x58 C:/devkitPro/calico/lib\libcalico_ds9.a(thread_cold.o)
                0x0200e324                threadSleepTicks
 .text.threadUpdateDynamicPrio
                0x0200e37c      0x1d4 C:/devkitPro/calico/lib\libcalico_ds9.a(mutex.o)
                0x0200e37c                threadUpdateDynamicPrio
 .text.threadRemoveWaiter
                0x0200e550      0x148 C:/devkitPro/calico/lib\libcalico_ds9.a(mutex.o)
 .text.mutexLock
                0x0200e698      0x138 C:/devkitPro/calico/lib\libcalico_ds9.a(mutex.o)
                0x0200e698                mutexLock
 .text.mutexUnlock
                0x0200e7d0       0xbc C:/devkitPro/calico/lib\libcalico_ds9.a(mutex.o)
                0x0200e7d0                mutexUnlock
 .text._dietPrintDefaultFunc
                0x0200e88c        0x4 C:/devkitPro/calico/lib\libcalico_ds9.a(dietprint.o)
 .text._dietOutput
                0x0200e890       0x3c C:/devkitPro/calico/lib\libcalico_ds9.a(dietprint.o)
 .text._dietPrintDec32
                0x0200e8cc      0x110 C:/devkitPro/calico/lib\libcalico_ds9.a(dietprint.o)
 .text._dietPrintHex32
                0x0200e9dc      0x170 C:/devkitPro/calico/lib\libcalico_ds9.a(dietprint.o)
 .text.dietPrintV
                0x0200eb4c      0x4b8 C:/devkitPro/calico/lib\libcalico_ds9.a(dietprint.o)
                0x0200eb4c                dietPrintV
 .text.dietPrint
                0x0200f004       0x18 C:/devkitPro/calico/lib\libcalico_ds9.a(dietprint.o)
                0x0200f004                dietPrint
 .text.__syscall_getreent
                0x0200f01c       0x14 C:/devkitPro/calico/lib\libcalico_ds9.a(newlib_syscalls.o)
                0x0200f01c                __syscall_getreent
 .text.__errno  0x0200f030       0x24 C:/devkitPro/calico/lib\libcalico_ds9.a(newlib_syscalls.o)
                0x0200f030                __errno
 .text.__syscall_gettod_r
                0x0200f054       0x30 C:/devkitPro/calico/lib\libcalico_ds9.a(newlib_syscalls.o)
                0x0200f054                __syscall_gettod_r
 .text.__syscall_lock_acquire
                0x0200f084        0x4 C:/devkitPro/calico/lib\libcalico_ds9.a(newlib_syscalls.o)
                0x0200f084                __syscall_lock_acquire
 .text.__syscall_lock_release
                0x0200f088        0x4 C:/devkitPro/calico/lib\libcalico_ds9.a(newlib_syscalls.o)
                0x0200f088                __syscall_lock_release
 .text.__syscall_lock_acquire_recursive
                0x0200f08c       0x4c C:/devkitPro/calico/lib\libcalico_ds9.a(newlib_syscalls.o)
                0x0200f08c                __syscall_lock_acquire_recursive
 .text.__syscall_lock_release_recursive
                0x0200f0d8       0x18 C:/devkitPro/calico/lib\libcalico_ds9.a(newlib_syscalls.o)
                0x0200f0d8                __syscall_lock_release_recursive
 .text._pxiMailboxHandler
                0x0200f0f0        0x4 C:/devkitPro/calico/lib\libcalico_ds9.a(pxi.o)
 .text._pxiRecvUnhandled
                0x0200f0f4        0x4 C:/devkitPro/calico/lib\libcalico_ds9.a(pxi.o)
                0x0200f0f4                _pxiRecvUnhandled
 .text._pxiRecvIrqHandler
                0x0200f0f8      0x154 C:/devkitPro/calico/lib\libcalico_ds9.a(pxi.o)
 .text._pxiInit
                0x0200f24c       0x58 C:/devkitPro/calico/lib\libcalico_ds9.a(pxi.o)
                0x0200f24c                _pxiInit
 .text.pxiSetHandler
                0x0200f2a4       0x74 C:/devkitPro/calico/lib\libcalico_ds9.a(pxi.o)
                0x0200f2a4                pxiSetHandler
 .text.pxiSetMailbox
                0x0200f318       0x68 C:/devkitPro/calico/lib\libcalico_ds9.a(pxi.o)
                0x0200f318                pxiSetMailbox
 .text.pxiWaitRemote
                0x0200f380       0x38 C:/devkitPro/calico/lib\libcalico_ds9.a(pxi.o)
                0x0200f380                pxiWaitRemote
 .text.pxiSendPacket
                0x0200f3b8       0x50 C:/devkitPro/calico/lib\libcalico_ds9.a(pxi.o)
                0x0200f3b8                pxiSendPacket
 .text.pxiSendExtPacket
                0x0200f408       0x98 C:/devkitPro/calico/lib\libcalico_ds9.a(pxi.o)
                0x0200f408                pxiSendExtPacket
 .text.pxiBeginReceive
                0x0200f4a0       0x2c C:/devkitPro/calico/lib\libcalico_ds9.a(pxi.o)
                0x0200f4a0                pxiBeginReceive
 .text.pxiEndReceive
                0x0200f4cc       0xac C:/devkitPro/calico/lib\libcalico_ds9.a(pxi.o)
                0x0200f4cc                pxiEndReceive
 .text.keypadGetState
                0x0200f578       0x28 C:/devkitPro/calico/lib\libcalico_ds9.a(keypad.o)
                0x0200f578                keypadGetState
 .text.systemUserStartup
                0x0200f5a0        0x4 C:/devkitPro/calico/lib\libcalico_ds9.a(sys_startup.o)
                0x0200f5a0                systemUserStartup
 .text.systemStartup
                0x0200f5a4      0x110 C:/devkitPro/calico/lib\libcalico_ds9.a(sys_startup.o)
                0x0200f5a4                systemStartup
 .text.touchRead
                0x0200f6b4       0x58 C:/devkitPro/calico/lib\libcalico_ds9.a(touch.o)
                0x0200f6b4                touchRead
 .text._blkDevReadWriteSectors
                0x0200f70c       0x44 C:/devkitPro/calico/lib\libcalico_ds9.a(blk.o)
 .text.blkInit  0x0200f750        0x8 C:/devkitPro/calico/lib\libcalico_ds9.a(blk.o)
                0x0200f750                blkInit
 .text.blkDevIsPresent
                0x0200f758       0x30 C:/devkitPro/calico/lib\libcalico_ds9.a(blk.o)
                0x0200f758                blkDevIsPresent
 .text.blkDevInit
                0x0200f788       0x30 C:/devkitPro/calico/lib\libcalico_ds9.a(blk.o)
                0x0200f788                blkDevInit
 .text.blkDevGetSectorCount
                0x0200f7b8       0x34 C:/devkitPro/calico/lib\libcalico_ds9.a(blk.o)
                0x0200f7b8                blkDevGetSectorCount
 .text.blkDevReadSectors
                0x0200f7ec       0x5c C:/devkitPro/calico/lib\libcalico_ds9.a(blk.o)
                0x0200f7ec                blkDevReadSectors
 .text.blkDevWriteSectors
                0x0200f848       0x5c C:/devkitPro/calico/lib\libcalico_ds9.a(blk.o)
                0x0200f848                blkDevWriteSectors
 .text.irqSet   0x0200f8a4       0x64 C:/devkitPro/calico/lib\libcalico_ds9.a(irq.o)
                0x0200f8a4                irqSet
 .text._tickCountIsr
                0x0200f908       0x1c C:/devkitPro/calico/lib\libcalico_ds9.a(tick.o)
 .text._tickTaskSchedule.part.0.isra.0
                0x0200f924       0x84 C:/devkitPro/calico/lib\libcalico_ds9.a(tick.o)
 .text.tickInit
                0x0200f9a8       0xa0 C:/devkitPro/calico/lib\libcalico_ds9.a(tick.o)
                0x0200f9a8                tickInit
 .text.tickGetCount
                0x0200fa48       0x5c C:/devkitPro/calico/lib\libcalico_ds9.a(tick.o)
                0x0200fa48                tickGetCount
 .text._tickTaskIsr
                0x0200faa4      0x110 C:/devkitPro/calico/lib\libcalico_ds9.a(tick.o)
 .text.tickTaskStart
                0x0200fbb4      0x144 C:/devkitPro/calico/lib\libcalico_ds9.a(tick.o)
                0x0200fbb4                tickTaskStart
 .text.mailboxTrySend
                0x0200fcf8       0x98 C:/devkitPro/calico/lib\libcalico_ds9.a(mailbox.o)
                0x0200fcf8                mailboxTrySend
 .text.mailboxRecv
                0x0200fd90       0x98 C:/devkitPro/calico/lib\libcalico_ds9.a(mailbox.o)
                0x0200fd90                mailboxRecv
 .text._pmCallEventHandlers
                0x0200fe28       0x40 C:/devkitPro/calico/lib\libcalico_ds9.a(pm.o)
 .text._pmPxiThreadMain
                0x0200fe68       0x9c C:/devkitPro/calico/lib\libcalico_ds9.a(pm.o)
 .text._pmResetPxiHandler
                0x0200ff04       0x28 C:/devkitPro/calico/lib\libcalico_ds9.a(pm.o)
 .text.systemUserExit
                0x0200ff2c        0x4 C:/devkitPro/calico/lib\libcalico_ds9.a(pm.o)
                0x0200ff2c                systemUserExit
 .text.systemErrorExit
                0x0200ff30        0x4 C:/devkitPro/calico/lib\libcalico_ds9.a(pm.o)
                0x0200ff30                systemErrorExit
 .text.__syscall_exit
                0x0200ff34      0x138 C:/devkitPro/calico/lib\libcalico_ds9.a(pm.o)
                0x0200ff34                __syscall_exit
 .text.pmInit   0x0201006c       0x58 C:/devkitPro/calico/lib\libcalico_ds9.a(pm.o)
                0x0201006c                pmInit
 .text          0x020100c4      0x11c C:/devkitPro/devkitARM/bin/../lib/gcc/arm-none-eabi/15.2.0/thumb\libgcc.a(_udivsi3.o)
                0x020100c4                __aeabi_uidiv
                0x020100c4                __udivsi3
                0x020101c0                __aeabi_uidivmod
 .text          0x020101e0      0x150 C:/devkitPro/devkitARM/bin/../lib/gcc/arm-none-eabi/15.2.0/thumb\libgcc.a(_divsi3.o)
                0x020101e0                __divsi3
                0x020101e0                __aeabi_idiv
                0x02010310                __aeabi_idivmod
 .text          0x02010330        0x4 C:/devkitPro/devkitARM/bin/../lib/gcc/arm-none-eabi/15.2.0/thumb\libgcc.a(_dvmd_tls.o)
                0x02010330                __aeabi_idiv0
                0x02010330                __aeabi_ldiv0
 .text          0x02010334      0x2ac C:/devkitPro/devkitARM/bin/../lib/gcc/arm-none-eabi/15.2.0/thumb\libgcc.a(_arm_addsubsf3.o)
                0x02010334                __aeabi_frsub
                0x0201033c                __subsf3
                0x0201033c                __aeabi_fsub
                0x02010340                __aeabi_fadd
                0x02010340                __addsf3
                0x020104fc                __aeabi_ui2f
                0x020104fc                __floatunsisf
                0x02010504                __aeabi_i2f
                0x02010504                __floatsisf
                0x02010524                __aeabi_ul2f
                0x02010524                __floatundisf
                0x02010534                __aeabi_l2f
                0x02010534                __floatdisf
 .text          0x020105e0      0x2f8 C:/devkitPro/devkitARM/bin/../lib/gcc/arm-none-eabi/15.2.0/thumb\libgcc.a(_arm_muldivsf3.o)
                0x020105e0                __mulsf3
                0x020105e0                __aeabi_fmul
                0x02010778                __aeabi_fdiv
                0x02010778                __divsf3
 .text          0x020108d8       0x5c C:/devkitPro/devkitARM/bin/../lib/gcc/arm-none-eabi/15.2.0/thumb\libgcc.a(_arm_fixsfsi.o)
                0x020108d8                __aeabi_f2iz
                0x020108d8                __fixsfsi
 .text          0x02010934       0xd4 C:/devkitPro/devkitARM/bin/../lib/gcc/arm-none-eabi/15.2.0/thumb\libgcc.a(_aeabi_ldivmod.o)
                0x02010934                __aeabi_ldivmod
 .text          0x02010a08       0x3c C:/devkitPro/devkitARM/bin/../lib/gcc/arm-none-eabi/15.2.0/thumb\libgcc.a(_aeabi_uldivmod.o)
                0x02010a08                __aeabi_uldivmod
 .text.__muldi3
                0x02010a44       0x58 C:/devkitPro/devkitARM/bin/../lib/gcc/arm-none-eabi/15.2.0/thumb\libgcc.a(_muldi3.o)
                0x02010a44                __muldi3
                0x02010a44                __aeabi_lmul
 .text.__udivmoddi4
                0x02010a9c      0x194 C:/devkitPro/devkitARM/bin/../lib/gcc/arm-none-eabi/15.2.0/thumb\libgcc.a(_udivmoddi4.o)
                0x02010a9c                __udivmoddi4
 .text          0x02010c30       0x28 C:/devkitPro/devkitARM/bin/../lib/gcc/arm-none-eabi/15.2.0/thumb\libgcc.a(_clzdi2.o)
                0x02010c30                __clzdi2
 .text          0x02010c58       0x48 C:/devkitPro/devkitARM/bin/../lib/gcc/arm-none-eabi/15.2.0/thumb\libgcc.a(_clzsi2.o)
                0x02010c58                __clzsi2
 .text.ftell    0x02010ca0       0x24 C:/devkitPro/devkitARM/bin/../lib/gcc/arm-none-eabi/15.2.0/../../../../arm-none-eabi/lib/thumb\libg.a(libc_a-ftell.o)
                0x02010ca0                ftell
 .text.memcpy   0x02010cc4       0xac C:/devkitPro/devkitARM/bin/../lib/gcc/arm-none-eabi/15.2.0/../../../../arm-none-eabi/lib/thumb\libg.a(libc_a-memcpy-stub.o)
                0x02010cc4                memcpy
 .text.strlen   0x02010d70       0x60 C:/devkitPro/devkitARM/bin/../lib/gcc/arm-none-eabi/15.2.0/../../../../arm-none-eabi/lib/thumb\libg.a(libc_a-strlen.o)
                0x02010d70                strlen
 .text._fread_r
                0x02010dd0      0x228 C:/devkitPro/devkitARM/bin/../lib/gcc/arm-none-eabi/15.2.0/../../../../arm-none-eabi/lib/thumb\libg.a(libc_a-fread.o)
                0x02010dd0                _fread_r
 .text.fread    0x02010ff8       0x24 C:/devkitPro/devkitARM/bin/../lib/gcc/arm-none-eabi/15.2.0/../../../../arm-none-eabi/lib/thumb\libg.a(libc_a-fread.o)
                0x02010ff8                fread
 .text.fputc    0x0201101c       0x5c C:/devkitPro/devkitARM/bin/../lib/gcc/arm-none-eabi/15.2.0/../../../../arm-none-eabi/lib/thumb\libg.a(libc_a-fputc.o)
                0x0201101c                fputc
 .text._fopen_r
                0x02011078       0xb4 C:/devkitPro/devkitARM/bin/../lib/gcc/arm-none-eabi/15.2.0/../../../../arm-none-eabi/lib/thumb\libg.a(libc_a-fopen.o)
                0x02011078                _fopen_r
 .text.fopen    0x0201112c       0x18 C:/devkitPro/devkitARM/bin/../lib/gcc/arm-none-eabi/15.2.0/../../../../arm-none-eabi/lib/thumb\libg.a(libc_a-fopen.o)
                0x0201112c                fopen
 .text._strtoull_l.isra.0
                0x02011144      0x1c0 C:/devkitPro/devkitARM/bin/../lib/gcc/arm-none-eabi/15.2.0/../../../../arm-none-eabi/lib/thumb\libg.a(libc_a-strtoull.o)
 .text._strtoull_r
                0x02011304       0x20 C:/devkitPro/devkitARM/bin/../lib/gcc/arm-none-eabi/15.2.0/../../../../arm-none-eabi/lib/thumb\libg.a(libc_a-strtoull.o)
                0x02011304                _strtoull_r
 .text.strcasecmp
                0x02011324       0x4c C:/devkitPro/devkitARM/bin/../lib/gcc/arm-none-eabi/15.2.0/../../../../arm-none-eabi/lib/thumb\libg.a(libc_a-strcasecmp.o)
                0x02011324                strcasecmp
 .text.snprintf
                0x02011370       0x64 C:/devkitPro/devkitARM/bin/../lib/gcc/arm-none-eabi/15.2.0/../../../../arm-none-eabi/lib/thumb\libg.a(libc_a-snprintf.o)
                0x02011370                snprintf
 .text._strtoul_l.isra.0
                0x020113d4      0x150 C:/devkitPro/devkitARM/bin/../lib/gcc/arm-none-eabi/15.2.0/../../../../arm-none-eabi/lib/thumb\libg.a(libc_a-strtoul.o)
 .text._strtoul_r
                0x02011524       0x20 C:/devkitPro/devkitARM/bin/../lib/gcc/arm-none-eabi/15.2.0/../../../../arm-none-eabi/lib/thumb\libg.a(libc_a-strtoul.o)
                0x02011524                _strtoul_r
 .text.strtoul  0x02011544       0x24 C:/devkitPro/devkitARM/bin/../lib/gcc/arm-none-eabi/15.2.0/../../../../arm-none-eabi/lib/thumb\libg.a(libc_a-strtoul.o)
                0x02011544                strtoul
 .text._mbrtowc_r
                0x02011568       0x9c C:/devkitPro/devkitARM/bin/../lib/gcc/arm-none-eabi/15.2.0/../../../../arm-none-eabi/lib/thumb\libg.a(libc_a-mbrtowc.o)
                0x02011568                _mbrtowc_r
 .text.remove   0x02011604       0x38 C:/devkitPro/devkitARM/bin/../lib/gcc/arm-none-eabi/15.2.0/../../../../arm-none-eabi/lib/thumb\libg.a(libc_a-remove.o)
                0x02011604                remove
 .text.strchr   0x0201163c       0xbc C:/devkitPro/devkitARM/bin/../lib/gcc/arm-none-eabi/15.2.0/../../../../arm-none-eabi/lib/thumb\libg.a(libc_a-strchr.o)
                0x0201163c                strchr
 .text.memcmp   0x020116f8       0x48 C:/devkitPro/devkitARM/bin/../lib/gcc/arm-none-eabi/15.2.0/../../../../arm-none-eabi/lib/thumb\libg.a(libc_a-memcmp.o)
                0x020116f8                memcmp
 .text.calloc   0x02011740       0x18 C:/devkitPro/devkitARM/bin/../lib/gcc/arm-none-eabi/15.2.0/../../../../arm-none-eabi/lib/thumb\libg.a(libc_a-calloc.o)
                0x02011740                calloc
 .text.__sccl   0x02011758       0xb0 C:/devkitPro/devkitARM/bin/../lib/gcc/arm-none-eabi/15.2.0/../../../../arm-none-eabi/lib/thumb\libg.a(libc_a-sccl.o)
                0x02011758                __sccl
 .text.aligned_alloc
                0x02011808       0x18 C:/devkitPro/devkitARM/bin/../lib/gcc/arm-none-eabi/15.2.0/../../../../arm-none-eabi/lib/thumb\libg.a(libc_a-aligned_alloc.o)
                0x02011808                aligned_alloc
 .text.validate_structure
                0x02011820      0x1f8 C:/devkitPro/devkitARM/bin/../lib/gcc/arm-none-eabi/15.2.0/../../../../arm-none-eabi/lib/thumb\libg.a(libc_a-mktime.o)
 .text.mktime   0x02011a18      0x434 C:/devkitPro/devkitARM/bin/../lib/gcc/arm-none-eabi/15.2.0/../../../../arm-none-eabi/lib/thumb\libg.a(libc_a-mktime.o)
                0x02011a18                mktime
 .text._memalign_r
                0x02011e4c      0x118 C:/devkitPro/devkitARM/bin/../lib/gcc/arm-none-eabi/15.2.0/../../../../arm-none-eabi/lib/thumb\libg.a(libc_a-malignr.o)
                0x02011e4c                _memalign_r
 .text.__smakebuf_r
                0x02011f64       0xe0 C:/devkitPro/devkitARM/bin/../lib/gcc/arm-none-eabi/15.2.0/../../../../arm-none-eabi/lib/thumb\libg.a(libc_a-makebuf.o)
                0x02011f64                __smakebuf_r
 .text.__swhatbuf_r
                0x02012044       0x5c C:/devkitPro/devkitARM/bin/../lib/gcc/arm-none-eabi/15.2.0/../../../../arm-none-eabi/lib/thumb\libg.a(libc_a-makebuf.o)
                0x02012044                __swhatbuf_r
 .text._strtoll_l.isra.0
                0x020120a0      0x300 C:/devkitPro/devkitARM/bin/../lib/gcc/arm-none-eabi/15.2.0/../../../../arm-none-eabi/lib/thumb\libg.a(libc_a-strtoll.o)
 .text._strtoll_r
                0x020123a0       0x20 C:/devkitPro/devkitARM/bin/../lib/gcc/arm-none-eabi/15.2.0/../../../../arm-none-eabi/lib/thumb\libg.a(libc_a-strtoll.o)
                0x020123a0                _strtoll_r
 .text.__locale_mb_cur_max
                0x020123c0       0x20 C:/devkitPro/devkitARM/bin/../lib/gcc/arm-none-eabi/15.2.0/../../../../arm-none-eabi/lib/thumb\libg.a(libc_a-locale.o)
                0x020123c0                __locale_mb_cur_max
 .text.memset   0x020123e0       0x8c C:/devkitPro/devkitARM/bin/../lib/gcc/arm-none-eabi/15.2.0/../../../../arm-none-eabi/lib/thumb\libg.a(libc_a-memset.o)
                0x020123e0                memset
 .text._calloc_r
                0x0201246c       0xcc C:/devkitPro/devkitARM/bin/../lib/gcc/arm-none-eabi/15.2.0/../../../../arm-none-eabi/lib/thumb\libg.a(libc_a-callocr.o)
                0x0201246c                _calloc_r
 .text._vsnprintf_r
                0x02012538       0x58 C:/devkitPro/devkitARM/bin/../lib/gcc/arm-none-eabi/15.2.0/../../../../arm-none-eabi/lib/thumb\libg.a(libc_a-vsnprintf.o)
                0x02012538                _vsnprintf_r
 .text.vsnprintf
                0x02012590       0x24 C:/devkitPro/devkitARM/bin/../lib/gcc/arm-none-eabi/15.2.0/../../../../arm-none-eabi/lib/thumb\libg.a(libc_a-vsnprintf.o)
                0x02012590                vsnprintf
 .text._fwrite_r
                0x020125b4       0x9c C:/devkitPro/devkitARM/bin/../lib/gcc/arm-none-eabi/15.2.0/../../../../arm-none-eabi/lib/thumb\libg.a(libc_a-fwrite.o)
                0x020125b4                _fwrite_r
 .text.fwrite   0x02012650       0x24 C:/devkitPro/devkitARM/bin/../lib/gcc/arm-none-eabi/15.2.0/../../../../arm-none-eabi/lib/thumb\libg.a(libc_a-fwrite.o)
                0x02012650                fwrite
 .text.realloc  0x02012674       0x18 C:/devkitPro/devkitARM/bin/../lib/gcc/arm-none-eabi/15.2.0/../../../../arm-none-eabi/lib/thumb\libg.a(libc_a-realloc.o)
                0x02012674                realloc
 .text.localtime_r
                0x0201268c      0x228 C:/devkitPro/devkitARM/bin/../lib/gcc/arm-none-eabi/15.2.0/../../../../arm-none-eabi/lib/thumb\libg.a(libc_a-lcltime_r.o)
                0x0201268c                localtime_r
 .text._ftello_r
                0x020128b4      0x124 C:/devkitPro/devkitARM/bin/../lib/gcc/arm-none-eabi/15.2.0/../../../../arm-none-eabi/lib/thumb\libg.a(libc_a-ftello.o)
                0x020128b4                _ftello_r
 .text.__tzcalc_limits
                0x020129d8      0x1ac C:/devkitPro/devkitARM/bin/../lib/gcc/arm-none-eabi/15.2.0/../../../../arm-none-eabi/lib/thumb\libg.a(libc_a-tzcalc_limits.o)
                0x020129d8                __tzcalc_limits
 .text._putc_r  0x02012b84       0x88 C:/devkitPro/devkitARM/bin/../lib/gcc/arm-none-eabi/15.2.0/../../../../arm-none-eabi/lib/thumb\libg.a(libc_a-putc.o)
                0x02012b84                _putc_r
 .text._malloc_r
                0x02012c0c      0x550 C:/devkitPro/devkitARM/bin/../lib/gcc/arm-none-eabi/15.2.0/../../../../arm-none-eabi/lib/thumb\libg.a(libc_a-mallocr.o)
                0x02012c0c                _malloc_r
 .text.__swbuf_r
                0x0201315c       0x98 C:/devkitPro/devkitARM/bin/../lib/gcc/arm-none-eabi/15.2.0/../../../../arm-none-eabi/lib/thumb\libg.a(libc_a-wbuf.o)
                0x0201315c                __swbuf_r
 .text          0x020131f4      0x224 C:/devkitPro/devkitARM/bin/../lib/gcc/arm-none-eabi/15.2.0/../../../../arm-none-eabi/lib/thumb\libg.a(libc_a-strcmp.o)
                0x020131f4                strcmp
 .text._malloc_trim_r
                0x02013418       0xac C:/devkitPro/devkitARM/bin/../lib/gcc/arm-none-eabi/15.2.0/../../../../arm-none-eabi/lib/thumb\libg.a(libc_a-freer.o)
                0x02013418                _malloc_trim_r
 .text._free_r  0x020134c4      0x1d8 C:/devkitPro/devkitARM/bin/../lib/gcc/arm-none-eabi/15.2.0/../../../../arm-none-eabi/lib/thumb\libg.a(libc_a-freer.o)
                0x020134c4                _free_r
 .text.setvbuf  0x0201369c      0x1ac C:/devkitPro/devkitARM/bin/../lib/gcc/arm-none-eabi/15.2.0/../../../../arm-none-eabi/lib/thumb\libg.a(libc_a-setvbuf.o)
                0x0201369c                setvbuf
 .text.get_arg  0x02013848       0x3e C:/devkitPro/devkitARM/bin/../lib/gcc/arm-none-eabi/15.2.0/../../../../arm-none-eabi/lib/thumb\libg.a(libc_a-svfiscanf.o)
 .text._sungetc_r
                0x02013886       0x7e C:/devkitPro/devkitARM/bin/../lib/gcc/arm-none-eabi/15.2.0/../../../../arm-none-eabi/lib/thumb\libg.a(libc_a-svfiscanf.o)
                0x02013886                _sungetc_r
 .text.__ssrefill_r
                0x02013904       0x42 C:/devkitPro/devkitARM/bin/../lib/gcc/arm-none-eabi/15.2.0/../../../../arm-none-eabi/lib/thumb\libg.a(libc_a-svfiscanf.o)
                0x02013904                __ssrefill_r
 .text._sfread_r
                0x02013946       0x88 C:/devkitPro/devkitARM/bin/../lib/gcc/arm-none-eabi/15.2.0/../../../../arm-none-eabi/lib/thumb\libg.a(libc_a-svfiscanf.o)
                0x02013946                _sfread_r
 *fill*         0x020139ce        0x2 ff
 .text.__ssvfiscanf_r
                0x020139d0     0x19d8 C:/devkitPro/devkitARM/bin/../lib/gcc/arm-none-eabi/15.2.0/../../../../arm-none-eabi/lib/thumb\libg.a(libc_a-svfiscanf.o)
                0x020139d0                __ssvfiscanf_r
 .text.stdio_exit_handler
                0x020153a8       0x20 C:/devkitPro/devkitARM/bin/../lib/gcc/arm-none-eabi/15.2.0/../../../../arm-none-eabi/lib/thumb\libg.a(libc_a-findfp.o)
 .text.cleanup_stdio
                0x020153c8       0x40 C:/devkitPro/devkitARM/bin/../lib/gcc/arm-none-eabi/15.2.0/../../../../arm-none-eabi/lib/thumb\libg.a(libc_a-findfp.o)
 .text.global_stdio_init.part.0
                0x02015408      0x120 C:/devkitPro/devkitARM/bin/../lib/gcc/arm-none-eabi/15.2.0/../../../../arm-none-eabi/lib/thumb\libg.a(libc_a-findfp.o)
 .text.__sfp    0x02015528       0xcc C:/devkitPro/devkitARM/bin/../lib/gcc/arm-none-eabi/15.2.0/../../../../arm-none-eabi/lib/thumb\libg.a(libc_a-findfp.o)
                0x02015528                __sfp
 .text.__sinit  0x020155f4       0x3c C:/devkitPro/devkitARM/bin/../lib/gcc/arm-none-eabi/15.2.0/../../../../arm-none-eabi/lib/thumb\libg.a(libc_a-findfp.o)
                0x020155f4                __sinit
 .text.__sfp_lock_acquire
                0x02015630       0x14 C:/devkitPro/devkitARM/bin/../lib/gcc/arm-none-eabi/15.2.0/../../../../arm-none-eabi/lib/thumb\libg.a(libc_a-findfp.o)
                0x02015630                __sfp_lock_acquire
 .text.__sfp_lock_release
                0x02015644       0x14 C:/devkitPro/devkitARM/bin/../lib/gcc/arm-none-eabi/15.2.0/../../../../arm-none-eabi/lib/thumb\libg.a(libc_a-findfp.o)
                0x02015644                __sfp_lock_release
 .text._strtol_l.part.0
                0x02015658      0x25c C:/devkitPro/devkitARM/bin/../lib/gcc/arm-none-eabi/15.2.0/../../../../arm-none-eabi/lib/thumb\libg.a(libc_a-strtol.o)
 .text._strtol_r
                0x020158b4       0x34 C:/devkitPro/devkitARM/bin/../lib/gcc/arm-none-eabi/15.2.0/../../../../arm-none-eabi/lib/thumb\libg.a(libc_a-strtol.o)
                0x020158b4                _strtol_r
 .text.__libc_init_array
                0x020158e8       0x54 C:/devkitPro/devkitARM/bin/../lib/gcc/arm-none-eabi/15.2.0/../../../../arm-none-eabi/lib/thumb\libg.a(libc_a-init.o)
                0x020158e8                __libc_init_array
 .text.strncpy  0x0201593c       0x68 C:/devkitPro/devkitARM/bin/../lib/gcc/arm-none-eabi/15.2.0/../../../../arm-none-eabi/lib/thumb\libg.a(libc_a-strncpy.o)
                0x0201593c                strncpy
 .text._fseek_r
                0x020159a4       0x14 C:/devkitPro/devkitARM/bin/../lib/gcc/arm-none-eabi/15.2.0/../../../../arm-none-eabi/lib/thumb\libg.a(libc_a-fseek.o)
                0x020159a4                _fseek_r
 .text.fseek    0x020159b8       0x24 C:/devkitPro/devkitARM/bin/../lib/gcc/arm-none-eabi/15.2.0/../../../../arm-none-eabi/lib/thumb\libg.a(libc_a-fseek.o)
                0x020159b8                fseek
 .text._tzset_unlocked
                0x020159dc       0x10 C:/devkitPro/devkitARM/bin/../lib/gcc/arm-none-eabi/15.2.0/../../../../arm-none-eabi/lib/thumb\libg.a(libc_a-tzset.o)
                0x020159dc                _tzset_unlocked
 .text.malloc   0x020159ec       0x28 C:/devkitPro/devkitARM/bin/../lib/gcc/arm-none-eabi/15.2.0/../../../../arm-none-eabi/lib/thumb\libg.a(libc_a-malloc.o)
                0x020159ec                malloc
 .text.free     0x02015a14       0x14 C:/devkitPro/devkitARM/bin/../lib/gcc/arm-none-eabi/15.2.0/../../../../arm-none-eabi/lib/thumb\libg.a(libc_a-malloc.o)
                0x02015a14                free
 .text.memchr   0x02015a28       0x74 C:/devkitPro/devkitARM/bin/../lib/gcc/arm-none-eabi/15.2.0/../../../../arm-none-eabi/lib/thumb\libg.a(libc_a-memchr-stub.o)
                0x02015a28                memchr
 .text.siscanf  0x02015a9c       0x50 C:/devkitPro/devkitARM/bin/../lib/gcc/arm-none-eabi/15.2.0/../../../../arm-none-eabi/lib/thumb\libg.a(libc_a-siscanf.o)
                0x02015a9c                siscanf
 .text.strrchr  0x02015aec       0x30 C:/devkitPro/devkitARM/bin/../lib/gcc/arm-none-eabi/15.2.0/../../../../arm-none-eabi/lib/thumb\libg.a(libc_a-strrchr.o)
                0x02015aec                strrchr
 .text.write    0x02015b1c       0x1c C:/devkitPro/devkitARM/bin/../lib/gcc/arm-none-eabi/15.2.0/../../../../arm-none-eabi/lib/thumb\libg.a(libc_a-syswrite.o)
                0x02015b1c                write
 .text.__swsetup_r
                0x02015b38       0xd4 C:/devkitPro/devkitARM/bin/../lib/gcc/arm-none-eabi/15.2.0/../../../../arm-none-eabi/lib/thumb\libg.a(libc_a-wsetup.o)
                0x02015b38                __swsetup_r
 .text.__gettzinfo
                0x02015c0c        0x8 C:/devkitPro/devkitARM/bin/../lib/gcc/arm-none-eabi/15.2.0/../../../../arm-none-eabi/lib/thumb\libg.a(libc_a-gettzinfo.o)
                0x02015c0c                __gettzinfo
 .text._findenv_r
                0x02015c14       0x94 C:/devkitPro/devkitARM/bin/../lib/gcc/arm-none-eabi/15.2.0/../../../../arm-none-eabi/lib/thumb\libg.a(libc_a-getenv_r.o)
                0x02015c14                _findenv_r
 .text._getenv_r
                0x02015ca8       0x10 C:/devkitPro/devkitARM/bin/../lib/gcc/arm-none-eabi/15.2.0/../../../../arm-none-eabi/lib/thumb\libg.a(libc_a-getenv_r.o)
                0x02015ca8                _getenv_r
 .text._localeconv_r
                0x02015cb8       0x20 C:/devkitPro/devkitARM/bin/../lib/gcc/arm-none-eabi/15.2.0/../../../../arm-none-eabi/lib/thumb\libg.a(libc_a-localeconv.o)
                0x02015cb8                _localeconv_r
 .text.__sread  0x02015cd8       0x34 C:/devkitPro/devkitARM/bin/../lib/gcc/arm-none-eabi/15.2.0/../../../../arm-none-eabi/lib/thumb\libg.a(libc_a-stdio.o)
                0x02015cd8                __sread
 .text.__seofread
                0x02015d0c        0x4 C:/devkitPro/devkitARM/bin/../lib/gcc/arm-none-eabi/15.2.0/../../../../arm-none-eabi/lib/thumb\libg.a(libc_a-stdio.o)
                0x02015d0c                __seofread
 .text.__swrite
                0x02015d10       0x4c C:/devkitPro/devkitARM/bin/../lib/gcc/arm-none-eabi/15.2.0/../../../../arm-none-eabi/lib/thumb\libg.a(libc_a-stdio.o)
                0x02015d10                __swrite
 .text.__sseek  0x02015d5c       0x3c C:/devkitPro/devkitARM/bin/../lib/gcc/arm-none-eabi/15.2.0/../../../../arm-none-eabi/lib/thumb\libg.a(libc_a-stdio.o)
                0x02015d5c                __sseek
 .text.__sclose
                0x02015d98       0x10 C:/devkitPro/devkitARM/bin/../lib/gcc/arm-none-eabi/15.2.0/../../../../arm-none-eabi/lib/thumb\libg.a(libc_a-stdio.o)
                0x02015d98                __sclose
 .text._realloc_r
                0x02015da8      0x344 C:/devkitPro/devkitARM/bin/../lib/gcc/arm-none-eabi/15.2.0/../../../../arm-none-eabi/lib/thumb\libg.a(libc_a-reallocr.o)
                0x02015da8                _realloc_r
 .text.iprintf  0x020160ec       0x28 C:/devkitPro/devkitARM/bin/../lib/gcc/arm-none-eabi/15.2.0/../../../../arm-none-eabi/lib/thumb\libg.a(libc_a-iprintf.o)
                0x020160ec                iprintf
 .text.__malloc_lock
                0x02016114       0x14 C:/devkitPro/devkitARM/bin/../lib/gcc/arm-none-eabi/15.2.0/../../../../arm-none-eabi/lib/thumb\libg.a(libc_a-mlock.o)
                0x02016114                __malloc_lock
 .text.__malloc_unlock
                0x02016128       0x14 C:/devkitPro/devkitARM/bin/../lib/gcc/arm-none-eabi/15.2.0/../../../../arm-none-eabi/lib/thumb\libg.a(libc_a-mlock.o)
                0x02016128                __malloc_unlock
 .text._fseeko_r
                0x0201613c      0x414 C:/devkitPro/devkitARM/bin/../lib/gcc/arm-none-eabi/15.2.0/../../../../arm-none-eabi/lib/thumb\libg.a(libc_a-fseeko.o)
                0x0201613c                _fseeko_r
 .text._fclose_r
                0x02016550       0xe0 C:/devkitPro/devkitARM/bin/../lib/gcc/arm-none-eabi/15.2.0/../../../../arm-none-eabi/lib/thumb\libg.a(libc_a-fclose.o)
                0x02016550                _fclose_r
 .text.fclose   0x02016630       0x14 C:/devkitPro/devkitARM/bin/../lib/gcc/arm-none-eabi/15.2.0/../../../../arm-none-eabi/lib/thumb\libg.a(libc_a-fclose.o)
                0x02016630                fclose
 .text.time     0x02016644       0x38 C:/devkitPro/devkitARM/bin/../lib/gcc/arm-none-eabi/15.2.0/../../../../arm-none-eabi/lib/thumb\libg.a(libc_a-time.o)
                0x02016644                time
 .text.fprintf  0x0201667c       0x28 C:/devkitPro/devkitARM/bin/../lib/gcc/arm-none-eabi/15.2.0/../../../../arm-none-eabi/lib/thumb\libg.a(libc_a-fprintf.o)
                0x0201667c                fprintf
 .text.__call_exitprocs
                0x020166a4        0xc C:/devkitPro/devkitARM/bin/../lib/gcc/arm-none-eabi/15.2.0/../../../../arm-none-eabi/lib/thumb\libg.a(libc_a-exit.o)
                0x020166a4                __call_exitprocs
 .text.get_arg  0x020166b0      0x404 C:/devkitPro/devkitARM/bin/../lib/gcc/arm-none-eabi/15.2.0/../../../../arm-none-eabi/lib/thumb\libg.a(libc_a-svfprintf.o)
 .text._svfprintf_r
                0x02016ab4     0x22e0 C:/devkitPro/devkitARM/bin/../lib/gcc/arm-none-eabi/15.2.0/../../../../arm-none-eabi/lib/thumb\libg.a(libc_a-svfprintf.o)
                0x02016ab4                _svfprintf_r
 .text.__sflags
                0x02018d94       0x98 C:/devkitPro/devkitARM/bin/../lib/gcc/arm-none-eabi/15.2.0/../../../../arm-none-eabi/lib/thumb\libg.a(libc_a-flags.o)
                0x02018d94                __sflags
 .text.__utf8_wctomb
                0x02018e2c       0xbc C:/devkitPro/devkitARM/bin/../lib/gcc/arm-none-eabi/15.2.0/../../../../arm-none-eabi/lib/thumb\libg.a(libc_a-wctomb_r.o)
                0x02018e2c                __utf8_wctomb
 .text.__libc_fini_array
                0x02018ee8       0x30 C:/devkitPro/devkitARM/bin/../lib/gcc/arm-none-eabi/15.2.0/../../../../arm-none-eabi/lib/thumb\libg.a(libc_a-fini.o)
                0x02018ee8                __libc_fini_array
 .text.strnlen  0x02018f18       0x20 C:/devkitPro/devkitARM/bin/../lib/gcc/arm-none-eabi/15.2.0/../../../../arm-none-eabi/lib/thumb\libg.a(libc_a-strnlen.o)
                0x02018f18                strnlen
 .text.gmtime_r
                0x02018f38      0x1b4 C:/devkitPro/devkitARM/bin/../lib/gcc/arm-none-eabi/15.2.0/../../../../arm-none-eabi/lib/thumb\libg.a(libc_a-gmtime_r.o)
                0x02018f38                gmtime_r
 .text.get_arg  0x020190ec      0x404 C:/devkitPro/devkitARM/bin/../lib/gcc/arm-none-eabi/15.2.0/../../../../arm-none-eabi/lib/thumb\libg.a(libc_a-vfiprintf.o)
 .text._vfiprintf_r
                0x020194f0     0x16d8 C:/devkitPro/devkitARM/bin/../lib/gcc/arm-none-eabi/15.2.0/../../../../arm-none-eabi/lib/thumb\libg.a(libc_a-vfiprintf.o)
                0x020194f0                _vfiprintf_r
 .text.__sbprintf
                0x0201abc8       0x7c C:/devkitPro/devkitARM/bin/../lib/gcc/arm-none-eabi/15.2.0/../../../../arm-none-eabi/lib/thumb\libg.a(libc_a-vfiprintf.o)
 .text.strncmp  0x0201ac44       0x70 C:/devkitPro/devkitARM/bin/../lib/gcc/arm-none-eabi/15.2.0/../../../../arm-none-eabi/lib/thumb\libg.a(libc_a-strncmp.o)
                0x0201ac44                strncmp
 .text._tzset_unlocked_r
                0x0201acb4      0x490 C:/devkitPro/devkitARM/bin/../lib/gcc/arm-none-eabi/15.2.0/../../../../arm-none-eabi/lib/thumb\libg.a(libc_a-tzset_r.o)
                0x0201acb4                _tzset_unlocked_r
 .text.lflush   0x0201b144       0x24 C:/devkitPro/devkitARM/bin/../lib/gcc/arm-none-eabi/15.2.0/../../../../arm-none-eabi/lib/thumb\libg.a(libc_a-refill.o)
 .text.__srefill_r
                0x0201b168      0x108 C:/devkitPro/devkitARM/bin/../lib/gcc/arm-none-eabi/15.2.0/../../../../arm-none-eabi/lib/thumb\libg.a(libc_a-refill.o)
                0x0201b168                __srefill_r
 .text.frexp    0x0201b270       0x74 C:/devkitPro/devkitARM/bin/../lib/gcc/arm-none-eabi/15.2.0/../../../../arm-none-eabi/lib/thumb\libg.a(libm_a-s_frexp.o)
                0x0201b270                frexp
 .text.__env_lock
                0x0201b2e4       0x14 C:/devkitPro/devkitARM/bin/../lib/gcc/arm-none-eabi/15.2.0/../../../../arm-none-eabi/lib/thumb\libg.a(libc_a-envlock.o)
                0x0201b2e4                __env_lock
 .text.__env_unlock
                0x0201b2f8       0x14 C:/devkitPro/devkitARM/bin/../lib/gcc/arm-none-eabi/15.2.0/../../../../arm-none-eabi/lib/thumb\libg.a(libc_a-envlock.o)
                0x0201b2f8                __env_unlock
 .text.__assert_func
                0x0201b30c       0x40 C:/devkitPro/devkitARM/bin/../lib/gcc/arm-none-eabi/15.2.0/../../../../arm-none-eabi/lib/thumb\libg.a(libc_a-assert.o)
                0x0201b30c                __assert_func
 .text.iswspace
                0x0201b34c       0x10 C:/devkitPro/devkitARM/bin/../lib/gcc/arm-none-eabi/15.2.0/../../../../arm-none-eabi/lib/thumb\libg.a(libc_a-iswspace.o)
                0x0201b34c                iswspace
 .text._Balloc  0x0201b35c       0x5c C:/devkitPro/devkitARM/bin/../lib/gcc/arm-none-eabi/15.2.0/../../../../arm-none-eabi/lib/thumb\libg.a(libc_a-mprec.o)
                0x0201b35c                _Balloc
 .text._Bfree   0x0201b3b8       0x14 C:/devkitPro/devkitARM/bin/../lib/gcc/arm-none-eabi/15.2.0/../../../../arm-none-eabi/lib/thumb\libg.a(libc_a-mprec.o)
                0x0201b3b8                _Bfree
 .text.__multadd
                0x0201b3cc       0xa8 C:/devkitPro/devkitARM/bin/../lib/gcc/arm-none-eabi/15.2.0/../../../../arm-none-eabi/lib/thumb\libg.a(libc_a-mprec.o)
                0x0201b3cc                __multadd
 .text.__hi0bits
                0x0201b474       0x60 C:/devkitPro/devkitARM/bin/../lib/gcc/arm-none-eabi/15.2.0/../../../../arm-none-eabi/lib/thumb\libg.a(libc_a-mprec.o)
                0x0201b474                __hi0bits
 .text.__lo0bits
                0x0201b4d4       0x8c C:/devkitPro/devkitARM/bin/../lib/gcc/arm-none-eabi/15.2.0/../../../../arm-none-eabi/lib/thumb\libg.a(libc_a-mprec.o)
                0x0201b4d4                __lo0bits
 .text.__i2b    0x0201b560       0x64 C:/devkitPro/devkitARM/bin/../lib/gcc/arm-none-eabi/15.2.0/../../../../arm-none-eabi/lib/thumb\libg.a(libc_a-mprec.o)
                0x0201b560                __i2b
 .text.__multiply
                0x0201b5c4      0x1b4 C:/devkitPro/devkitARM/bin/../lib/gcc/arm-none-eabi/15.2.0/../../../../arm-none-eabi/lib/thumb\libg.a(libc_a-mprec.o)
                0x0201b5c4                __multiply
 .text.__pow5mult
                0x0201b778       0xd8 C:/devkitPro/devkitARM/bin/../lib/gcc/arm-none-eabi/15.2.0/../../../../arm-none-eabi/lib/thumb\libg.a(libc_a-mprec.o)
                0x0201b778                __pow5mult
 .text.__lshift
                0x0201b850       0xf8 C:/devkitPro/devkitARM/bin/../lib/gcc/arm-none-eabi/15.2.0/../../../../arm-none-eabi/lib/thumb\libg.a(libc_a-mprec.o)
                0x0201b850                __lshift
 .text.__mcmp   0x0201b948       0x50 C:/devkitPro/devkitARM/bin/../lib/gcc/arm-none-eabi/15.2.0/../../../../arm-none-eabi/lib/thumb\libg.a(libc_a-mprec.o)
                0x0201b948                __mcmp
 .text.__mdiff  0x0201b998      0x1a4 C:/devkitPro/devkitARM/bin/../lib/gcc/arm-none-eabi/15.2.0/../../../../arm-none-eabi/lib/thumb\libg.a(libc_a-mprec.o)
                0x0201b998                __mdiff
 .text.__d2b    0x0201bb3c       0xd4 C:/devkitPro/devkitARM/bin/../lib/gcc/arm-none-eabi/15.2.0/../../../../arm-none-eabi/lib/thumb\libg.a(libc_a-mprec.o)
                0x0201bb3c                __d2b
 .text._fwalk_sglue
                0x0201bc10       0x4c C:/devkitPro/devkitARM/bin/../lib/gcc/arm-none-eabi/15.2.0/../../../../arm-none-eabi/lib/thumb\libg.a(libc_a-fwalk.o)
                0x0201bc10                _fwalk_sglue
 .text.get_arg  0x0201bc5c      0x404 C:/devkitPro/devkitARM/bin/../lib/gcc/arm-none-eabi/15.2.0/../../../../arm-none-eabi/lib/thumb\libg.a(libc_a-vfprintf.o)
 .text._vfprintf_r
                0x0201c060     0x2394 C:/devkitPro/devkitARM/bin/../lib/gcc/arm-none-eabi/15.2.0/../../../../arm-none-eabi/lib/thumb\libg.a(libc_a-vfprintf.o)
                0x0201c060                _vfprintf_r
 .text.__sbprintf
                0x0201e3f4       0x7c C:/devkitPro/devkitARM/bin/../lib/gcc/arm-none-eabi/15.2.0/../../../../arm-none-eabi/lib/thumb\libg.a(libc_a-vfprintf.o)
 .text.div      0x0201e470       0x18 C:/devkitPro/devkitARM/bin/../lib/gcc/arm-none-eabi/15.2.0/../../../../arm-none-eabi/lib/thumb\libg.a(libc_a-div.o)
                0x0201e470                div
 .text._wcrtomb_r
                0x0201e488       0x88 C:/devkitPro/devkitARM/bin/../lib/gcc/arm-none-eabi/15.2.0/../../../../arm-none-eabi/lib/thumb\libg.a(libc_a-wcrtomb.o)
                0x0201e488                _wcrtomb_r
 .text.__submore
                0x0201e510       0x7c C:/devkitPro/devkitARM/bin/../lib/gcc/arm-none-eabi/15.2.0/../../../../arm-none-eabi/lib/thumb\libg.a(libc_a-ungetc.o)
                0x0201e510                __submore
 .text.__ssprint_r
                0x0201e58c       0x60 C:/devkitPro/devkitARM/bin/../lib/gcc/arm-none-eabi/15.2.0/../../../../arm-none-eabi/lib/thumb\libg.a(libc_a-ssprint_r.o)
                0x0201e58c                __ssprint_r
 .text.__utf8_mbtowc
                0x0201e5ec      0x24c C:/devkitPro/devkitARM/bin/../lib/gcc/arm-none-eabi/15.2.0/../../../../arm-none-eabi/lib/thumb\libg.a(libc_a-mbtowc_r.o)
                0x0201e5ec                __utf8_mbtowc
 .text.fiprintf
                0x0201e838       0x28 C:/devkitPro/devkitARM/bin/../lib/gcc/arm-none-eabi/15.2.0/../../../../arm-none-eabi/lib/thumb\libg.a(libc_a-fiprintf.o)
                0x0201e838                fiprintf
 .text.__sfvwrite_r
                0x0201e860      0x31c C:/devkitPro/devkitARM/bin/../lib/gcc/arm-none-eabi/15.2.0/../../../../arm-none-eabi/lib/thumb\libg.a(libc_a-fvwrite.o)
                0x0201e860                __sfvwrite_r
 .text.__tz_lock
                0x0201eb7c       0x14 C:/devkitPro/devkitARM/bin/../lib/gcc/arm-none-eabi/15.2.0/../../../../arm-none-eabi/lib/thumb\libg.a(libc_a-tzlock.o)
                0x0201eb7c                __tz_lock
 .text.__tz_unlock
                0x0201eb90       0x14 C:/devkitPro/devkitARM/bin/../lib/gcc/arm-none-eabi/15.2.0/../../../../arm-none-eabi/lib/thumb\libg.a(libc_a-tzlock.o)
                0x0201eb90                __tz_unlock
 .text.abort    0x0201eba4       0x10 C:/devkitPro/devkitARM/bin/../lib/gcc/arm-none-eabi/15.2.0/../../../../arm-none-eabi/lib/thumb\libg.a(libc_a-abort.o)
                0x0201eba4                abort
 .text.strcpy   0x0201ebb4       0x10 C:/devkitPro/devkitARM/bin/../lib/gcc/arm-none-eabi/15.2.0/../../../../arm-none-eabi/lib/thumb\libg.a(libc_a-strcpy.o)
                0x0201ebb4                strcpy
 .text.__sflush_r
                0x0201ebc4      0x180 C:/devkitPro/devkitARM/bin/../lib/gcc/arm-none-eabi/15.2.0/../../../../arm-none-eabi/lib/thumb\libg.a(libc_a-fflush.o)
                0x0201ebc4                __sflush_r
 .text._fflush_r
                0x0201ed44       0x70 C:/devkitPro/devkitARM/bin/../lib/gcc/arm-none-eabi/15.2.0/../../../../arm-none-eabi/lib/thumb\libg.a(libc_a-fflush.o)
                0x0201ed44                _fflush_r
 .text.__sprint_r
                0x0201edb4       0x24 C:/devkitPro/devkitARM/bin/../lib/gcc/arm-none-eabi/15.2.0/../../../../arm-none-eabi/lib/thumb\libg.a(libc_a-sprint_r.o)
                0x0201edb4                __sprint_r
 .text.quorem   0x0201edd8      0x160 C:/devkitPro/devkitARM/bin/../lib/gcc/arm-none-eabi/15.2.0/../../../../arm-none-eabi/lib/thumb\libg.a(libc_a-dtoa.o)
 .text._dtoa_r  0x0201ef38     0x10a0 C:/devkitPro/devkitARM/bin/../lib/gcc/arm-none-eabi/15.2.0/../../../../arm-none-eabi/lib/thumb\libg.a(libc_a-dtoa.o)
                0x0201ef38                _dtoa_r
 .text._wcsrtombs_r
                0x0201ffd8       0x20 C:/devkitPro/devkitARM/bin/../lib/gcc/arm-none-eabi/15.2.0/../../../../arm-none-eabi/lib/thumb\libg.a(libc_a-wcsrtombs.o)
                0x0201ffd8                _wcsrtombs_r
 .text.memmove  0x0201fff8      0x108 C:/devkitPro/devkitARM/bin/../lib/gcc/arm-none-eabi/15.2.0/../../../../arm-none-eabi/lib/thumb\libg.a(libc_a-memmove.o)
                0x0201fff8                memmove
 .text.iswspace_l
                0x02020100       0x28 C:/devkitPro/devkitARM/bin/../lib/gcc/arm-none-eabi/15.2.0/../../../../arm-none-eabi/lib/thumb\libg.a(libc_a-iswspace_l.o)
                0x02020100                iswspace_l
 .text.__ssputs_r
                0x02020128       0xd4 C:/devkitPro/devkitARM/bin/../lib/gcc/arm-none-eabi/15.2.0/../../../../arm-none-eabi/lib/thumb\libg.a(libc_a-ssputs_r.o)
                0x02020128                __ssputs_r
 .text._wcsnrtombs_l
                0x020201fc      0x120 C:/devkitPro/devkitARM/bin/../lib/gcc/arm-none-eabi/15.2.0/../../../../arm-none-eabi/lib/thumb\libg.a(libc_a-wcsnrtombs.o)
                0x020201fc                _wcsnrtombs_l
 .text._wcsnrtombs_r
                0x0202031c       0x40 C:/devkitPro/devkitARM/bin/../lib/gcc/arm-none-eabi/15.2.0/../../../../arm-none-eabi/lib/thumb\libg.a(libc_a-wcsnrtombs.o)
                0x0202031c                _wcsnrtombs_r
 .text._raise_r
                0x0202035c       0x60 C:/devkitPro/devkitARM/bin/../lib/gcc/arm-none-eabi/15.2.0/../../../../arm-none-eabi/lib/thumb\libg.a(libc_a-signal.o)
                0x0202035c                _raise_r
 .text.raise    0x020203bc       0x14 C:/devkitPro/devkitARM/bin/../lib/gcc/arm-none-eabi/15.2.0/../../../../arm-none-eabi/lib/thumb\libg.a(libc_a-signal.o)
                0x020203bc                raise
 .text.category
                0x020203d0       0x5c C:/devkitPro/devkitARM/bin/../lib/gcc/arm-none-eabi/15.2.0/../../../../arm-none-eabi/lib/thumb\libg.a(libc_a-categories.o)
                0x020203d0                category
 .text._exit    0x0202042c       0x14 C:/devkitPro/devkitARM/bin/../lib/gcc/arm-none-eabi/15.2.0/../../../../arm-none-eabi/lib/thumb\libsysbase.a(libsysbase_libsysbase_a-_exit.o)
                0x0202042c                _exit
 .text.chdir    0x02020440       0xe4 C:/devkitPro/devkitARM/bin/../lib/gcc/arm-none-eabi/15.2.0/../../../../arm-none-eabi/lib/thumb\libsysbase.a(libsysbase_libsysbase_a-chdir.o)
                0x02020440                chdir
 .text._concatenate_path
                0x02020524      0x134 C:/devkitPro/devkitARM/bin/../lib/gcc/arm-none-eabi/15.2.0/../../../../arm-none-eabi/lib/thumb\libsysbase.a(libsysbase_libsysbase_a-concatenate.o)
                0x02020524                _concatenate_path
 .text.__dirnext
                0x02020658       0x4c C:/devkitPro/devkitARM/bin/../lib/gcc/arm-none-eabi/15.2.0/../../../../arm-none-eabi/lib/thumb\libsysbase.a(libsysbase_libsysbase_a-dirent.o)
 .text.opendir  0x020206a4       0xc0 C:/devkitPro/devkitARM/bin/../lib/gcc/arm-none-eabi/15.2.0/../../../../arm-none-eabi/lib/thumb\libsysbase.a(libsysbase_libsysbase_a-dirent.o)
                0x020206a4                opendir
 .text.closedir
                0x02020764       0x70 C:/devkitPro/devkitARM/bin/../lib/gcc/arm-none-eabi/15.2.0/../../../../arm-none-eabi/lib/thumb\libsysbase.a(libsysbase_libsysbase_a-dirent.o)
                0x02020764                closedir
 .text.readdir_r
                0x020207d4       0x8c C:/devkitPro/devkitARM/bin/../lib/gcc/arm-none-eabi/15.2.0/../../../../arm-none-eabi/lib/thumb\libsysbase.a(libsysbase_libsysbase_a-dirent.o)
                0x020207d4                readdir_r
 .text.readdir  0x02020860       0x28 C:/devkitPro/devkitARM/bin/../lib/gcc/arm-none-eabi/15.2.0/../../../../arm-none-eabi/lib/thumb\libsysbase.a(libsysbase_libsysbase_a-dirent.o)
                0x02020860                readdir
 .text._fstat_r
                0x02020888       0x5c C:/devkitPro/devkitARM/bin/../lib/gcc/arm-none-eabi/15.2.0/../../../../arm-none-eabi/lib/thumb\libsysbase.a(libsysbase_libsysbase_a-fstat.o)
                0x02020888                _fstat_r
 .text._getpid_r
                0x020208e4        0xc C:/devkitPro/devkitARM/bin/../lib/gcc/arm-none-eabi/15.2.0/../../../../arm-none-eabi/lib/thumb\libsysbase.a(libsysbase_libsysbase_a-getpid.o)
                0x020208e4                _getpid_r
 .text.__getreent
                0x020208f0       0x20 C:/devkitPro/devkitARM/bin/../lib/gcc/arm-none-eabi/15.2.0/../../../../arm-none-eabi/lib/thumb\libsysbase.a(libsysbase_libsysbase_a-getreent.o)
                0x020208f0                __getreent
 .text._gettimeofday_r
                0x02020910       0x20 C:/devkitPro/devkitARM/bin/../lib/gcc/arm-none-eabi/15.2.0/../../../../arm-none-eabi/lib/thumb\libsysbase.a(libsysbase_libsysbase_a-gettod.o)
                0x02020910                _gettimeofday_r
 .text.__release_handle
                0x02020930       0x6c C:/devkitPro/devkitARM/bin/../lib/gcc/arm-none-eabi/15.2.0/../../../../arm-none-eabi/lib/thumb\libsysbase.a(libsysbase_libsysbase_a-handle_manager.o)
                0x02020930                __release_handle
 .text.__alloc_handle
                0x0202099c       0x7c C:/devkitPro/devkitARM/bin/../lib/gcc/arm-none-eabi/15.2.0/../../../../arm-none-eabi/lib/thumb\libsysbase.a(libsysbase_libsysbase_a-handle_manager.o)
                0x0202099c                __alloc_handle
 .text.__get_handle
                0x02020a18       0x34 C:/devkitPro/devkitARM/bin/../lib/gcc/arm-none-eabi/15.2.0/../../../../arm-none-eabi/lib/thumb\libsysbase.a(libsysbase_libsysbase_a-handle_manager.o)
                0x02020a18                __get_handle
 .text._close_r
                0x02020a4c       0xb0 C:/devkitPro/devkitARM/bin/../lib/gcc/arm-none-eabi/15.2.0/../../../../arm-none-eabi/lib/thumb\libsysbase.a(libsysbase_libsysbase_a-handle_manager.o)
                0x02020a4c                _close_r
 .text.null_write
                0x02020afc        0x4 C:/devkitPro/devkitARM/bin/../lib/gcc/arm-none-eabi/15.2.0/../../../../arm-none-eabi/lib/thumb\libsysbase.a(libsysbase_libsysbase_a-iosupport.o)
 .text.setDefaultDevice
                0x02020b00       0x10 C:/devkitPro/devkitARM/bin/../lib/gcc/arm-none-eabi/15.2.0/../../../../arm-none-eabi/lib/thumb\libsysbase.a(libsysbase_libsysbase_a-iosupport.o)
                0x02020b00                setDefaultDevice
 .text.FindDevice
                0x02020b10       0x64 C:/devkitPro/devkitARM/bin/../lib/gcc/arm-none-eabi/15.2.0/../../../../arm-none-eabi/lib/thumb\libsysbase.a(libsysbase_libsysbase_a-iosupport.o)
                0x02020b10                FindDevice
 .text.AddDevice
                0x02020b74       0x68 C:/devkitPro/devkitARM/bin/../lib/gcc/arm-none-eabi/15.2.0/../../../../arm-none-eabi/lib/thumb\libsysbase.a(libsysbase_libsysbase_a-iosupport.o)
                0x02020b74                AddDevice
 .text.GetDeviceOpTab
                0x02020bdc       0x20 C:/devkitPro/devkitARM/bin/../lib/gcc/arm-none-eabi/15.2.0/../../../../arm-none-eabi/lib/thumb\libsysbase.a(libsysbase_libsysbase_a-iosupport.o)
                0x02020bdc                GetDeviceOpTab
 .text._isatty_r
                0x02020bfc        0x4 C:/devkitPro/devkitARM/bin/../lib/gcc/arm-none-eabi/15.2.0/../../../../arm-none-eabi/lib/thumb\libsysbase.a(libsysbase_libsysbase_a-isatty.o)
                0x02020bfc                _isatty_r
 .text._kill_r  0x02020c00        0xc C:/devkitPro/devkitARM/bin/../lib/gcc/arm-none-eabi/15.2.0/../../../../arm-none-eabi/lib/thumb\libsysbase.a(libsysbase_libsysbase_a-kill.o)
                0x02020c00                _kill_r
 .text._lseek_r
                0x02020c0c       0x64 C:/devkitPro/devkitARM/bin/../lib/gcc/arm-none-eabi/15.2.0/../../../../arm-none-eabi/lib/thumb\libsysbase.a(libsysbase_libsysbase_a-lseek.o)
                0x02020c0c                _lseek_r
 .text._open_r  0x02020c70       0x8c C:/devkitPro/devkitARM/bin/../lib/gcc/arm-none-eabi/15.2.0/../../../../arm-none-eabi/lib/thumb\libsysbase.a(libsysbase_libsysbase_a-open.o)
                0x02020c70                _open_r
 .text._read_r  0x02020cfc       0x5c C:/devkitPro/devkitARM/bin/../lib/gcc/arm-none-eabi/15.2.0/../../../../arm-none-eabi/lib/thumb\libsysbase.a(libsysbase_libsysbase_a-read.o)
                0x02020cfc                _read_r
 .text._rmdir_r
                0x02020d58       0x50 C:/devkitPro/devkitARM/bin/../lib/gcc/arm-none-eabi/15.2.0/../../../../arm-none-eabi/lib/thumb\libsysbase.a(libsysbase_libsysbase_a-rmdir.o)
                0x02020d58                _rmdir_r
 .text._sbrk_r  0x02020da8       0x50 C:/devkitPro/devkitARM/bin/../lib/gcc/arm-none-eabi/15.2.0/../../../../arm-none-eabi/lib/thumb\libsysbase.a(libsysbase_libsysbase_a-sbrk.o)
                0x02020da8                _sbrk_r
 .text.__libc_lock_acquire
                0x02020df8       0x18 C:/devkitPro/devkitARM/bin/../lib/gcc/arm-none-eabi/15.2.0/../../../../arm-none-eabi/lib/thumb\libsysbase.a(libsysbase_libsysbase_a-syscall_support.o)
                0x02020df8                __libc_lock_acquire
 .text.__libc_lock_release
                0x02020e10       0x18 C:/devkitPro/devkitARM/bin/../lib/gcc/arm-none-eabi/15.2.0/../../../../arm-none-eabi/lib/thumb\libsysbase.a(libsysbase_libsysbase_a-syscall_support.o)
                0x02020e10                __libc_lock_release
 .text.__libc_lock_acquire_recursive
                0x02020e28       0x18 C:/devkitPro/devkitARM/bin/../lib/gcc/arm-none-eabi/15.2.0/../../../../arm-none-eabi/lib/thumb\libsysbase.a(libsysbase_libsysbase_a-syscall_support.o)
                0x02020e28                __libc_lock_acquire_recursive
 .text.__libc_lock_release_recursive
                0x02020e40       0x18 C:/devkitPro/devkitARM/bin/../lib/gcc/arm-none-eabi/15.2.0/../../../../arm-none-eabi/lib/thumb\libsysbase.a(libsysbase_libsysbase_a-syscall_support.o)
                0x02020e40                __libc_lock_release_recursive
 .text._unlink_r
                0x02020e58       0x50 C:/devkitPro/devkitARM/bin/../lib/gcc/arm-none-eabi/15.2.0/../../../../arm-none-eabi/lib/thumb\libsysbase.a(libsysbase_libsysbase_a-unlink.o)
                0x02020e58                _unlink_r
 .text._write_r
                0x02020ea8       0x5c C:/devkitPro/devkitARM/bin/../lib/gcc/arm-none-eabi/15.2.0/../../../../arm-none-eabi/lib/thumb\libsysbase.a(libsysbase_libsysbase_a-write.o)
                0x02020ea8                _write_r
 .text          0x02020f04       0x14 C:/devkitPro/devkitARM/bin/../lib/gcc/arm-none-eabi/15.2.0/thumb\libgcc.a(_thumb1_case_uqi.o)
                0x02020f04                __gnu_thumb1_case_uqi
 .text          0x02020f18       0x14 C:/devkitPro/devkitARM/bin/../lib/gcc/arm-none-eabi/15.2.0/thumb\libgcc.a(_thumb1_case_uhi.o)
                0x02020f18                __gnu_thumb1_case_uhi
 .text          0x02020f2c      0x424 C:/devkitPro/devkitARM/bin/../lib/gcc/arm-none-eabi/15.2.0/thumb\libgcc.a(_arm_addsubdf3.o)
                0x02020f2c                __aeabi_drsub
                0x02020f34                __aeabi_dsub
                0x02020f34                __subdf3
                0x02020f38                __aeabi_dadd
                0x02020f38                __adddf3
                0x02021248                __floatunsidf
                0x02021248                __aeabi_ui2d
                0x0202126c                __floatsidf
                0x0202126c                __aeabi_i2d
                0x02021294                __aeabi_f2d
                0x02021294                __extendsfdf2
                0x020212dc                __floatundidf
                0x020212dc                __aeabi_ul2d
                0x020212f0                __floatdidf
                0x020212f0                __aeabi_l2d
 .text          0x02021350      0x49c C:/devkitPro/devkitARM/bin/../lib/gcc/arm-none-eabi/15.2.0/thumb\libgcc.a(_arm_muldivdf3.o)
                0x02021350                __aeabi_dmul
                0x02021350                __muldf3
                0x020215e0                __divdf3
                0x020215e0                __aeabi_ddiv
 .text          0x020217ec      0x144 C:/devkitPro/devkitARM/bin/../lib/gcc/arm-none-eabi/15.2.0/thumb\libgcc.a(_arm_cmpdf2.o)
                0x020217ec                __gtdf2
                0x020217ec                __gedf2
                0x020217f4                __ltdf2
                0x020217f4                __ledf2
                0x020217fc                __nedf2
                0x020217fc                __eqdf2
                0x020217fc                __cmpdf2
                0x02021884                __aeabi_cdrcmple
                0x020218a0                __aeabi_cdcmpeq
                0x020218a0                __aeabi_cdcmple
                0x020218b8                __aeabi_dcmpeq
                0x020218d0                __aeabi_dcmplt
                0x020218e8                __aeabi_dcmple
                0x02021900                __aeabi_dcmpge
                0x02021918                __aeabi_dcmpgt
 .text          0x02021930       0x38 C:/devkitPro/devkitARM/bin/../lib/gcc/arm-none-eabi/15.2.0/thumb\libgcc.a(_arm_unorddf2.o)
                0x02021930                __unorddf2
                0x02021930                __aeabi_dcmpun
 .text          0x02021968       0x5c C:/devkitPro/devkitARM/bin/../lib/gcc/arm-none-eabi/15.2.0/thumb\libgcc.a(_arm_fixdfsi.o)
                0x02021968                __aeabi_d2iz
                0x02021968                __fixdfsi
 EXCLUDE_FILE(*.twl.*) *(.glue_7t .glue_7 .vfp11_veneer .v4_bx)
 .glue_7        0x020219c4        0x0 linker stubs
 .glue_7t       0x020219c4        0x0 linker stubs
 .vfp11_veneer  0x020219c4        0x0 linker stubs
 .v4_bx         0x020219c4        0x0 linker stubs
 *(SORT_NONE(.fini))
 .fini          0x020219c4        0x4 C:/devkitPro/devkitARM/bin/../lib/gcc/arm-none-eabi/15.2.0/thumb/crti.o
                0x020219c4                _fini
 .fini          0x020219c8        0x8 C:/devkitPro/devkitARM/bin/../lib/gcc/arm-none-eabi/15.2.0/thumb/crtn.o
 .fini.__stub   0x020219d0       0x28 linker stubs
 EXCLUDE_FILE(*.twl.*) *(.rodata .rodata.* .gnu.linkonce.r.*)
 .rodata.draw_startup_message.str1.4
                0x020219f8     0x151c main.o
                                 0x2f (size before relaxing)
 .rodata.run_menu_mode.str1.4
                0x02022f14        0x0 main.o
                                  0xd (size before relaxing)
 .rodata.test_save_results.part.0.constprop.0.str1.4
                0x02022f14        0x0 main.o
                                0x117 (size before relaxing)
 .rodata.boot_demo.constprop.0.str1.4
                0x02022f14        0x0 main.o
                                 0x3f (size before relaxing)
 .rodata.read_file.constprop.0.str1.4
                0x02022f14        0x0 main.o
                                  0x3 (size before relaxing)
 .rodata.draw_state.constprop.0.str1.4
                0x02022f14        0x0 main.o
                                0x26f (size before relaxing)
 .rodata.main.str1.4
                0x02022f14        0x0 main.o
                                0x3b3 (size before relaxing)
 .rodata.str1.4
                0x02022f14        0x0 main.o
                                 0xde (size before relaxing)
 .rodata.candidate_paths.0
                0x02022f14        0xc main.o
 .rodata.bios_paths.1
                0x02022f20       0x24 main.o
 .rodata.psx_use_internal_ram.str1.4
                0x02022f44        0x0 psx.o
                                  0x9 (size before relaxing)
 .rodata.psx_use_slot2_ram.str1.4
                0x02022f44        0x0 psx.o
                                  0xa (size before relaxing)
 .rodata.psx_reset.str1.4
                0x02022f44        0x0 psx.o
                                  0xd (size before relaxing)
 .rodata.psx_load_demo.str1.4
                0x02022f44        0x0 psx.o
                                  0xc (size before relaxing)
 .rodata.psx_load_bios.str1.4
                0x02022f44        0x0 psx.o
                                  0xc (size before relaxing)
 .rodata.psx_boot_bios.str1.4
                0x02022f44        0x0 psx.o
                                  0xd (size before relaxing)
 .rodata.psx_load_raw_bin.str1.4
                0x02022f44        0x0 psx.o
                                 0x37 (size before relaxing)
 .rodata.psx_step.str1.4
                0x02022f44        0x0 psx.o
                                0x4cf (size before relaxing)
 .rodata.psx_step
                0x02022f44      0x368 psx.o
 .rodata.demo_program.0
                0x020232ac       0x1c psx.o
 .rodata.str1.4
                0x020232c8        0x0 psx.o
                                 0x7f (size before relaxing)
 .rodata.psx_reg_names
                0x020232c8       0x80 psx.o
 .rodata.cdrom_exec_command
                0x02023348       0x40 psx_cdrom.o
 .rodata.debug_init.str1.4
                0x02023388        0x0 psx_debug.o
                                 0x2f (size before relaxing)
 .rodata.debug_save.str1.4
                0x02023388        0x0 psx_debug.o